******************************************************************************
                  TI ARM Linker PC v18.1.1                     
******************************************************************************
>> Linked Sun Apr  8 21:21:58 2018

OUTPUT FILE NAME:   <hw5freertosQuestion4.out>
ENTRY POINT SYMBOL: "_c_int00_noargs"  address: 00005891


MEMORY CONFIGURATION

         name            origin    length      used     unused   attr    fill
----------------------  --------  ---------  --------  --------  ----  --------
  FLASH                 00000000   00100000  00005ed2  000fa12e  R  X
  SRAM                  20000000   00040000  0000dc7c  00032384  RW X


SEGMENT ALLOCATION MAP

run origin  load origin   length   init length attrs members
----------  ----------- ---------- ----------- ----- -------
00000000    00000000    00005ed8   00005ed8    r-x
  00000000    00000000    00000208   00000208    r-- .intvecs
  00000208    00000208    000058a6   000058a6    r-x .text
  00005ab0    00005ab0    000003ec   000003ec    r-- .const
  00005ea0    00005ea0    00000038   00000038    r-- .cinit
20000000    20000000    0000dc84   00000000    rw-
  20000000    20000000    0000c49c   00000000    rw- .bss
  2000c4a0    2000c4a0    0000157c   00000000    rw- .sysmem
  2000da20    2000da20    00000200   00000000    rw- .stack
  2000dc20    2000dc20    00000064   00000000    rw- .data


SECTION ALLOCATION MAP

 output                                  attributes/
section   page    origin      length       input sections
--------  ----  ----------  ----------   ----------------
.intvecs   0    00000000    00000208     
                  00000000    00000208     tm4c1294ncpdt_startup_ccs.obj (.intvecs)

.text      0    00000208    000058a6     
                  00000208    000018bc     tasks.obj (.text)
                  00001ac4    00000d04     queue.obj (.text)
                  000027c8    00000a5e     rtsv7M4_T_le_v4SPD16_eabi.lib : _printfi.c.obj (.text:__TI_printfi)
                  00003226    00000002                                   : div0.asm.obj (.text)
                  00003228    00000594     timers.obj (.text)
                  000037bc    00000438     main.obj (.text)
                  00003bf4    000002bc     heap_4.obj (.text)
                  00003eb0    00000270     rtsv7M4_T_le_v4SPD16_eabi.lib : _printfi.c.obj (.text:_pconv_a)
                  00004120    00000200     driverlib.lib : sysctl.obj (.text:SysCtlClockFreqSet)
                  00004320    000001d0     rtsv7M4_T_le_v4SPD16_eabi.lib : _printfi.c.obj (.text:_pconv_g)
                  000044f0    000001b6                                   : fd_add_t2.asm.obj (.text)
                  000046a6    00000002     --HOLE-- [fill = 0]
                  000046a8    0000013c                                   : _printfi.c.obj (.text:_pconv_e)
                  000047e4    0000013c     port.obj (.text)
                  00004920    00000136     rtsv7M4_T_le_v4SPD16_eabi.lib : fd_div_t2.asm.obj (.text)
                  00004a56    00000132     driverlib.lib : gpio.obj (.text:GPIOPadConfigSet)
                  00004b88    0000012a     list.obj (.text)
                  00004cb2    00000002     --HOLE-- [fill = 0]
                  00004cb4    00000120     rtsv7M4_T_le_v4SPD16_eabi.lib : _printfi.c.obj (.text:fcvt)
                  00004dd4    00000110                                   : s_scalbn.c.obj (.text:scalbn)
                  00004ee4    000000fc                                   : fd_mul_t2.asm.obj (.text)
                  00004fe0    000000da     portasm.obj (.text)
                  000050ba    00000002     --HOLE-- [fill = 0]
                  000050bc    000000b1     rtsv7M4_T_le_v4SPD16_eabi.lib : _printfi.c.obj (.text:_ltostr)
                  0000516d    00000001     --HOLE-- [fill = 0]
                  0000516e    0000009c                                   : memcpy_t2.asm.obj (.text)
                  0000520a    00000096                                   : ull_div_t2.asm.obj (.text)
                  000052a0    00000086                                   : fd_cmp_t2.asm.obj (.text:__aeabi_cdcmple)
                  00005326    00000086                                   : fd_cmp_t2.asm.obj (.text:__aeabi_cdrcmple)
                  000053ac    0000007a                                   : memset_t2.asm.obj (.text)
                  00005426    0000006e                                   : _printfi.c.obj (.text:_mcpy)
                  00005494    00000068                                   : copy_decompress_lzss.c.obj (.text:decompress:lzss:__TI_decompress_lzss)
                  000054fc    00000064                                   : s_frexp.c.obj (.text:frexp)
                  00005560    00000056                                   : _printfi.c.obj (.text:_pconv_f)
                  000055b6    00000054                                   : ltoa.c.obj (.text:ltoa)
                  0000560a    00000052                                   : _printfi.c.obj (.text:_ecpy)
                  0000565c    0000004c     driverlib.lib : gpio.obj (.text:GPIOPinConfigure)
                  000056a8    0000004c     rtsv7M4_T_le_v4SPD16_eabi.lib : atoi.c.obj (.text:atoi)
                  000056f4    00000048     driverlib.lib : sysctl.obj (.text:_SysCtlFrequencyGet)
                  0000573c    00000048     rtsv7M4_T_le_v4SPD16_eabi.lib : fd_toi_t2.asm.obj (.text)
                  00005784    00000046     driverlib.lib : uart.obj (.text:UARTConfigSetExpClk)
                  000057ca    00000002     --HOLE-- [fill = 0]
                  000057cc    00000044     rtsv7M4_T_le_v4SPD16_eabi.lib : autoinit.c.obj (.text:__TI_auto_init_nobinit_nopinit:__TI_auto_init_nobinit_nopinit)
                  00005810    00000040                                   : sprintf.c.obj (.text:sprintf)
                  00005850    0000003e                                   : _printfi.c.obj (.text:_fcpy)
                  0000588e    00000002     --HOLE-- [fill = 0]
                  00005890    00000038                                   : boot_cortex_m.c.obj (.text:_c_int00_noargs:_c_int00_noargs)
                  000058c8    00000034     driverlib.lib : sysctl.obj (.text:SysCtlPeripheralEnable)
                  000058fc    0000002e     rtsv7M4_T_le_v4SPD16_eabi.lib : i_tofd_t2.asm.obj (.text)
                  0000592a    0000002c     driverlib.lib : gpio.obj (.text:GPIODirModeSet)
                  00005956    00000002     --HOLE-- [fill = 0]
                  00005958    00000020                   : uart.obj (.text:UARTDisable)
                  00005978    00000020                   : sysctl.obj (.text:_SysCtlMemTimingGet)
                  00005998    0000001c     rtsv7M4_T_le_v4SPD16_eabi.lib : memccpy.c.obj (.text:memccpy)
                  000059b4    00000018     driverlib.lib : gpio.obj (.text:GPIOPinTypeGPIOOutput)
                  000059cc    00000018     rtsv7M4_T_le_v4SPD16_eabi.lib : sprintf.c.obj (.text:_outs)
                  000059e4    00000016     driverlib.lib : gpio.obj (.text:GPIOPinTypeUART)
                  000059fa    00000016     rtsv7M4_T_le_v4SPD16_eabi.lib : strchr.c.obj (.text:strchr)
                  00005a10    00000014     driverlib.lib : uart.obj (.text:UARTEnable)
                  00005a24    00000014     rtsv7M4_T_le_v4SPD16_eabi.lib : s_copysign.c.obj (.text:copysign)
                  00005a38    00000014                                   : strlen.c.obj (.text:strlen)
                  00005a4c    00000012                                   : wcslen.c.obj (.text:wcslen)
                  00005a5e    0000000e                                   : copy_decompress_none.c.obj (.text:decompress:none:__TI_decompress_none)
                  00005a6c    0000000c                                   : copy_zero_init.c.obj (.text:decompress:ZI:__TI_zero_init)
                  00005a78    0000000c     tm4c1294ncpdt_startup_ccs.obj (.text)
                  00005a84    0000000a     driverlib.lib : uart.obj (.text:UARTCharPut)
                  00005a8e    0000000a     rtsv7M4_T_le_v4SPD16_eabi.lib : sprintf.c.obj (.text:_outc)
                  00005a98    00000008                                   : errno.c.obj (.text:__aeabi_errno_addr)
                  00005aa0    00000006     driverlib.lib : gpio.obj (.text:GPIOPinWrite)
                  00005aa6    00000004     rtsv7M4_T_le_v4SPD16_eabi.lib : pre_init.c.obj (.text:_system_pre_init)
                  00005aaa    00000004                                   : exit.c.obj (.text:abort:abort)

.const     0    00005ab0    000003ec     
                  00005ab0    000001b0     driverlib.lib : sysctl.obj (.const:g_pppui32XTALtoVCO)
                  00005c60    00000101     rtsv7M4_T_le_v4SPD16_eabi.lib : ctype.c.obj (.const:.string:_ctypes_)
                  00005d61    00000003     --HOLE-- [fill = 0]
                  00005d64    00000090     driverlib.lib : gpio.obj (.const:g_pui32GPIOBaseAddrs)
                  00005df4    0000006c                   : sysctl.obj (.const:g_pui32Xtals)
                  00005e60    00000030                   : sysctl.obj (.const:g_sXTALtoMEMTIM)
                  00005e90    00000008                   : sysctl.obj (.const:g_pui32VCOFrequencies)
                  00005e98    00000004     port.obj (.const)

.cinit     0    00005ea0    00000038     
                  00005ea0    00000012     (.cinit..data.load) [load image, compression = lzss]
                  00005eb2    00000002     --HOLE-- [fill = 0]
                  00005eb4    0000000c     (__TI_handler_table)
                  00005ec0    00000008     (.cinit..bss.load) [load image, compression = zero_init]
                  00005ec8    00000010     (__TI_cinit_table)

.init_array 
*          0    00000000    00000000     UNINITIALIZED

.bss       0    20000000    0000c49c     UNINITIALIZED
                  20000000    0000c350     heap_4.obj (.bss:ucHeap)
                  2000c350    00000064     tasks.obj (.bss:pxReadyTasksLists)
                  2000c3b4    00000040     (.common:xQueueRegistry)
                  2000c3f4    00000014     timers.obj (.bss:xActiveTimerList1)
                  2000c408    00000014     timers.obj (.bss:xActiveTimerList2)
                  2000c41c    00000014     tasks.obj (.bss:xDelayedTaskList1)
                  2000c430    00000014     tasks.obj (.bss:xDelayedTaskList2)
                  2000c444    00000014     tasks.obj (.bss:xPendingReadyList)
                  2000c458    00000014     tasks.obj (.bss:xSuspendedTaskList)
                  2000c46c    00000014     tasks.obj (.bss:xTasksWaitingTermination)
                  2000c480    00000008     tasks.obj (.bss)
                  2000c488    00000008     timers.obj (.bss)
                  2000c490    00000008     heap_4.obj (.bss:xStart)
                  2000c498    00000004     (.common:eventsTaskHandle)

.sysmem    0    2000c4a0    0000157c     UNINITIALIZED
                  2000c4a0    00000008     rtsv7M4_T_le_v4SPD16_eabi.lib : memory.c.obj (.sysmem)
                  2000c4a8    00001574     --HOLE--

.stack     0    2000da20    00000200     UNINITIALIZED
                  2000da20    00000004     rtsv7M4_T_le_v4SPD16_eabi.lib : boot_cortex_m.c.obj (.stack)
                  2000da24    000001fc     --HOLE--

.data      0    2000dc20    00000064     UNINITIALIZED
                  2000dc20    00000034     tasks.obj (.data)
                  2000dc54    00000010     heap_4.obj (.data)
                  2000dc64    0000000c     timers.obj (.data)
                  2000dc70    0000000a     main.obj (.data)
                  2000dc7a    00000002     --HOLE--
                  2000dc7c    00000004     port.obj (.data)
                  2000dc80    00000004     rtsv7M4_T_le_v4SPD16_eabi.lib : errno.c.obj (.data)

MODULE SUMMARY

       Module                          code    ro data   rw data
       ------                          ----    -------   -------
    .\
       tasks.obj                       6332    0         260    
       queue.obj                       3332    0         64     
       timers.obj                      1428    0         60     
       main.obj                        1080    0         14     
       tm4c1294ncpdt_startup_ccs.obj   12      520       0      
       list.obj                        298     0         0      
    +--+-------------------------------+-------+---------+---------+
       Total:                          12482   520       398    
                                                                
    .\portable\
       heap_4.obj                      700     0         50024  
    +--+-------------------------------+-------+---------+---------+
       Total:                          700     0         50024  
                                                                
    .\portable\CCS\ARM_CM4F\
       port.obj                        316     4         4      
       portasm.obj                     218     0         0      
    +--+-------------------------------+-------+---------+---------+
       Total:                          534     4         4      
                                                                
    C:/ti/TivaWare_C_Series-2.1.4.178/driverlib/ccs/Debug/driverlib.lib
       sysctl.obj                      668     596       0      
       gpio.obj                        478     144       0      
       uart.obj                        132     0         0      
    +--+-------------------------------+-------+---------+---------+
       Total:                          1278    740       0      
                                                                
    C:\ti\ccsv8\tools\compiler\ti-cgt-arm_18.1.1.LTS\lib\rtsv7M4_T_le_v4SPD16_eabi.lib
       _printfi.c.obj                  4863    0         0      
       fd_add_t2.asm.obj               438     0         0      
       fd_div_t2.asm.obj               310     0         0      
       s_scalbn.c.obj                  272     0         0      
       fd_cmp_t2.asm.obj               268     0         0      
       ctype.c.obj                     0       257       0      
       fd_mul_t2.asm.obj               252     0         0      
       memcpy_t2.asm.obj               156     0         0      
       ull_div_t2.asm.obj              150     0         0      
       memset_t2.asm.obj               122     0         0      
       copy_decompress_lzss.c.obj      104     0         0      
       s_frexp.c.obj                   100     0         0      
       sprintf.c.obj                   98      0         0      
       ltoa.c.obj                      84      0         0      
       atoi.c.obj                      76      0         0      
       fd_toi_t2.asm.obj               72      0         0      
       autoinit.c.obj                  68      0         0      
       boot_cortex_m.c.obj             56      0         0      
       i_tofd_t2.asm.obj               46      0         0      
       memccpy.c.obj                   28      0         0      
       strchr.c.obj                    22      0         0      
       s_copysign.c.obj                20      0         0      
       strlen.c.obj                    20      0         0      
       wcslen.c.obj                    18      0         0      
       copy_decompress_none.c.obj      14      0         0      
       copy_zero_init.c.obj            12      0         0      
       errno.c.obj                     8       0         4      
       exit.c.obj                      4       0         0      
       pre_init.c.obj                  4       0         0      
       div0.asm.obj                    2       0         0      
    +--+-------------------------------+-------+---------+---------+
       Total:                          7687    257       4      
                                                                
       Heap:                           0       0         5500   
       Stack:                          0       0         512    
       Linker Generated:               0       54        0      
    +--+-------------------------------+-------+---------+---------+
       Grand Total:                    22681   1575      56442  


LINKER GENERATED COPY TABLES

__TI_cinit_table @ 00005ec8 records: 2, size/record: 8, table size: 16
	.data: load addr=00005ea0, load size=00000012 bytes, run addr=2000dc20, run size=00000064 bytes, compression=lzss
	.bss: load addr=00005ec0, load size=00000008 bytes, run addr=20000000, run size=0000c49c bytes, compression=zero_init


LINKER GENERATED HANDLER TABLE

__TI_handler_table @ 00005eb4 records: 3, size/record: 4, table size: 12
	index: 0, handler: __TI_decompress_lzss
	index: 1, handler: __TI_decompress_none
	index: 2, handler: __TI_zero_init


GLOBAL SYMBOLS: SORTED ALPHABETICALLY BY Name 

address   name                               
-------   ----                               
00005aab  C$$EXIT                            
0000592b  GPIODirModeSet                     
00004a57  GPIOPadConfigSet                   
0000565d  GPIOPinConfigure                   
000059b5  GPIOPinTypeGPIOOutput              
000059e5  GPIOPinTypeUART                    
00005aa1  GPIOPinWrite                       
00005a79  ResetISR                           
00004121  SysCtlClockFreqSet                 
000058c9  SysCtlPeripheralEnable             
00005a85  UARTCharPut                        
00005785  UARTConfigSetExpClk                
00005959  UARTDisable                        
00005a11  UARTEnable                         
2000dc20  __STACK_END                        
00000200  __STACK_SIZE                       
2000dc20  __STACK_TOP                        
0000157c  __SYSMEM_SIZE                      
00005ec8  __TI_CINIT_Base                    
00005ed8  __TI_CINIT_Limit                   
00005eb4  __TI_Handler_Table_Base            
00005ec0  __TI_Handler_Table_Limit           
000057cd  __TI_auto_init_nobinit_nopinit     
00005495  __TI_decompress_lzss               
00005a5f  __TI_decompress_none               
ffffffff  __TI_pprof_out_hndl                
000027c9  __TI_printfi                       
ffffffff  __TI_prof_data_size                
ffffffff  __TI_prof_data_start               
00000000  __TI_static_base__                 
00005a6d  __TI_zero_init                     
000052a1  __aeabi_cdcmpeq                    
000052a1  __aeabi_cdcmple                    
00005327  __aeabi_cdrcmple                   
0000573d  __aeabi_d2iz                       
000044fb  __aeabi_dadd                       
00004921  __aeabi_ddiv                       
00004ee5  __aeabi_dmul                       
000044f1  __aeabi_dsub                       
00005a99  __aeabi_errno_addr                 
000058fd  __aeabi_i2d                        
00003227  __aeabi_idiv0                      
00003227  __aeabi_ldiv0                      
000053ad  __aeabi_memclr                     
000053ad  __aeabi_memclr4                    
000053ad  __aeabi_memclr8                    
0000516f  __aeabi_memcpy                     
0000516f  __aeabi_memcpy4                    
0000516f  __aeabi_memcpy8                    
000053af  __aeabi_memset                     
000053af  __aeabi_memset4                    
000053af  __aeabi_memset8                    
0000520b  __aeabi_uldivmod                   
ffffffff  __binit__                          
ffffffff  __c_args__                         
UNDEFED   __mpu_init                         
2000da20  __stack                            
00005891  _c_int00_noargs                    
00005c60  _ctypes_                           
2000c4a0  _sys_memory                        
UNDEFED   _system_post_cinit                 
00005aa7  _system_pre_init                   
00005aab  abort                              
000056a9  atoi                               
ffffffff  binit                              
00005a25  copysign                           
00005a25  copysignl                          
0000057d  eTaskGetState                      
2000dc80  errno                              
2000c498  eventsTaskHandle                   
000054fd  frexp                              
000054fd  frexpl                             
00000000  g_pfnVectors                       
00004dd5  ldexp                              
00004dd5  ldexpl                             
000055b7  ltoa                               
000037bd  main                               
00005999  memccpy                            
0000516f  memcpy                             
000053b5  memset                             
0000393f  my_UARTprintString                 
000026df  pcQueueGetName                     
00000b57  pcTaskGetName                      
00003363  pcTimerGetName                     
00003bf5  pvPortMalloc                       
000015e3  pvTaskIncrementMutexHeldCount      
0000374d  pvTimerGetTimerID                  
2000dc20  pxCurrentTCB                       
000047e5  pxPortInitialiseStack              
00004dd5  scalbn                             
00004dd5  scalbnl                            
00005811  sprintf                            
000059fb  strchr                             
00005a39  strlen                             
2000dc74  task3Q                             
00002441  ucQueueGetQueueType                
00005e98  ulMaxSyscallInterruptPriority      
00004ff1  ulPortGetIPSR                      
00001601  ulTaskNotifyTake                   
00004c6b  uxListRemove                       
00002421  uxQueueGetQueueNumber              
000023c3  uxQueueMessagesWaiting             
000023f9  uxQueueMessagesWaitingFromISR      
000023d9  uxQueueSpacesAvailable             
00000b51  uxTaskGetNumberOfTasks             
00000b7d  uxTaskGetSystemState               
00001035  uxTaskGetTaskNumber                
00000611  uxTaskPriorityGet                  
00000641  uxTaskPriorityGetFromISR           
000015c1  uxTaskResetEventItemValue          
00003781  uxTimerGetTimerNumber              
00004b89  vListInitialise                    
00004bb9  vListInitialiseItem                
00004c05  vListInsert                        
00004bc9  vListInsertEnd                     
000050ad  vPortEnableVFP                     
00004885  vPortEndScheduler                  
00004887  vPortEnterCritical                 
000048a7  vPortExitCritical                  
00003cf7  vPortFree                          
00003d55  vPortInitialiseBlocks              
00005069  vPortSVCHandler                    
000048e3  vPortSetupTimerInterrupt           
00005089  vPortStartFirstTask                
0000269d  vQueueAddToRegistry                
0000240b  vQueueDelete                       
0000242f  vQueueSetQueueNumber               
0000271f  vQueueUnregisterQueue              
00002763  vQueueWaitForMessageRestricted     
00000541  vTaskDelay                         
000004b1  vTaskDelayUntil                    
00000403  vTaskDelete                        
00000a19  vTaskEndScheduler                  
0000112d  vTaskGetInfo                       
00000f83  vTaskInternalSetTimeOutState       
00001023  vTaskMissedYield                   
0000191d  vTaskNotifyGiveFromISR             
00000dfd  vTaskPlaceOnEventList              
00000e43  vTaskPlaceOnEventListRestricted    
00000e19  vTaskPlaceOnUnorderedEventList     
000014e9  vTaskPriorityDisinheritAfterTimeout
0000068d  vTaskPrioritySet                   
00000ef9  vTaskRemoveFromUnorderedEventList  
000008b5  vTaskResume                        
00001059  vTaskSetTaskNumber                 
00000f65  vTaskSetTimeOutState               
000009bd  vTaskStartScheduler                
000007a5  vTaskSuspend                       
00000a35  vTaskSuspendAll                    
00000d95  vTaskSwitchContext                 
00003767  vTimerSetTimerID                   
0000378f  vTimerSetTimerNumber               
00003991  veventsTask                        
00003a21  vledBlink1                         
00003a29  vledBlink2                         
00005a4d  wcslen                             
00003d49  xPortGetFreeHeapSize               
00003d4f  xPortGetMinimumEverFreeHeapSize    
00005009  xPortPendSVHandler                 
0000484f  xPortStartScheduler                
000048bd  xPortSysTickHandler                
00001cc9  xQueueCreateCountingSemaphore      
00001c1d  xQueueCreateMutex                  
00001b63  xQueueGenericCreate                
00001ac5  xQueueGenericReset                 
00001ce9  xQueueGenericSend                  
00001e15  xQueueGenericSendFromISR           
00001eaf  xQueueGiveFromISR                  
00001c49  xQueueGiveMutexRecursive           
00002639  xQueueIsQueueEmptyFromISR          
0000267b  xQueueIsQueueFullFromISR           
000021b7  xQueuePeek                         
00002371  xQueuePeekFromISR                  
00001f41  xQueueReceive                      
000022d9  xQueueReceiveFromISR               
2000c3b4  xQueueRegistry                     
0000205d  xQueueSemaphoreTake                
00001c85  xQueueTakeMutexRecursive           
00000fa5  xTaskCheckForTimeOut               
00000209  xTaskCreate                        
00001723  xTaskGenericNotify                 
0000180d  xTaskGenericNotifyFromISR          
000012ff  xTaskGetCurrentTaskHandle          
00001319  xTaskGetSchedulerState             
00000b2d  xTaskGetTickCount                  
00000b3d  xTaskGetTickCountFromISR           
00000c71  xTaskIncrementTick                 
000019cb  xTaskNotifyStateClear              
00001681  xTaskNotifyWait                    
00001445  xTaskPriorityDisinherit            
00001365  xTaskPriorityInherit               
00000e7d  xTaskRemoveFromEventList           
00000a49  xTaskResumeAll                     
0000092f  xTaskResumeFromISR                 
00003255  xTimerCreate                       
00003229  xTimerCreateTimerTask              
000032c9  xTimerGenericCommand               
0000334d  xTimerGetExpiryTime                
0000333b  xTimerGetPeriod                    
00003335  xTimerGetTimerDaemonTaskHandle     
00003721  xTimerIsTimerActive                


GLOBAL SYMBOLS: SORTED BY Symbol Address 

address   name                               
-------   ----                               
00000000  __TI_static_base__                 
00000000  g_pfnVectors                       
00000200  __STACK_SIZE                       
00000209  xTaskCreate                        
00000403  vTaskDelete                        
000004b1  vTaskDelayUntil                    
00000541  vTaskDelay                         
0000057d  eTaskGetState                      
00000611  uxTaskPriorityGet                  
00000641  uxTaskPriorityGetFromISR           
0000068d  vTaskPrioritySet                   
000007a5  vTaskSuspend                       
000008b5  vTaskResume                        
0000092f  xTaskResumeFromISR                 
000009bd  vTaskStartScheduler                
00000a19  vTaskEndScheduler                  
00000a35  vTaskSuspendAll                    
00000a49  xTaskResumeAll                     
00000b2d  xTaskGetTickCount                  
00000b3d  xTaskGetTickCountFromISR           
00000b51  uxTaskGetNumberOfTasks             
00000b57  pcTaskGetName                      
00000b7d  uxTaskGetSystemState               
00000c71  xTaskIncrementTick                 
00000d95  vTaskSwitchContext                 
00000dfd  vTaskPlaceOnEventList              
00000e19  vTaskPlaceOnUnorderedEventList     
00000e43  vTaskPlaceOnEventListRestricted    
00000e7d  xTaskRemoveFromEventList           
00000ef9  vTaskRemoveFromUnorderedEventList  
00000f65  vTaskSetTimeOutState               
00000f83  vTaskInternalSetTimeOutState       
00000fa5  xTaskCheckForTimeOut               
00001023  vTaskMissedYield                   
00001035  uxTaskGetTaskNumber                
00001059  vTaskSetTaskNumber                 
0000112d  vTaskGetInfo                       
000012ff  xTaskGetCurrentTaskHandle          
00001319  xTaskGetSchedulerState             
00001365  xTaskPriorityInherit               
00001445  xTaskPriorityDisinherit            
000014e9  vTaskPriorityDisinheritAfterTimeout
0000157c  __SYSMEM_SIZE                      
000015c1  uxTaskResetEventItemValue          
000015e3  pvTaskIncrementMutexHeldCount      
00001601  ulTaskNotifyTake                   
00001681  xTaskNotifyWait                    
00001723  xTaskGenericNotify                 
0000180d  xTaskGenericNotifyFromISR          
0000191d  vTaskNotifyGiveFromISR             
000019cb  xTaskNotifyStateClear              
00001ac5  xQueueGenericReset                 
00001b63  xQueueGenericCreate                
00001c1d  xQueueCreateMutex                  
00001c49  xQueueGiveMutexRecursive           
00001c85  xQueueTakeMutexRecursive           
00001cc9  xQueueCreateCountingSemaphore      
00001ce9  xQueueGenericSend                  
00001e15  xQueueGenericSendFromISR           
00001eaf  xQueueGiveFromISR                  
00001f41  xQueueReceive                      
0000205d  xQueueSemaphoreTake                
000021b7  xQueuePeek                         
000022d9  xQueueReceiveFromISR               
00002371  xQueuePeekFromISR                  
000023c3  uxQueueMessagesWaiting             
000023d9  uxQueueSpacesAvailable             
000023f9  uxQueueMessagesWaitingFromISR      
0000240b  vQueueDelete                       
00002421  uxQueueGetQueueNumber              
0000242f  vQueueSetQueueNumber               
00002441  ucQueueGetQueueType                
00002639  xQueueIsQueueEmptyFromISR          
0000267b  xQueueIsQueueFullFromISR           
0000269d  vQueueAddToRegistry                
000026df  pcQueueGetName                     
0000271f  vQueueUnregisterQueue              
00002763  vQueueWaitForMessageRestricted     
000027c9  __TI_printfi                       
00003227  __aeabi_idiv0                      
00003227  __aeabi_ldiv0                      
00003229  xTimerCreateTimerTask              
00003255  xTimerCreate                       
000032c9  xTimerGenericCommand               
00003335  xTimerGetTimerDaemonTaskHandle     
0000333b  xTimerGetPeriod                    
0000334d  xTimerGetExpiryTime                
00003363  pcTimerGetName                     
00003721  xTimerIsTimerActive                
0000374d  pvTimerGetTimerID                  
00003767  vTimerSetTimerID                   
00003781  uxTimerGetTimerNumber              
0000378f  vTimerSetTimerNumber               
000037bd  main                               
0000393f  my_UARTprintString                 
00003991  veventsTask                        
00003a21  vledBlink1                         
00003a29  vledBlink2                         
00003bf5  pvPortMalloc                       
00003cf7  vPortFree                          
00003d49  xPortGetFreeHeapSize               
00003d4f  xPortGetMinimumEverFreeHeapSize    
00003d55  vPortInitialiseBlocks              
00004121  SysCtlClockFreqSet                 
000044f1  __aeabi_dsub                       
000044fb  __aeabi_dadd                       
000047e5  pxPortInitialiseStack              
0000484f  xPortStartScheduler                
00004885  vPortEndScheduler                  
00004887  vPortEnterCritical                 
000048a7  vPortExitCritical                  
000048bd  xPortSysTickHandler                
000048e3  vPortSetupTimerInterrupt           
00004921  __aeabi_ddiv                       
00004a57  GPIOPadConfigSet                   
00004b89  vListInitialise                    
00004bb9  vListInitialiseItem                
00004bc9  vListInsertEnd                     
00004c05  vListInsert                        
00004c6b  uxListRemove                       
00004dd5  ldexp                              
00004dd5  ldexpl                             
00004dd5  scalbn                             
00004dd5  scalbnl                            
00004ee5  __aeabi_dmul                       
00004ff1  ulPortGetIPSR                      
00005009  xPortPendSVHandler                 
00005069  vPortSVCHandler                    
00005089  vPortStartFirstTask                
000050ad  vPortEnableVFP                     
0000516f  __aeabi_memcpy                     
0000516f  __aeabi_memcpy4                    
0000516f  __aeabi_memcpy8                    
0000516f  memcpy                             
0000520b  __aeabi_uldivmod                   
000052a1  __aeabi_cdcmpeq                    
000052a1  __aeabi_cdcmple                    
00005327  __aeabi_cdrcmple                   
000053ad  __aeabi_memclr                     
000053ad  __aeabi_memclr4                    
000053ad  __aeabi_memclr8                    
000053af  __aeabi_memset                     
000053af  __aeabi_memset4                    
000053af  __aeabi_memset8                    
000053b5  memset                             
00005495  __TI_decompress_lzss               
000054fd  frexp                              
000054fd  frexpl                             
000055b7  ltoa                               
0000565d  GPIOPinConfigure                   
000056a9  atoi                               
0000573d  __aeabi_d2iz                       
00005785  UARTConfigSetExpClk                
000057cd  __TI_auto_init_nobinit_nopinit     
00005811  sprintf                            
00005891  _c_int00_noargs                    
000058c9  SysCtlPeripheralEnable             
000058fd  __aeabi_i2d                        
0000592b  GPIODirModeSet                     
00005959  UARTDisable                        
00005999  memccpy                            
000059b5  GPIOPinTypeGPIOOutput              
000059e5  GPIOPinTypeUART                    
000059fb  strchr                             
00005a11  UARTEnable                         
00005a25  copysign                           
00005a25  copysignl                          
00005a39  strlen                             
00005a4d  wcslen                             
00005a5f  __TI_decompress_none               
00005a6d  __TI_zero_init                     
00005a79  ResetISR                           
00005a85  UARTCharPut                        
00005a99  __aeabi_errno_addr                 
00005aa1  GPIOPinWrite                       
00005aa7  _system_pre_init                   
00005aab  C$$EXIT                            
00005aab  abort                              
00005c60  _ctypes_                           
00005e98  ulMaxSyscallInterruptPriority      
00005eb4  __TI_Handler_Table_Base            
00005ec0  __TI_Handler_Table_Limit           
00005ec8  __TI_CINIT_Base                    
00005ed8  __TI_CINIT_Limit                   
2000c3b4  xQueueRegistry                     
2000c498  eventsTaskHandle                   
2000c4a0  _sys_memory                        
2000da20  __stack                            
2000dc20  __STACK_END                        
2000dc20  __STACK_TOP                        
2000dc20  pxCurrentTCB                       
2000dc74  task3Q                             
2000dc80  errno                              
ffffffff  __TI_pprof_out_hndl                
ffffffff  __TI_prof_data_size                
ffffffff  __TI_prof_data_start               
ffffffff  __binit__                          
ffffffff  __c_args__                         
ffffffff  binit                              
UNDEFED   __mpu_init                         
UNDEFED   _system_post_cinit                 

[201 symbols]
