<?xml version="1.0" encoding="ISO-8859-1" ?>
<link_info>
   <banner>TI ARM Linker PC v18.1.1.LTS</banner>
   <copyright>Copyright (c) 1996-2017 Texas Instruments Incorporated</copyright>
   <link_time>0x5acadc56</link_time>
   <link_errors>0x0</link_errors>
   <output_file>hw5freertosQuestion4.out</output_file>
   <entry_point>
      <name>_c_int00_noargs</name>
      <address>0x5891</address>
   </entry_point>
   <input_file_list>
      <input_file id="fl-2">
         <path>.\</path>
         <kind>object</kind>
         <file>conversion.obj</file>
         <name>conversion.obj</name>
      </input_file>
      <input_file id="fl-3">
         <path>.\</path>
         <kind>object</kind>
         <file>croutine.obj</file>
         <name>croutine.obj</name>
      </input_file>
      <input_file id="fl-4">
         <path>.\</path>
         <kind>object</kind>
         <file>event_groups.obj</file>
         <name>event_groups.obj</name>
      </input_file>
      <input_file id="fl-5">
         <path>.\</path>
         <kind>object</kind>
         <file>list.obj</file>
         <name>list.obj</name>
      </input_file>
      <input_file id="fl-6">
         <path>.\</path>
         <kind>object</kind>
         <file>main.obj</file>
         <name>main.obj</name>
      </input_file>
      <input_file id="fl-7">
         <path>.\</path>
         <kind>object</kind>
         <file>memory.obj</file>
         <name>memory.obj</name>
      </input_file>
      <input_file id="fl-8">
         <path>.\</path>
         <kind>object</kind>
         <file>queue.obj</file>
         <name>queue.obj</name>
      </input_file>
      <input_file id="fl-9">
         <path>.\</path>
         <kind>object</kind>
         <file>stream_buffer.obj</file>
         <name>stream_buffer.obj</name>
      </input_file>
      <input_file id="fl-a">
         <path>.\</path>
         <kind>object</kind>
         <file>tasks.obj</file>
         <name>tasks.obj</name>
      </input_file>
      <input_file id="fl-b">
         <path>.\</path>
         <kind>object</kind>
         <file>timers.obj</file>
         <name>timers.obj</name>
      </input_file>
      <input_file id="fl-c">
         <path>.\</path>
         <kind>object</kind>
         <file>tm4c1294ncpdt_startup_ccs.obj</file>
         <name>tm4c1294ncpdt_startup_ccs.obj</name>
      </input_file>
      <input_file id="fl-d">
         <path>.\portable\CCS\ARM_CM4F\</path>
         <kind>object</kind>
         <file>port.obj</file>
         <name>port.obj</name>
      </input_file>
      <input_file id="fl-e">
         <path>.\portable\CCS\ARM_CM4F\</path>
         <kind>object</kind>
         <file>portasm.obj</file>
         <name>portasm.obj</name>
      </input_file>
      <input_file id="fl-f">
         <path>.\portable\</path>
         <kind>object</kind>
         <file>heap_4.obj</file>
         <name>heap_4.obj</name>
      </input_file>
      <input_file id="fl-14">
         <kind>object</kind>
         <file>&lt;internal&gt;</file>
         <name>&lt;internal&gt;</name>
      </input_file>
      <input_file id="fl-15">
         <path>C:\ti\TivaWare_C_Series-2.1.4.178\driverlib\ccs\Debug\</path>
         <kind>archive</kind>
         <file>driverlib.lib</file>
         <name>gpio.obj</name>
      </input_file>
      <input_file id="fl-16">
         <path>C:\ti\TivaWare_C_Series-2.1.4.178\driverlib\ccs\Debug\</path>
         <kind>archive</kind>
         <file>driverlib.lib</file>
         <name>interrupt.obj</name>
      </input_file>
      <input_file id="fl-17">
         <path>C:\ti\TivaWare_C_Series-2.1.4.178\driverlib\ccs\Debug\</path>
         <kind>archive</kind>
         <file>driverlib.lib</file>
         <name>sysctl.obj</name>
      </input_file>
      <input_file id="fl-18">
         <path>C:\ti\TivaWare_C_Series-2.1.4.178\driverlib\ccs\Debug\</path>
         <kind>archive</kind>
         <file>driverlib.lib</file>
         <name>uart.obj</name>
      </input_file>
      <input_file id="fl-19">
         <path>C:\ti\TivaWare_C_Series-2.1.4.178\driverlib\ccs\Debug\</path>
         <kind>archive</kind>
         <file>driverlib.lib</file>
         <name>cpu.obj</name>
      </input_file>
      <input_file id="fl-cf">
         <path>C:\ti\ccsv8\tools\compiler\ti-cgt-arm_18.1.1.LTS\lib\</path>
         <kind>archive</kind>
         <file>rtsv7M4_T_le_v4SPD16_eabi.lib</file>
         <name>e_pow.c.obj</name>
      </input_file>
      <input_file id="fl-d0">
         <path>C:\ti\ccsv8\tools\compiler\ti-cgt-arm_18.1.1.LTS\lib\</path>
         <kind>archive</kind>
         <file>rtsv7M4_T_le_v4SPD16_eabi.lib</file>
         <name>e_sqrt.c.obj</name>
      </input_file>
      <input_file id="fl-d1">
         <path>C:\ti\ccsv8\tools\compiler\ti-cgt-arm_18.1.1.LTS\lib\</path>
         <kind>archive</kind>
         <file>rtsv7M4_T_le_v4SPD16_eabi.lib</file>
         <name>s_scalbn.c.obj</name>
      </input_file>
      <input_file id="fl-d2">
         <path>C:\ti\ccsv8\tools\compiler\ti-cgt-arm_18.1.1.LTS\lib\</path>
         <kind>archive</kind>
         <file>rtsv7M4_T_le_v4SPD16_eabi.lib</file>
         <name>vla_alloc.c.obj</name>
      </input_file>
      <input_file id="fl-d3">
         <path>C:\ti\ccsv8\tools\compiler\ti-cgt-arm_18.1.1.LTS\lib\</path>
         <kind>archive</kind>
         <file>rtsv7M4_T_le_v4SPD16_eabi.lib</file>
         <name>s_copysign.c.obj</name>
      </input_file>
      <input_file id="fl-d4">
         <path>C:\ti\ccsv8\tools\compiler\ti-cgt-arm_18.1.1.LTS\lib\</path>
         <kind>archive</kind>
         <file>rtsv7M4_T_le_v4SPD16_eabi.lib</file>
         <name>u_divt2.asm.obj</name>
      </input_file>
      <input_file id="fl-d5">
         <path>C:\ti\ccsv8\tools\compiler\ti-cgt-arm_18.1.1.LTS\lib\</path>
         <kind>archive</kind>
         <file>rtsv7M4_T_le_v4SPD16_eabi.lib</file>
         <name>fd_add_t2.asm.obj</name>
      </input_file>
      <input_file id="fl-d6">
         <path>C:\ti\ccsv8\tools\compiler\ti-cgt-arm_18.1.1.LTS\lib\</path>
         <kind>archive</kind>
         <file>rtsv7M4_T_le_v4SPD16_eabi.lib</file>
         <name>fd_cmp_t2.asm.obj</name>
      </input_file>
      <input_file id="fl-d7">
         <path>C:\ti\ccsv8\tools\compiler\ti-cgt-arm_18.1.1.LTS\lib\</path>
         <kind>archive</kind>
         <file>rtsv7M4_T_le_v4SPD16_eabi.lib</file>
         <name>fd_div_t2.asm.obj</name>
      </input_file>
      <input_file id="fl-d8">
         <path>C:\ti\ccsv8\tools\compiler\ti-cgt-arm_18.1.1.LTS\lib\</path>
         <kind>archive</kind>
         <file>rtsv7M4_T_le_v4SPD16_eabi.lib</file>
         <name>fd_mul_t2.asm.obj</name>
      </input_file>
      <input_file id="fl-d9">
         <path>C:\ti\ccsv8\tools\compiler\ti-cgt-arm_18.1.1.LTS\lib\</path>
         <kind>archive</kind>
         <file>rtsv7M4_T_le_v4SPD16_eabi.lib</file>
         <name>fd_toi_t2.asm.obj</name>
      </input_file>
      <input_file id="fl-da">
         <path>C:\ti\ccsv8\tools\compiler\ti-cgt-arm_18.1.1.LTS\lib\</path>
         <kind>archive</kind>
         <file>rtsv7M4_T_le_v4SPD16_eabi.lib</file>
         <name>i_tofd_t2.asm.obj</name>
      </input_file>
      <input_file id="fl-db">
         <path>C:\ti\ccsv8\tools\compiler\ti-cgt-arm_18.1.1.LTS\lib\</path>
         <kind>archive</kind>
         <file>rtsv7M4_T_le_v4SPD16_eabi.lib</file>
         <name>memcpy_t2.asm.obj</name>
      </input_file>
      <input_file id="fl-dc">
         <path>C:\ti\ccsv8\tools\compiler\ti-cgt-arm_18.1.1.LTS\lib\</path>
         <kind>archive</kind>
         <file>rtsv7M4_T_le_v4SPD16_eabi.lib</file>
         <name>u_tofd_t2.asm.obj</name>
      </input_file>
      <input_file id="fl-dd">
         <path>C:\ti\ccsv8\tools\compiler\ti-cgt-arm_18.1.1.LTS\lib\</path>
         <kind>archive</kind>
         <file>rtsv7M4_T_le_v4SPD16_eabi.lib</file>
         <name>memset_t2.asm.obj</name>
      </input_file>
      <input_file id="fl-de">
         <path>C:\ti\ccsv8\tools\compiler\ti-cgt-arm_18.1.1.LTS\lib\</path>
         <kind>archive</kind>
         <file>rtsv7M4_T_le_v4SPD16_eabi.lib</file>
         <name>copy_zero_init.c.obj</name>
      </input_file>
      <input_file id="fl-df">
         <path>C:\ti\ccsv8\tools\compiler\ti-cgt-arm_18.1.1.LTS\lib\</path>
         <kind>archive</kind>
         <file>rtsv7M4_T_le_v4SPD16_eabi.lib</file>
         <name>copy_decompress_none.c.obj</name>
      </input_file>
      <input_file id="fl-e0">
         <path>C:\ti\ccsv8\tools\compiler\ti-cgt-arm_18.1.1.LTS\lib\</path>
         <kind>archive</kind>
         <file>rtsv7M4_T_le_v4SPD16_eabi.lib</file>
         <name>copy_decompress_lzss.c.obj</name>
      </input_file>
      <input_file id="fl-e1">
         <path>C:\ti\ccsv8\tools\compiler\ti-cgt-arm_18.1.1.LTS\lib\</path>
         <kind>archive</kind>
         <file>rtsv7M4_T_le_v4SPD16_eabi.lib</file>
         <name>boot_cortex_m.c.obj</name>
      </input_file>
      <input_file id="fl-e2">
         <path>C:\ti\ccsv8\tools\compiler\ti-cgt-arm_18.1.1.LTS\lib\</path>
         <kind>archive</kind>
         <file>rtsv7M4_T_le_v4SPD16_eabi.lib</file>
         <name>errno.c.obj</name>
      </input_file>
      <input_file id="fl-e3">
         <path>C:\ti\ccsv8\tools\compiler\ti-cgt-arm_18.1.1.LTS\lib\</path>
         <kind>archive</kind>
         <file>rtsv7M4_T_le_v4SPD16_eabi.lib</file>
         <name>exit.c.obj</name>
      </input_file>
      <input_file id="fl-e4">
         <path>C:\ti\ccsv8\tools\compiler\ti-cgt-arm_18.1.1.LTS\lib\</path>
         <kind>archive</kind>
         <file>rtsv7M4_T_le_v4SPD16_eabi.lib</file>
         <name>memory.c.obj</name>
      </input_file>
      <input_file id="fl-e5">
         <path>C:\ti\ccsv8\tools\compiler\ti-cgt-arm_18.1.1.LTS\lib\</path>
         <kind>archive</kind>
         <file>rtsv7M4_T_le_v4SPD16_eabi.lib</file>
         <name>_lock.c.obj</name>
      </input_file>
      <input_file id="fl-e6">
         <path>C:\ti\ccsv8\tools\compiler\ti-cgt-arm_18.1.1.LTS\lib\</path>
         <kind>archive</kind>
         <file>rtsv7M4_T_le_v4SPD16_eabi.lib</file>
         <name>args_main.c.obj</name>
      </input_file>
      <input_file id="fl-e7">
         <path>C:\ti\ccsv8\tools\compiler\ti-cgt-arm_18.1.1.LTS\lib\</path>
         <kind>archive</kind>
         <file>rtsv7M4_T_le_v4SPD16_eabi.lib</file>
         <name>sprintf.c.obj</name>
      </input_file>
      <input_file id="fl-e8">
         <path>C:\ti\ccsv8\tools\compiler\ti-cgt-arm_18.1.1.LTS\lib\</path>
         <kind>archive</kind>
         <file>rtsv7M4_T_le_v4SPD16_eabi.lib</file>
         <name>strlen.c.obj</name>
      </input_file>
      <input_file id="fl-e9">
         <path>C:\ti\ccsv8\tools\compiler\ti-cgt-arm_18.1.1.LTS\lib\</path>
         <kind>archive</kind>
         <file>rtsv7M4_T_le_v4SPD16_eabi.lib</file>
         <name>error.c.obj</name>
      </input_file>
      <input_file id="fl-ea">
         <path>C:\ti\ccsv8\tools\compiler\ti-cgt-arm_18.1.1.LTS\lib\</path>
         <kind>archive</kind>
         <file>rtsv7M4_T_le_v4SPD16_eabi.lib</file>
         <name>div0.asm.obj</name>
      </input_file>
      <input_file id="fl-eb">
         <path>C:\ti\ccsv8\tools\compiler\ti-cgt-arm_18.1.1.LTS\lib\</path>
         <kind>archive</kind>
         <file>rtsv7M4_T_le_v4SPD16_eabi.lib</file>
         <name>autoinit.c.obj</name>
      </input_file>
      <input_file id="fl-ec">
         <path>C:\ti\ccsv8\tools\compiler\ti-cgt-arm_18.1.1.LTS\lib\</path>
         <kind>archive</kind>
         <file>rtsv7M4_T_le_v4SPD16_eabi.lib</file>
         <name>pre_init.c.obj</name>
      </input_file>
      <input_file id="fl-ed">
         <path>C:\ti\ccsv8\tools\compiler\ti-cgt-arm_18.1.1.LTS\lib\</path>
         <kind>archive</kind>
         <file>rtsv7M4_T_le_v4SPD16_eabi.lib</file>
         <name>cpy_tbl.c.obj</name>
      </input_file>
      <input_file id="fl-ee">
         <path>C:\ti\ccsv8\tools\compiler\ti-cgt-arm_18.1.1.LTS\lib\</path>
         <kind>archive</kind>
         <file>rtsv7M4_T_le_v4SPD16_eabi.lib</file>
         <name>_printfi.c.obj</name>
      </input_file>
      <input_file id="fl-ef">
         <path>C:\ti\ccsv8\tools\compiler\ti-cgt-arm_18.1.1.LTS\lib\</path>
         <kind>archive</kind>
         <file>rtsv7M4_T_le_v4SPD16_eabi.lib</file>
         <name>atoi.c.obj</name>
      </input_file>
      <input_file id="fl-f0">
         <path>C:\ti\ccsv8\tools\compiler\ti-cgt-arm_18.1.1.LTS\lib\</path>
         <kind>archive</kind>
         <file>rtsv7M4_T_le_v4SPD16_eabi.lib</file>
         <name>ctype.c.obj</name>
      </input_file>
      <input_file id="fl-f1">
         <path>C:\ti\ccsv8\tools\compiler\ti-cgt-arm_18.1.1.LTS\lib\</path>
         <kind>archive</kind>
         <file>rtsv7M4_T_le_v4SPD16_eabi.lib</file>
         <name>ltoa.c.obj</name>
      </input_file>
      <input_file id="fl-f2">
         <path>C:\ti\ccsv8\tools\compiler\ti-cgt-arm_18.1.1.LTS\lib\</path>
         <kind>archive</kind>
         <file>rtsv7M4_T_le_v4SPD16_eabi.lib</file>
         <name>memccpy.c.obj</name>
      </input_file>
      <input_file id="fl-f3">
         <path>C:\ti\ccsv8\tools\compiler\ti-cgt-arm_18.1.1.LTS\lib\</path>
         <kind>archive</kind>
         <file>rtsv7M4_T_le_v4SPD16_eabi.lib</file>
         <name>strchr.c.obj</name>
      </input_file>
      <input_file id="fl-f4">
         <path>C:\ti\ccsv8\tools\compiler\ti-cgt-arm_18.1.1.LTS\lib\</path>
         <kind>archive</kind>
         <file>rtsv7M4_T_le_v4SPD16_eabi.lib</file>
         <name>s_frexp.c.obj</name>
      </input_file>
      <input_file id="fl-f5">
         <path>C:\ti\ccsv8\tools\compiler\ti-cgt-arm_18.1.1.LTS\lib\</path>
         <kind>archive</kind>
         <file>rtsv7M4_T_le_v4SPD16_eabi.lib</file>
         <name>wcslen.c.obj</name>
      </input_file>
      <input_file id="fl-f6">
         <path>C:\ti\ccsv8\tools\compiler\ti-cgt-arm_18.1.1.LTS\lib\</path>
         <kind>archive</kind>
         <file>rtsv7M4_T_le_v4SPD16_eabi.lib</file>
         <name>ull_div_t2.asm.obj</name>
      </input_file>
   </input_file_list>
   <object_component_list>
      <object_component id="oc-f">
         <name>.intvecs</name>
         <load_address>0x0</load_address>
         <run_address>0x0</run_address>
         <size>0x208</size>
         <input_file_ref idref="fl-c"/>
      </object_component>
      <object_component id="oc-83">
         <name>.text</name>
         <load_address>0x208</load_address>
         <run_address>0x208</run_address>
         <size>0x18bc</size>
         <input_file_ref idref="fl-a"/>
      </object_component>
      <object_component id="oc-170">
         <name>.text</name>
         <load_address>0x1ac4</load_address>
         <run_address>0x1ac4</run_address>
         <size>0xd04</size>
         <input_file_ref idref="fl-8"/>
      </object_component>
      <object_component id="oc-264">
         <name>.text:__TI_printfi</name>
         <load_address>0x27c8</load_address>
         <run_address>0x27c8</run_address>
         <size>0xa5e</size>
         <input_file_ref idref="fl-ee"/>
      </object_component>
      <object_component id="oc-3f4">
         <name>.text</name>
         <load_address>0x3226</load_address>
         <run_address>0x3226</run_address>
         <size>0x2</size>
         <input_file_ref idref="fl-ea"/>
      </object_component>
      <object_component id="oc-106">
         <name>.text</name>
         <load_address>0x3228</load_address>
         <run_address>0x3228</run_address>
         <size>0x594</size>
         <input_file_ref idref="fl-b"/>
      </object_component>
      <object_component id="oc-c6">
         <name>.text</name>
         <load_address>0x37bc</load_address>
         <run_address>0x37bc</run_address>
         <size>0x438</size>
         <input_file_ref idref="fl-6"/>
      </object_component>
      <object_component id="oc-ee">
         <name>.text</name>
         <load_address>0x3bf4</load_address>
         <run_address>0x3bf4</run_address>
         <size>0x2bc</size>
         <input_file_ref idref="fl-f"/>
      </object_component>
      <object_component id="oc-30c">
         <name>.text:_pconv_a</name>
         <load_address>0x3eb0</load_address>
         <run_address>0x3eb0</run_address>
         <size>0x270</size>
         <input_file_ref idref="fl-ee"/>
      </object_component>
      <object_component id="oc-140">
         <name>.text:SysCtlClockFreqSet</name>
         <load_address>0x4120</load_address>
         <run_address>0x4120</run_address>
         <size>0x200</size>
         <input_file_ref idref="fl-17"/>
      </object_component>
      <object_component id="oc-2fa">
         <name>.text:_pconv_g</name>
         <load_address>0x4320</load_address>
         <run_address>0x4320</run_address>
         <size>0x1d0</size>
         <input_file_ref idref="fl-ee"/>
      </object_component>
      <object_component id="oc-38e">
         <name>.text</name>
         <load_address>0x44f0</load_address>
         <run_address>0x44f0</run_address>
         <size>0x1b6</size>
         <input_file_ref idref="fl-d5"/>
      </object_component>
      <object_component id="oc-306">
         <name>.text:_pconv_e</name>
         <load_address>0x46a8</load_address>
         <run_address>0x46a8</run_address>
         <size>0x13c</size>
         <input_file_ref idref="fl-ee"/>
      </object_component>
      <object_component id="oc-32">
         <name>.text</name>
         <load_address>0x47e4</load_address>
         <run_address>0x47e4</run_address>
         <size>0x13c</size>
         <input_file_ref idref="fl-d"/>
      </object_component>
      <object_component id="oc-374">
         <name>.text</name>
         <load_address>0x4920</load_address>
         <run_address>0x4920</run_address>
         <size>0x136</size>
         <input_file_ref idref="fl-d7"/>
      </object_component>
      <object_component id="oc-231">
         <name>.text:GPIOPadConfigSet</name>
         <load_address>0x4a56</load_address>
         <run_address>0x4a56</run_address>
         <size>0x132</size>
         <input_file_ref idref="fl-15"/>
      </object_component>
      <object_component id="oc-f4">
         <name>.text</name>
         <load_address>0x4b88</load_address>
         <run_address>0x4b88</run_address>
         <size>0x12a</size>
         <input_file_ref idref="fl-5"/>
      </object_component>
      <object_component id="oc-3a0">
         <name>.text:fcvt</name>
         <load_address>0x4cb4</load_address>
         <run_address>0x4cb4</run_address>
         <size>0x120</size>
         <input_file_ref idref="fl-ee"/>
      </object_component>
      <object_component id="oc-3b4">
         <name>.text:scalbn</name>
         <load_address>0x4dd4</load_address>
         <run_address>0x4dd4</run_address>
         <size>0x110</size>
         <input_file_ref idref="fl-d1"/>
      </object_component>
      <object_component id="oc-36f">
         <name>.text</name>
         <load_address>0x4ee4</load_address>
         <run_address>0x4ee4</run_address>
         <size>0xfc</size>
         <input_file_ref idref="fl-d8"/>
      </object_component>
      <object_component id="oc-2d">
         <name>.text</name>
         <load_address>0x4fe0</load_address>
         <run_address>0x4fe0</run_address>
         <size>0xda</size>
         <input_file_ref idref="fl-e"/>
      </object_component>
      <object_component id="oc-2ef">
         <name>.text:_ltostr</name>
         <load_address>0x50bc</load_address>
         <run_address>0x50bc</run_address>
         <size>0xb1</size>
         <input_file_ref idref="fl-ee"/>
      </object_component>
      <object_component id="oc-46">
         <name>.text</name>
         <load_address>0x516e</load_address>
         <run_address>0x516e</run_address>
         <size>0x9c</size>
         <input_file_ref idref="fl-db"/>
      </object_component>
      <object_component id="oc-368">
         <name>.text</name>
         <load_address>0x520a</load_address>
         <run_address>0x520a</run_address>
         <size>0x96</size>
         <input_file_ref idref="fl-f6"/>
      </object_component>
      <object_component id="oc-2f5">
         <name>.text:__aeabi_cdcmple</name>
         <load_address>0x52a0</load_address>
         <run_address>0x52a0</run_address>
         <size>0x86</size>
         <input_file_ref idref="fl-d6"/>
      </object_component>
      <object_component id="oc-379">
         <name>.text:__aeabi_cdrcmple</name>
         <load_address>0x5326</load_address>
         <run_address>0x5326</run_address>
         <size>0x86</size>
         <input_file_ref idref="fl-d6"/>
      </object_component>
      <object_component id="oc-ba">
         <name>.text</name>
         <load_address>0x53ac</load_address>
         <run_address>0x53ac</run_address>
         <size>0x7a</size>
         <input_file_ref idref="fl-dd"/>
      </object_component>
      <object_component id="oc-399">
         <name>.text:_mcpy</name>
         <load_address>0x5426</load_address>
         <run_address>0x5426</run_address>
         <size>0x6e</size>
         <input_file_ref idref="fl-ee"/>
      </object_component>
      <object_component id="oc-12">
         <name>.text:decompress:lzss:__TI_decompress_lzss</name>
         <load_address>0x5494</load_address>
         <run_address>0x5494</run_address>
         <size>0x68</size>
         <input_file_ref idref="fl-e0"/>
      </object_component>
      <object_component id="oc-3ae">
         <name>.text:frexp</name>
         <load_address>0x54fc</load_address>
         <run_address>0x54fc</run_address>
         <size>0x64</size>
         <input_file_ref idref="fl-f4"/>
      </object_component>
      <object_component id="oc-300">
         <name>.text:_pconv_f</name>
         <load_address>0x5560</load_address>
         <run_address>0x5560</run_address>
         <size>0x56</size>
         <input_file_ref idref="fl-ee"/>
      </object_component>
      <object_component id="oc-383">
         <name>.text:ltoa</name>
         <load_address>0x55b6</load_address>
         <run_address>0x55b6</run_address>
         <size>0x54</size>
         <input_file_ref idref="fl-f1"/>
      </object_component>
      <object_component id="oc-393">
         <name>.text:_ecpy</name>
         <load_address>0x560a</load_address>
         <run_address>0x560a</run_address>
         <size>0x52</size>
         <input_file_ref idref="fl-ee"/>
      </object_component>
      <object_component id="oc-152">
         <name>.text:GPIOPinConfigure</name>
         <load_address>0x565c</load_address>
         <run_address>0x565c</run_address>
         <size>0x4c</size>
         <input_file_ref idref="fl-15"/>
      </object_component>
      <object_component id="oc-2e9">
         <name>.text:atoi</name>
         <load_address>0x56a8</load_address>
         <run_address>0x56a8</run_address>
         <size>0x4c</size>
         <input_file_ref idref="fl-ef"/>
      </object_component>
      <object_component id="oc-21f">
         <name>.text:_SysCtlFrequencyGet</name>
         <load_address>0x56f4</load_address>
         <run_address>0x56f4</run_address>
         <size>0x48</size>
         <input_file_ref idref="fl-17"/>
      </object_component>
      <object_component id="oc-37e">
         <name>.text</name>
         <load_address>0x573c</load_address>
         <run_address>0x573c</run_address>
         <size>0x48</size>
         <input_file_ref idref="fl-d9"/>
      </object_component>
      <object_component id="oc-15e">
         <name>.text:UARTConfigSetExpClk</name>
         <load_address>0x5784</load_address>
         <run_address>0x5784</run_address>
         <size>0x46</size>
         <input_file_ref idref="fl-18"/>
      </object_component>
      <object_component id="oc-19a">
         <name>.text:__TI_auto_init_nobinit_nopinit:__TI_auto_init_nobinit_nopinit</name>
         <load_address>0x57cc</load_address>
         <run_address>0x57cc</run_address>
         <size>0x44</size>
         <input_file_ref idref="fl-eb"/>
      </object_component>
      <object_component id="oc-17c">
         <name>.text:sprintf</name>
         <load_address>0x5810</load_address>
         <run_address>0x5810</run_address>
         <size>0x40</size>
         <input_file_ref idref="fl-e7"/>
      </object_component>
      <object_component id="oc-3a6">
         <name>.text:_fcpy</name>
         <load_address>0x5850</load_address>
         <run_address>0x5850</run_address>
         <size>0x3e</size>
         <input_file_ref idref="fl-ee"/>
      </object_component>
      <object_component id="oc-64">
         <name>.text:_c_int00_noargs:_c_int00_noargs</name>
         <load_address>0x5890</load_address>
         <run_address>0x5890</run_address>
         <size>0x38</size>
         <input_file_ref idref="fl-e1"/>
      </object_component>
      <object_component id="oc-146">
         <name>.text:SysCtlPeripheralEnable</name>
         <load_address>0x58c8</load_address>
         <run_address>0x58c8</run_address>
         <size>0x34</size>
         <input_file_ref idref="fl-17"/>
      </object_component>
      <object_component id="oc-389">
         <name>.text</name>
         <load_address>0x58fc</load_address>
         <run_address>0x58fc</run_address>
         <size>0x2e</size>
         <input_file_ref idref="fl-da"/>
      </object_component>
      <object_component id="oc-237">
         <name>.text:GPIODirModeSet</name>
         <load_address>0x592a</load_address>
         <run_address>0x592a</run_address>
         <size>0x2c</size>
         <input_file_ref idref="fl-15"/>
      </object_component>
      <object_component id="oc-244">
         <name>.text:UARTDisable</name>
         <load_address>0x5958</load_address>
         <run_address>0x5958</run_address>
         <size>0x20</size>
         <input_file_ref idref="fl-18"/>
      </object_component>
      <object_component id="oc-219">
         <name>.text:_SysCtlMemTimingGet</name>
         <load_address>0x5978</load_address>
         <run_address>0x5978</run_address>
         <size>0x20</size>
         <input_file_ref idref="fl-17"/>
      </object_component>
      <object_component id="oc-312">
         <name>.text:memccpy</name>
         <load_address>0x5998</load_address>
         <run_address>0x5998</run_address>
         <size>0x1c</size>
         <input_file_ref idref="fl-f2"/>
      </object_component>
      <object_component id="oc-14c">
         <name>.text:GPIOPinTypeGPIOOutput</name>
         <load_address>0x59b4</load_address>
         <run_address>0x59b4</run_address>
         <size>0x18</size>
         <input_file_ref idref="fl-15"/>
      </object_component>
      <object_component id="oc-26a">
         <name>.text:_outs</name>
         <load_address>0x59cc</load_address>
         <run_address>0x59cc</run_address>
         <size>0x18</size>
         <input_file_ref idref="fl-e7"/>
      </object_component>
      <object_component id="oc-158">
         <name>.text:GPIOPinTypeUART</name>
         <load_address>0x59e4</load_address>
         <run_address>0x59e4</run_address>
         <size>0x16</size>
         <input_file_ref idref="fl-15"/>
      </object_component>
      <object_component id="oc-3ba">
         <name>.text:strchr</name>
         <load_address>0x59fa</load_address>
         <run_address>0x59fa</run_address>
         <size>0x16</size>
         <input_file_ref idref="fl-f3"/>
      </object_component>
      <object_component id="oc-24a">
         <name>.text:UARTEnable</name>
         <load_address>0x5a10</load_address>
         <run_address>0x5a10</run_address>
         <size>0x14</size>
         <input_file_ref idref="fl-18"/>
      </object_component>
      <object_component id="oc-40d">
         <name>.text:copysign</name>
         <load_address>0x5a24</load_address>
         <run_address>0x5a24</run_address>
         <size>0x14</size>
         <input_file_ref idref="fl-d3"/>
      </object_component>
      <object_component id="oc-176">
         <name>.text:strlen</name>
         <load_address>0x5a38</load_address>
         <run_address>0x5a38</run_address>
         <size>0x14</size>
         <input_file_ref idref="fl-e8"/>
      </object_component>
      <object_component id="oc-318">
         <name>.text:wcslen</name>
         <load_address>0x5a4c</load_address>
         <run_address>0x5a4c</run_address>
         <size>0x12</size>
         <input_file_ref idref="fl-f5"/>
      </object_component>
      <object_component id="oc-18">
         <name>.text:decompress:none:__TI_decompress_none</name>
         <load_address>0x5a5e</load_address>
         <run_address>0x5a5e</run_address>
         <size>0xe</size>
         <input_file_ref idref="fl-df"/>
      </object_component>
      <object_component id="oc-58">
         <name>.text:decompress:ZI:__TI_zero_init</name>
         <load_address>0x5a6c</load_address>
         <run_address>0x5a6c</run_address>
         <size>0xc</size>
         <input_file_ref idref="fl-de"/>
      </object_component>
      <object_component id="oc-27">
         <name>.text</name>
         <load_address>0x5a78</load_address>
         <run_address>0x5a78</run_address>
         <size>0xc</size>
         <input_file_ref idref="fl-c"/>
      </object_component>
      <object_component id="oc-164">
         <name>.text:UARTCharPut</name>
         <load_address>0x5a84</load_address>
         <run_address>0x5a84</run_address>
         <size>0xa</size>
         <input_file_ref idref="fl-18"/>
      </object_component>
      <object_component id="oc-270">
         <name>.text:_outc</name>
         <load_address>0x5a8e</load_address>
         <run_address>0x5a8e</run_address>
         <size>0xa</size>
         <input_file_ref idref="fl-e7"/>
      </object_component>
      <object_component id="oc-31e">
         <name>.text:__aeabi_errno_addr</name>
         <load_address>0x5a98</load_address>
         <run_address>0x5a98</run_address>
         <size>0x8</size>
         <input_file_ref idref="fl-e2"/>
      </object_component>
      <object_component id="oc-16a">
         <name>.text:GPIOPinWrite</name>
         <load_address>0x5aa0</load_address>
         <run_address>0x5aa0</run_address>
         <size>0x6</size>
         <input_file_ref idref="fl-15"/>
      </object_component>
      <object_component id="oc-c0">
         <name>.text:_system_pre_init</name>
         <load_address>0x5aa6</load_address>
         <run_address>0x5aa6</run_address>
         <size>0x4</size>
         <input_file_ref idref="fl-ec"/>
      </object_component>
      <object_component id="oc-18e">
         <name>.text:abort:abort</name>
         <load_address>0x5aaa</load_address>
         <run_address>0x5aaa</run_address>
         <size>0x4</size>
         <input_file_ref idref="fl-e3"/>
      </object_component>
      <object_component id="oc-228">
         <name>.const:g_pppui32XTALtoVCO</name>
         <load_address>0x5ab0</load_address>
         <run_address>0x5ab0</run_address>
         <size>0x1b0</size>
         <input_file_ref idref="fl-17"/>
      </object_component>
      <object_component id="oc-363">
         <name>.const:.string:_ctypes_</name>
         <load_address>0x5c60</load_address>
         <run_address>0x5c60</run_address>
         <size>0x101</size>
         <input_file_ref idref="fl-f0"/>
      </object_component>
      <object_component id="oc-23f">
         <name>.const:g_pui32GPIOBaseAddrs</name>
         <load_address>0x5d64</load_address>
         <run_address>0x5d64</run_address>
         <size>0x90</size>
         <input_file_ref idref="fl-15"/>
      </object_component>
      <object_component id="oc-225">
         <name>.const:g_pui32Xtals</name>
         <load_address>0x5df4</load_address>
         <run_address>0x5df4</run_address>
         <size>0x6c</size>
         <input_file_ref idref="fl-17"/>
      </object_component>
      <object_component id="oc-2c0">
         <name>.const:g_sXTALtoMEMTIM</name>
         <load_address>0x5e60</load_address>
         <run_address>0x5e60</run_address>
         <size>0x30</size>
         <input_file_ref idref="fl-17"/>
      </object_component>
      <object_component id="oc-22b">
         <name>.const:g_pui32VCOFrequencies</name>
         <load_address>0x5e90</load_address>
         <run_address>0x5e90</run_address>
         <size>0x8</size>
         <input_file_ref idref="fl-17"/>
      </object_component>
      <object_component id="oc-80">
         <name>.const</name>
         <load_address>0x5e98</load_address>
         <run_address>0x5e98</run_address>
         <size>0x4</size>
         <input_file_ref idref="fl-d"/>
      </object_component>
      <object_component id="oc-463">
         <name>.cinit..data.load</name>
         <load_address>0x5ea0</load_address>
         <run_address>0x5ea0</run_address>
         <size>0x12</size>
      </object_component>
      <object_component id="oc-461">
         <name>__TI_handler_table</name>
         <load_address>0x5eb4</load_address>
         <run_address>0x5eb4</run_address>
         <size>0xc</size>
      </object_component>
      <object_component id="oc-464">
         <name>.cinit..bss.load</name>
         <load_address>0x5ec0</load_address>
         <run_address>0x5ec0</run_address>
         <size>0x8</size>
      </object_component>
      <object_component id="oc-462">
         <name>__TI_cinit_table</name>
         <load_address>0x5ec8</load_address>
         <run_address>0x5ec8</run_address>
         <size>0x10</size>
      </object_component>
      <object_component id="oc-182">
         <name>.data</name>
         <load_address>0x2000dc70</load_address>
         <run_address>0x2000dc70</run_address>
         <size>0xa</size>
         <input_file_ref idref="fl-6"/>
      </object_component>
      <object_component id="oc-7d">
         <name>.data</name>
         <load_address>0x2000dc20</load_address>
         <run_address>0x2000dc20</run_address>
         <size>0x34</size>
         <input_file_ref idref="fl-a"/>
      </object_component>
      <object_component id="oc-1f2">
         <name>.data</name>
         <load_address>0x2000dc64</load_address>
         <run_address>0x2000dc64</run_address>
         <size>0xc</size>
         <input_file_ref idref="fl-b"/>
      </object_component>
      <object_component id="oc-8a">
         <name>.data</name>
         <load_address>0x2000dc7c</load_address>
         <run_address>0x2000dc7c</run_address>
         <size>0x4</size>
         <input_file_ref idref="fl-d"/>
      </object_component>
      <object_component id="oc-1dd">
         <name>.data</name>
         <load_address>0x2000dc54</load_address>
         <run_address>0x2000dc54</run_address>
         <size>0x10</size>
         <input_file_ref idref="fl-f"/>
      </object_component>
      <object_component id="oc-3ca">
         <name>.data</name>
         <load_address>0x2000dc80</load_address>
         <run_address>0x2000dc80</run_address>
         <size>0x4</size>
         <input_file_ref idref="fl-e2"/>
      </object_component>
      <object_component id="oc-fa">
         <name>.bss:pxReadyTasksLists</name>
         <uninitialized>true</uninitialized>
         <run_address>0x2000c350</run_address>
         <size>0x64</size>
         <input_file_ref idref="fl-a"/>
      </object_component>
      <object_component id="oc-10f">
         <name>.bss:xDelayedTaskList1</name>
         <uninitialized>true</uninitialized>
         <run_address>0x2000c41c</run_address>
         <size>0x14</size>
         <input_file_ref idref="fl-a"/>
      </object_component>
      <object_component id="oc-112">
         <name>.bss:xDelayedTaskList2</name>
         <uninitialized>true</uninitialized>
         <run_address>0x2000c430</run_address>
         <size>0x14</size>
         <input_file_ref idref="fl-a"/>
      </object_component>
      <object_component id="oc-100">
         <name>.bss</name>
         <uninitialized>true</uninitialized>
         <run_address>0x2000c480</run_address>
         <size>0x8</size>
         <input_file_ref idref="fl-a"/>
      </object_component>
      <object_component id="oc-10c">
         <name>.bss:xPendingReadyList</name>
         <uninitialized>true</uninitialized>
         <run_address>0x2000c444</run_address>
         <size>0x14</size>
         <input_file_ref idref="fl-a"/>
      </object_component>
      <object_component id="oc-fd">
         <name>.bss:xTasksWaitingTermination</name>
         <uninitialized>true</uninitialized>
         <run_address>0x2000c46c</run_address>
         <size>0x14</size>
         <input_file_ref idref="fl-a"/>
      </object_component>
      <object_component id="oc-103">
         <name>.bss:xSuspendedTaskList</name>
         <uninitialized>true</uninitialized>
         <run_address>0x2000c458</run_address>
         <size>0x14</size>
         <input_file_ref idref="fl-a"/>
      </object_component>
      <object_component id="oc-1f8">
         <name>.bss:xActiveTimerList1</name>
         <uninitialized>true</uninitialized>
         <run_address>0x2000c3f4</run_address>
         <size>0x14</size>
         <input_file_ref idref="fl-b"/>
      </object_component>
      <object_component id="oc-1fb">
         <name>.bss:xActiveTimerList2</name>
         <uninitialized>true</uninitialized>
         <run_address>0x2000c408</run_address>
         <size>0x14</size>
         <input_file_ref idref="fl-b"/>
      </object_component>
      <object_component id="oc-1f5">
         <name>.bss</name>
         <uninitialized>true</uninitialized>
         <run_address>0x2000c488</run_address>
         <size>0x8</size>
         <input_file_ref idref="fl-b"/>
      </object_component>
      <object_component id="oc-1e3">
         <name>.bss:ucHeap</name>
         <uninitialized>true</uninitialized>
         <run_address>0x20000000</run_address>
         <size>0xc350</size>
         <input_file_ref idref="fl-f"/>
      </object_component>
      <object_component id="oc-1e0">
         <name>.bss:xStart</name>
         <uninitialized>true</uninitialized>
         <run_address>0x2000c490</run_address>
         <size>0x8</size>
         <input_file_ref idref="fl-f"/>
      </object_component>
      <object_component id="oc-185">
         <name>.common:eventsTaskHandle</name>
         <uninitialized>true</uninitialized>
         <run_address>0x2000c498</run_address>
         <size>0x4</size>
      </object_component>
      <object_component id="oc-259">
         <name>.common:xQueueRegistry</name>
         <uninitialized>true</uninitialized>
         <run_address>0x2000c3b4</run_address>
         <size>0x40</size>
      </object_component>
      <object_component id="oc-24">
         <name>.sysmem</name>
         <uninitialized>true</uninitialized>
         <run_address>0x2000c4a0</run_address>
         <size>0x8</size>
         <input_file_ref idref="fl-e4"/>
      </object_component>
      <object_component id="oc-466">
         <name>.sysmem</name>
         <uninitialized>true</uninitialized>
         <run_address>0x2000c4a0</run_address>
         <size>0x0</size>
      </object_component>
      <object_component id="oc-21">
         <name>.stack</name>
         <uninitialized>true</uninitialized>
         <run_address>0x2000da20</run_address>
         <size>0x4</size>
         <input_file_ref idref="fl-e1"/>
      </object_component>
      <object_component id="oc-465">
         <name>.stack</name>
         <uninitialized>true</uninitialized>
         <run_address>0x2000da20</run_address>
         <size>0x0</size>
      </object_component>
      <object_component id="oc-12f">
         <name>.debug_info</name>
         <load_address>0x0</load_address>
         <run_address>0x0</run_address>
         <size>0x2ff</size>
         <input_file_ref idref="fl-2"/>
      </object_component>
      <object_component id="oc-9b">
         <name>.debug_info</name>
         <load_address>0x2ff</load_address>
         <run_address>0x2ff</run_address>
         <size>0x26b</size>
         <input_file_ref idref="fl-2"/>
      </object_component>
      <object_component id="oc-41">
         <name>.debug_info</name>
         <load_address>0x56a</load_address>
         <run_address>0x56a</run_address>
         <size>0x84</size>
         <input_file_ref idref="fl-2"/>
      </object_component>
      <object_component id="oc-12a">
         <name>.debug_info</name>
         <load_address>0x5ee</load_address>
         <run_address>0x5ee</run_address>
         <size>0x297</size>
         <input_file_ref idref="fl-2"/>
      </object_component>
      <object_component id="oc-2c5">
         <name>.debug_info</name>
         <load_address>0x885</load_address>
         <run_address>0x885</run_address>
         <size>0xef</size>
         <input_file_ref idref="fl-2"/>
      </object_component>
      <object_component id="oc-a0">
         <name>.debug_info</name>
         <load_address>0x974</load_address>
         <run_address>0x974</run_address>
         <size>0xbb</size>
         <input_file_ref idref="fl-2"/>
      </object_component>
      <object_component id="oc-214">
         <name>.debug_info</name>
         <load_address>0xa2f</load_address>
         <run_address>0xa2f</run_address>
         <size>0xcc</size>
         <input_file_ref idref="fl-2"/>
      </object_component>
      <object_component id="oc-278">
         <name>.debug_info</name>
         <load_address>0xafb</load_address>
         <run_address>0xafb</run_address>
         <size>0x2c</size>
         <input_file_ref idref="fl-2"/>
      </object_component>
      <object_component id="oc-129">
         <name>.debug_info</name>
         <load_address>0xb27</load_address>
         <run_address>0xb27</run_address>
         <size>0x1d8</size>
         <input_file_ref idref="fl-3"/>
      </object_component>
      <object_component id="oc-e7">
         <name>.debug_info</name>
         <load_address>0xcff</load_address>
         <run_address>0xcff</run_address>
         <size>0x30c</size>
         <input_file_ref idref="fl-3"/>
      </object_component>
      <object_component id="oc-124">
         <name>.debug_info</name>
         <load_address>0x100b</load_address>
         <run_address>0x100b</run_address>
         <size>0x44c</size>
         <input_file_ref idref="fl-3"/>
      </object_component>
      <object_component id="oc-20d">
         <name>.debug_info</name>
         <load_address>0x1457</load_address>
         <run_address>0x1457</run_address>
         <size>0xcc</size>
         <input_file_ref idref="fl-3"/>
      </object_component>
      <object_component id="oc-8f">
         <name>.debug_info</name>
         <load_address>0x1523</load_address>
         <run_address>0x1523</run_address>
         <size>0x2c</size>
         <input_file_ref idref="fl-3"/>
      </object_component>
      <object_component id="oc-11a">
         <name>.debug_info</name>
         <load_address>0x154f</load_address>
         <run_address>0x154f</run_address>
         <size>0x53</size>
         <input_file_ref idref="fl-3"/>
      </object_component>
      <object_component id="oc-94">
         <name>.debug_info</name>
         <load_address>0x15a2</load_address>
         <run_address>0x15a2</run_address>
         <size>0x53</size>
         <input_file_ref idref="fl-3"/>
      </object_component>
      <object_component id="oc-11f">
         <name>.debug_info</name>
         <load_address>0x15f5</load_address>
         <run_address>0x15f5</run_address>
         <size>0x14c</size>
         <input_file_ref idref="fl-3"/>
      </object_component>
      <object_component id="oc-286">
         <name>.debug_info</name>
         <load_address>0x1741</load_address>
         <run_address>0x1741</run_address>
         <size>0x60c</size>
         <input_file_ref idref="fl-4"/>
      </object_component>
      <object_component id="oc-1ce">
         <name>.debug_info</name>
         <load_address>0x1d4d</load_address>
         <run_address>0x1d4d</run_address>
         <size>0x110</size>
         <input_file_ref idref="fl-4"/>
      </object_component>
      <object_component id="oc-1d8">
         <name>.debug_info</name>
         <load_address>0x1e5d</load_address>
         <run_address>0x1e5d</run_address>
         <size>0x44c</size>
         <input_file_ref idref="fl-4"/>
      </object_component>
      <object_component id="oc-336">
         <name>.debug_info</name>
         <load_address>0x22a9</load_address>
         <run_address>0x22a9</run_address>
         <size>0x39</size>
         <input_file_ref idref="fl-4"/>
      </object_component>
      <object_component id="oc-189">
         <name>.debug_info</name>
         <load_address>0x22e2</load_address>
         <run_address>0x22e2</run_address>
         <size>0x46</size>
         <input_file_ref idref="fl-4"/>
      </object_component>
      <object_component id="oc-33b">
         <name>.debug_info</name>
         <load_address>0x2328</load_address>
         <run_address>0x2328</run_address>
         <size>0x76</size>
         <input_file_ref idref="fl-4"/>
      </object_component>
      <object_component id="oc-1e9">
         <name>.debug_info</name>
         <load_address>0x239e</load_address>
         <run_address>0x239e</run_address>
         <size>0x360</size>
         <input_file_ref idref="fl-5"/>
      </object_component>
      <object_component id="oc-f5">
         <name>.debug_info</name>
         <load_address>0x26fe</load_address>
         <run_address>0x26fe</run_address>
         <size>0x452</size>
         <input_file_ref idref="fl-5"/>
      </object_component>
      <object_component id="oc-186">
         <name>.debug_info</name>
         <load_address>0x2b50</load_address>
         <run_address>0x2b50</run_address>
         <size>0x913</size>
         <input_file_ref idref="fl-6"/>
      </object_component>
      <object_component id="oc-183">
         <name>.debug_info</name>
         <load_address>0x3463</load_address>
         <run_address>0x3463</run_address>
         <size>0x11d</size>
         <input_file_ref idref="fl-6"/>
      </object_component>
      <object_component id="oc-c7">
         <name>.debug_info</name>
         <load_address>0x3580</load_address>
         <run_address>0x3580</run_address>
         <size>0xa5e</size>
         <input_file_ref idref="fl-6"/>
      </object_component>
      <object_component id="oc-281">
         <name>.debug_info</name>
         <load_address>0x3fde</load_address>
         <run_address>0x3fde</run_address>
         <size>0x44c</size>
         <input_file_ref idref="fl-6"/>
      </object_component>
      <object_component id="oc-25d">
         <name>.debug_info</name>
         <load_address>0x442a</load_address>
         <run_address>0x442a</run_address>
         <size>0x46</size>
         <input_file_ref idref="fl-6"/>
      </object_component>
      <object_component id="oc-137">
         <name>.debug_info</name>
         <load_address>0x4470</load_address>
         <run_address>0x4470</run_address>
         <size>0x2c</size>
         <input_file_ref idref="fl-6"/>
      </object_component>
      <object_component id="oc-25a">
         <name>.debug_info</name>
         <load_address>0x449c</load_address>
         <run_address>0x449c</run_address>
         <size>0x87d</size>
         <input_file_ref idref="fl-8"/>
      </object_component>
      <object_component id="oc-171">
         <name>.debug_info</name>
         <load_address>0x4d19</load_address>
         <run_address>0x4d19</run_address>
         <size>0x3380</size>
         <input_file_ref idref="fl-8"/>
      </object_component>
      <object_component id="oc-2e2">
         <name>.debug_info</name>
         <load_address>0x8099</load_address>
         <run_address>0x8099</run_address>
         <size>0x1cd</size>
         <input_file_ref idref="fl-8"/>
      </object_component>
      <object_component id="oc-e6">
         <name>.debug_info</name>
         <load_address>0x8266</load_address>
         <run_address>0x8266</run_address>
         <size>0x75c</size>
         <input_file_ref idref="fl-a"/>
      </object_component>
      <object_component id="oc-7e">
         <name>.debug_info</name>
         <load_address>0x89c2</load_address>
         <run_address>0x89c2</run_address>
         <size>0x349</size>
         <input_file_ref idref="fl-a"/>
      </object_component>
      <object_component id="oc-fb">
         <name>.debug_info</name>
         <load_address>0x8d0b</load_address>
         <run_address>0x8d0b</run_address>
         <size>0xf0</size>
         <input_file_ref idref="fl-a"/>
      </object_component>
      <object_component id="oc-110">
         <name>.debug_info</name>
         <load_address>0x8dfb</load_address>
         <run_address>0x8dfb</run_address>
         <size>0xf0</size>
         <input_file_ref idref="fl-a"/>
      </object_component>
      <object_component id="oc-113">
         <name>.debug_info</name>
         <load_address>0x8eeb</load_address>
         <run_address>0x8eeb</run_address>
         <size>0xf0</size>
         <input_file_ref idref="fl-a"/>
      </object_component>
      <object_component id="oc-101">
         <name>.debug_info</name>
         <load_address>0x8fdb</load_address>
         <run_address>0x8fdb</run_address>
         <size>0x133</size>
         <input_file_ref idref="fl-a"/>
      </object_component>
      <object_component id="oc-10d">
         <name>.debug_info</name>
         <load_address>0x910e</load_address>
         <run_address>0x910e</run_address>
         <size>0xf0</size>
         <input_file_ref idref="fl-a"/>
      </object_component>
      <object_component id="oc-fe">
         <name>.debug_info</name>
         <load_address>0x91fe</load_address>
         <run_address>0x91fe</run_address>
         <size>0xfe</size>
         <input_file_ref idref="fl-a"/>
      </object_component>
      <object_component id="oc-104">
         <name>.debug_info</name>
         <load_address>0x92fc</load_address>
         <run_address>0x92fc</run_address>
         <size>0xf2</size>
         <input_file_ref idref="fl-a"/>
      </object_component>
      <object_component id="oc-84">
         <name>.debug_info</name>
         <load_address>0x93ee</load_address>
         <run_address>0x93ee</run_address>
         <size>0x4548</size>
         <input_file_ref idref="fl-a"/>
      </object_component>
      <object_component id="oc-1d3">
         <name>.debug_info</name>
         <load_address>0xd936</load_address>
         <run_address>0xd936</run_address>
         <size>0x146</size>
         <input_file_ref idref="fl-a"/>
      </object_component>
      <object_component id="oc-1ff">
         <name>.debug_info</name>
         <load_address>0xda7c</load_address>
         <run_address>0xda7c</run_address>
         <size>0x82d</size>
         <input_file_ref idref="fl-b"/>
      </object_component>
      <object_component id="oc-1f9">
         <name>.debug_info</name>
         <load_address>0xe2a9</load_address>
         <run_address>0xe2a9</run_address>
         <size>0xf0</size>
         <input_file_ref idref="fl-b"/>
      </object_component>
      <object_component id="oc-1fc">
         <name>.debug_info</name>
         <load_address>0xe399</load_address>
         <run_address>0xe399</run_address>
         <size>0xf0</size>
         <input_file_ref idref="fl-b"/>
      </object_component>
      <object_component id="oc-1f6">
         <name>.debug_info</name>
         <load_address>0xe489</load_address>
         <run_address>0xe489</run_address>
         <size>0x128</size>
         <input_file_ref idref="fl-b"/>
      </object_component>
      <object_component id="oc-1f3">
         <name>.debug_info</name>
         <load_address>0xe5b1</load_address>
         <run_address>0xe5b1</run_address>
         <size>0x114</size>
         <input_file_ref idref="fl-b"/>
      </object_component>
      <object_component id="oc-109">
         <name>.debug_info</name>
         <load_address>0xe6c5</load_address>
         <run_address>0xe6c5</run_address>
         <size>0x1ae5</size>
         <input_file_ref idref="fl-b"/>
      </object_component>
      <object_component id="oc-200">
         <name>.debug_info</name>
         <load_address>0x101aa</load_address>
         <run_address>0x101aa</run_address>
         <size>0x1ce</size>
         <input_file_ref idref="fl-b"/>
      </object_component>
      <object_component id="oc-3a">
         <name>.debug_info</name>
         <load_address>0x10378</load_address>
         <run_address>0x10378</run_address>
         <size>0x33b</size>
         <input_file_ref idref="fl-c"/>
      </object_component>
      <object_component id="oc-10">
         <name>.debug_info</name>
         <load_address>0x106b3</load_address>
         <run_address>0x106b3</run_address>
         <size>0xfa</size>
         <input_file_ref idref="fl-c"/>
      </object_component>
      <object_component id="oc-28">
         <name>.debug_info</name>
         <load_address>0x107ad</load_address>
         <run_address>0x107ad</run_address>
         <size>0x27b</size>
         <input_file_ref idref="fl-c"/>
      </object_component>
      <object_component id="oc-8e">
         <name>.debug_info</name>
         <load_address>0x10a28</load_address>
         <run_address>0x10a28</run_address>
         <size>0x3f5</size>
         <input_file_ref idref="fl-d"/>
      </object_component>
      <object_component id="oc-81">
         <name>.debug_info</name>
         <load_address>0x10e1d</load_address>
         <run_address>0x10e1d</run_address>
         <size>0x11d</size>
         <input_file_ref idref="fl-d"/>
      </object_component>
      <object_component id="oc-8b">
         <name>.debug_info</name>
         <load_address>0x10f3a</load_address>
         <run_address>0x10f3a</run_address>
         <size>0x104</size>
         <input_file_ref idref="fl-d"/>
      </object_component>
      <object_component id="oc-33">
         <name>.debug_info</name>
         <load_address>0x1103e</load_address>
         <run_address>0x1103e</run_address>
         <size>0x624</size>
         <input_file_ref idref="fl-d"/>
      </object_component>
      <object_component id="oc-2e">
         <name>.debug_info</name>
         <load_address>0x11662</load_address>
         <run_address>0x11662</run_address>
         <size>0x255</size>
         <input_file_ref idref="fl-e"/>
      </object_component>
      <object_component id="oc-1e7">
         <name>.debug_info</name>
         <load_address>0x118b7</load_address>
         <run_address>0x118b7</run_address>
         <size>0x3fc</size>
         <input_file_ref idref="fl-f"/>
      </object_component>
      <object_component id="oc-1e4">
         <name>.debug_info</name>
         <load_address>0x11cb3</load_address>
         <run_address>0x11cb3</run_address>
         <size>0xe3</size>
         <input_file_ref idref="fl-f"/>
      </object_component>
      <object_component id="oc-1e1">
         <name>.debug_info</name>
         <load_address>0x11d96</load_address>
         <run_address>0x11d96</run_address>
         <size>0xe3</size>
         <input_file_ref idref="fl-f"/>
      </object_component>
      <object_component id="oc-1de">
         <name>.debug_info</name>
         <load_address>0x11e79</load_address>
         <run_address>0x11e79</run_address>
         <size>0x197</size>
         <input_file_ref idref="fl-f"/>
      </object_component>
      <object_component id="oc-f1">
         <name>.debug_info</name>
         <load_address>0x12010</load_address>
         <run_address>0x12010</run_address>
         <size>0x6a8</size>
         <input_file_ref idref="fl-f"/>
      </object_component>
      <object_component id="oc-2ab">
         <name>.debug_info</name>
         <load_address>0x126b8</load_address>
         <run_address>0x126b8</run_address>
         <size>0x62</size>
         <input_file_ref idref="fl-f"/>
      </object_component>
      <object_component id="oc-23e">
         <name>.debug_info</name>
         <load_address>0x1271a</load_address>
         <run_address>0x1271a</run_address>
         <size>0x392</size>
         <input_file_ref idref="fl-15"/>
      </object_component>
      <object_component id="oc-240">
         <name>.debug_info</name>
         <load_address>0x12aac</load_address>
         <run_address>0x12aac</run_address>
         <size>0x112</size>
         <input_file_ref idref="fl-15"/>
      </object_component>
      <object_component id="oc-16c">
         <name>.debug_info</name>
         <load_address>0x12bbe</load_address>
         <run_address>0x12bbe</run_address>
         <size>0x20c</size>
         <input_file_ref idref="fl-15"/>
      </object_component>
      <object_component id="oc-239">
         <name>.debug_info</name>
         <load_address>0x12dca</load_address>
         <run_address>0x12dca</run_address>
         <size>0x21c</size>
         <input_file_ref idref="fl-15"/>
      </object_component>
      <object_component id="oc-233">
         <name>.debug_info</name>
         <load_address>0x12fe6</load_address>
         <run_address>0x12fe6</run_address>
         <size>0x27f</size>
         <input_file_ref idref="fl-15"/>
      </object_component>
      <object_component id="oc-15a">
         <name>.debug_info</name>
         <load_address>0x13265</load_address>
         <run_address>0x13265</run_address>
         <size>0x1fb</size>
         <input_file_ref idref="fl-15"/>
      </object_component>
      <object_component id="oc-14e">
         <name>.debug_info</name>
         <load_address>0x13460</load_address>
         <run_address>0x13460</run_address>
         <size>0x220</size>
         <input_file_ref idref="fl-15"/>
      </object_component>
      <object_component id="oc-154">
         <name>.debug_info</name>
         <load_address>0x13680</load_address>
         <run_address>0x13680</run_address>
         <size>0x1e9</size>
         <input_file_ref idref="fl-15"/>
      </object_component>
      <object_component id="oc-253">
         <name>.debug_info</name>
         <load_address>0x13869</load_address>
         <run_address>0x13869</run_address>
         <size>0x8b</size>
         <input_file_ref idref="fl-15"/>
      </object_component>
      <object_component id="oc-22f">
         <name>.debug_info</name>
         <load_address>0x138f4</load_address>
         <run_address>0x138f4</run_address>
         <size>0x3ef</size>
         <input_file_ref idref="fl-17"/>
      </object_component>
      <object_component id="oc-226">
         <name>.debug_info</name>
         <load_address>0x13ce3</load_address>
         <run_address>0x13ce3</run_address>
         <size>0x104</size>
         <input_file_ref idref="fl-17"/>
      </object_component>
      <object_component id="oc-229">
         <name>.debug_info</name>
         <load_address>0x13de7</load_address>
         <run_address>0x13de7</run_address>
         <size>0x110</size>
         <input_file_ref idref="fl-17"/>
      </object_component>
      <object_component id="oc-2c1">
         <name>.debug_info</name>
         <load_address>0x13ef7</load_address>
         <run_address>0x13ef7</run_address>
         <size>0x10a</size>
         <input_file_ref idref="fl-17"/>
      </object_component>
      <object_component id="oc-22c">
         <name>.debug_info</name>
         <load_address>0x14001</load_address>
         <run_address>0x14001</run_address>
         <size>0x117</size>
         <input_file_ref idref="fl-17"/>
      </object_component>
      <object_component id="oc-147">
         <name>.debug_info</name>
         <load_address>0x14118</load_address>
         <run_address>0x14118</run_address>
         <size>0x1e6</size>
         <input_file_ref idref="fl-17"/>
      </object_component>
      <object_component id="oc-21c">
         <name>.debug_info</name>
         <load_address>0x142fe</load_address>
         <run_address>0x142fe</run_address>
         <size>0x1d9</size>
         <input_file_ref idref="fl-17"/>
      </object_component>
      <object_component id="oc-222">
         <name>.debug_info</name>
         <load_address>0x144d7</load_address>
         <run_address>0x144d7</run_address>
         <size>0x223</size>
         <input_file_ref idref="fl-17"/>
      </object_component>
      <object_component id="oc-143">
         <name>.debug_info</name>
         <load_address>0x146fa</load_address>
         <run_address>0x146fa</run_address>
         <size>0x403</size>
         <input_file_ref idref="fl-17"/>
      </object_component>
      <object_component id="oc-2d2">
         <name>.debug_info</name>
         <load_address>0x14afd</load_address>
         <run_address>0x14afd</run_address>
         <size>0x51</size>
         <input_file_ref idref="fl-17"/>
      </object_component>
      <object_component id="oc-251">
         <name>.debug_info</name>
         <load_address>0x14b4e</load_address>
         <run_address>0x14b4e</run_address>
         <size>0x379</size>
         <input_file_ref idref="fl-18"/>
      </object_component>
      <object_component id="oc-24c">
         <name>.debug_info</name>
         <load_address>0x14ec7</load_address>
         <run_address>0x14ec7</run_address>
         <size>0x1b0</size>
         <input_file_ref idref="fl-18"/>
      </object_component>
      <object_component id="oc-246">
         <name>.debug_info</name>
         <load_address>0x15077</load_address>
         <run_address>0x15077</run_address>
         <size>0x1b2</size>
         <input_file_ref idref="fl-18"/>
      </object_component>
      <object_component id="oc-15f">
         <name>.debug_info</name>
         <load_address>0x15229</load_address>
         <run_address>0x15229</run_address>
         <size>0x28f</size>
         <input_file_ref idref="fl-18"/>
      </object_component>
      <object_component id="oc-165">
         <name>.debug_info</name>
         <load_address>0x154b8</load_address>
         <run_address>0x154b8</run_address>
         <size>0x1dc</size>
         <input_file_ref idref="fl-18"/>
      </object_component>
      <object_component id="oc-414">
         <name>.debug_info</name>
         <load_address>0x15694</load_address>
         <run_address>0x15694</run_address>
         <size>0x2f2</size>
         <input_file_ref idref="fl-d1"/>
      </object_component>
      <object_component id="oc-3b5">
         <name>.debug_info</name>
         <load_address>0x15986</load_address>
         <run_address>0x15986</run_address>
         <size>0x21a</size>
         <input_file_ref idref="fl-d1"/>
      </object_component>
      <object_component id="oc-430">
         <name>.debug_info</name>
         <load_address>0x15ba0</load_address>
         <run_address>0x15ba0</run_address>
         <size>0x39</size>
         <input_file_ref idref="fl-d1"/>
      </object_component>
      <object_component id="oc-408">
         <name>.debug_info</name>
         <load_address>0x15bd9</load_address>
         <run_address>0x15bd9</run_address>
         <size>0x2c</size>
         <input_file_ref idref="fl-d1"/>
      </object_component>
      <object_component id="oc-40e">
         <name>.debug_info</name>
         <load_address>0x15c05</load_address>
         <run_address>0x15c05</run_address>
         <size>0x156</size>
         <input_file_ref idref="fl-d3"/>
      </object_component>
      <object_component id="oc-38f">
         <name>.debug_info</name>
         <load_address>0x15d5b</load_address>
         <run_address>0x15d5b</run_address>
         <size>0x144</size>
         <input_file_ref idref="fl-d5"/>
      </object_component>
      <object_component id="oc-2f8">
         <name>.debug_info</name>
         <load_address>0x15e9f</load_address>
         <run_address>0x15e9f</run_address>
         <size>0x120</size>
         <input_file_ref idref="fl-d6"/>
      </object_component>
      <object_component id="oc-37a">
         <name>.debug_info</name>
         <load_address>0x15fbf</load_address>
         <run_address>0x15fbf</run_address>
         <size>0x122</size>
         <input_file_ref idref="fl-d6"/>
      </object_component>
      <object_component id="oc-377">
         <name>.debug_info</name>
         <load_address>0x160e1</load_address>
         <run_address>0x160e1</run_address>
         <size>0x132</size>
         <input_file_ref idref="fl-d7"/>
      </object_component>
      <object_component id="oc-371">
         <name>.debug_info</name>
         <load_address>0x16213</load_address>
         <run_address>0x16213</run_address>
         <size>0x132</size>
         <input_file_ref idref="fl-d8"/>
      </object_component>
      <object_component id="oc-381">
         <name>.debug_info</name>
         <load_address>0x16345</load_address>
         <run_address>0x16345</run_address>
         <size>0x126</size>
         <input_file_ref idref="fl-d9"/>
      </object_component>
      <object_component id="oc-38a">
         <name>.debug_info</name>
         <load_address>0x1646b</load_address>
         <run_address>0x1646b</run_address>
         <size>0x124</size>
         <input_file_ref idref="fl-da"/>
      </object_component>
      <object_component id="oc-47">
         <name>.debug_info</name>
         <load_address>0x1658f</load_address>
         <run_address>0x1658f</run_address>
         <size>0x111</size>
         <input_file_ref idref="fl-db"/>
      </object_component>
      <object_component id="oc-bb">
         <name>.debug_info</name>
         <load_address>0x166a0</load_address>
         <run_address>0x166a0</run_address>
         <size>0x13f</size>
         <input_file_ref idref="fl-dd"/>
      </object_component>
      <object_component id="oc-b9">
         <name>.debug_info</name>
         <load_address>0x167df</load_address>
         <run_address>0x167df</run_address>
         <size>0x313</size>
         <input_file_ref idref="fl-de"/>
      </object_component>
      <object_component id="oc-59">
         <name>.debug_info</name>
         <load_address>0x16af2</load_address>
         <run_address>0x16af2</run_address>
         <size>0x1aa</size>
         <input_file_ref idref="fl-de"/>
      </object_component>
      <object_component id="oc-b4">
         <name>.debug_info</name>
         <load_address>0x16c9c</load_address>
         <run_address>0x16c9c</run_address>
         <size>0x46</size>
         <input_file_ref idref="fl-de"/>
      </object_component>
      <object_component id="oc-51">
         <name>.debug_info</name>
         <load_address>0x16ce2</load_address>
         <run_address>0x16ce2</run_address>
         <size>0x29d</size>
         <input_file_ref idref="fl-df"/>
      </object_component>
      <object_component id="oc-19">
         <name>.debug_info</name>
         <load_address>0x16f7f</load_address>
         <run_address>0x16f7f</run_address>
         <size>0x1df</size>
         <input_file_ref idref="fl-df"/>
      </object_component>
      <object_component id="oc-4c">
         <name>.debug_info</name>
         <load_address>0x1715e</load_address>
         <run_address>0x1715e</run_address>
         <size>0x46</size>
         <input_file_ref idref="fl-df"/>
      </object_component>
      <object_component id="oc-ac">
         <name>.debug_info</name>
         <load_address>0x171a4</load_address>
         <run_address>0x171a4</run_address>
         <size>0x2c</size>
         <input_file_ref idref="fl-df"/>
      </object_component>
      <object_component id="oc-aa">
         <name>.debug_info</name>
         <load_address>0x171d0</load_address>
         <run_address>0x171d0</run_address>
         <size>0x293</size>
         <input_file_ref idref="fl-e0"/>
      </object_component>
      <object_component id="oc-14">
         <name>.debug_info</name>
         <load_address>0x17463</load_address>
         <run_address>0x17463</run_address>
         <size>0x245</size>
         <input_file_ref idref="fl-e0"/>
      </object_component>
      <object_component id="oc-3c">
         <name>.debug_info</name>
         <load_address>0x176a8</load_address>
         <run_address>0x176a8</run_address>
         <size>0x60</size>
         <input_file_ref idref="fl-e0"/>
      </object_component>
      <object_component id="oc-130">
         <name>.debug_info</name>
         <load_address>0x17708</load_address>
         <run_address>0x17708</run_address>
         <size>0x46</size>
         <input_file_ref idref="fl-e0"/>
      </object_component>
      <object_component id="oc-a5">
         <name>.debug_info</name>
         <load_address>0x1774e</load_address>
         <run_address>0x1774e</run_address>
         <size>0x39</size>
         <input_file_ref idref="fl-e0"/>
      </object_component>
      <object_component id="oc-22">
         <name>.debug_info</name>
         <load_address>0x17787</load_address>
         <run_address>0x17787</run_address>
         <size>0x100</size>
         <input_file_ref idref="fl-e1"/>
      </object_component>
      <object_component id="oc-67">
         <name>.debug_info</name>
         <load_address>0x17887</load_address>
         <run_address>0x17887</run_address>
         <size>0x1a4</size>
         <input_file_ref idref="fl-e1"/>
      </object_component>
      <object_component id="oc-3ce">
         <name>.debug_info</name>
         <load_address>0x17a2b</load_address>
         <run_address>0x17a2b</run_address>
         <size>0x27e</size>
         <input_file_ref idref="fl-e2"/>
      </object_component>
      <object_component id="oc-3cb">
         <name>.debug_info</name>
         <load_address>0x17ca9</load_address>
         <run_address>0x17ca9</run_address>
         <size>0x103</size>
         <input_file_ref idref="fl-e2"/>
      </object_component>
      <object_component id="oc-322">
         <name>.debug_info</name>
         <load_address>0x17dac</load_address>
         <run_address>0x17dac</run_address>
         <size>0x143</size>
         <input_file_ref idref="fl-e2"/>
      </object_component>
      <object_component id="oc-190">
         <name>.debug_info</name>
         <load_address>0x17eef</load_address>
         <run_address>0x17eef</run_address>
         <size>0x117</size>
         <input_file_ref idref="fl-e3"/>
      </object_component>
      <object_component id="oc-7a">
         <name>.debug_info</name>
         <load_address>0x18006</load_address>
         <run_address>0x18006</run_address>
         <size>0x3bb</size>
         <input_file_ref idref="fl-e4"/>
      </object_component>
      <object_component id="oc-25">
         <name>.debug_info</name>
         <load_address>0x183c1</load_address>
         <run_address>0x183c1</run_address>
         <size>0x101</size>
         <input_file_ref idref="fl-e4"/>
      </object_component>
      <object_component id="oc-da">
         <name>.debug_info</name>
         <load_address>0x184c2</load_address>
         <run_address>0x184c2</run_address>
         <size>0x2c</size>
         <input_file_ref idref="fl-e4"/>
      </object_component>
      <object_component id="oc-df">
         <name>.debug_info</name>
         <load_address>0x184ee</load_address>
         <run_address>0x184ee</run_address>
         <size>0x62</size>
         <input_file_ref idref="fl-e4"/>
      </object_component>
      <object_component id="oc-277">
         <name>.debug_info</name>
         <load_address>0x18550</load_address>
         <run_address>0x18550</run_address>
         <size>0x328</size>
         <input_file_ref idref="fl-e7"/>
      </object_component>
      <object_component id="oc-17e">
         <name>.debug_info</name>
         <load_address>0x18878</load_address>
         <run_address>0x18878</run_address>
         <size>0x1c6</size>
         <input_file_ref idref="fl-e7"/>
      </object_component>
      <object_component id="oc-26c">
         <name>.debug_info</name>
         <load_address>0x18a3e</load_address>
         <run_address>0x18a3e</run_address>
         <size>0x182</size>
         <input_file_ref idref="fl-e7"/>
      </object_component>
      <object_component id="oc-272">
         <name>.debug_info</name>
         <load_address>0x18bc0</load_address>
         <run_address>0x18bc0</run_address>
         <size>0x162</size>
         <input_file_ref idref="fl-e7"/>
      </object_component>
      <object_component id="oc-3d1">
         <name>.debug_info</name>
         <load_address>0x18d22</load_address>
         <run_address>0x18d22</run_address>
         <size>0x2c</size>
         <input_file_ref idref="fl-e7"/>
      </object_component>
      <object_component id="oc-263">
         <name>.debug_info</name>
         <load_address>0x18d4e</load_address>
         <run_address>0x18d4e</run_address>
         <size>0x284</size>
         <input_file_ref idref="fl-e8"/>
      </object_component>
      <object_component id="oc-178">
         <name>.debug_info</name>
         <load_address>0x18fd2</load_address>
         <run_address>0x18fd2</run_address>
         <size>0x22a</size>
         <input_file_ref idref="fl-e8"/>
      </object_component>
      <object_component id="oc-3f6">
         <name>.debug_info</name>
         <load_address>0x191fc</load_address>
         <run_address>0x191fc</run_address>
         <size>0x10d</size>
         <input_file_ref idref="fl-ea"/>
      </object_component>
      <object_component id="oc-292">
         <name>.debug_info</name>
         <load_address>0x19309</load_address>
         <run_address>0x19309</run_address>
         <size>0x547</size>
         <input_file_ref idref="fl-eb"/>
      </object_component>
      <object_component id="oc-19b">
         <name>.debug_info</name>
         <load_address>0x19850</load_address>
         <run_address>0x19850</run_address>
         <size>0x19b</size>
         <input_file_ref idref="fl-eb"/>
      </object_component>
      <object_component id="oc-350">
         <name>.debug_info</name>
         <load_address>0x199eb</load_address>
         <run_address>0x199eb</run_address>
         <size>0x39</size>
         <input_file_ref idref="fl-eb"/>
      </object_component>
      <object_component id="oc-3e3">
         <name>.debug_info</name>
         <load_address>0x19a24</load_address>
         <run_address>0x19a24</run_address>
         <size>0x39</size>
         <input_file_ref idref="fl-eb"/>
      </object_component>
      <object_component id="oc-355">
         <name>.debug_info</name>
         <load_address>0x19a5d</load_address>
         <run_address>0x19a5d</run_address>
         <size>0x39</size>
         <input_file_ref idref="fl-eb"/>
      </object_component>
      <object_component id="oc-35a">
         <name>.debug_info</name>
         <load_address>0x19a96</load_address>
         <run_address>0x19a96</run_address>
         <size>0xcd</size>
         <input_file_ref idref="fl-eb"/>
      </object_component>
      <object_component id="oc-c1">
         <name>.debug_info</name>
         <load_address>0x19b63</load_address>
         <run_address>0x19b63</run_address>
         <size>0x148</size>
         <input_file_ref idref="fl-ec"/>
      </object_component>
      <object_component id="oc-325">
         <name>.debug_info</name>
         <load_address>0x19cab</load_address>
         <run_address>0x19cab</run_address>
         <size>0x8a6</size>
         <input_file_ref idref="fl-ee"/>
      </object_component>
      <object_component id="oc-2f0">
         <name>.debug_info</name>
         <load_address>0x1a551</load_address>
         <run_address>0x1a551</run_address>
         <size>0x213</size>
         <input_file_ref idref="fl-ee"/>
      </object_component>
      <object_component id="oc-394">
         <name>.debug_info</name>
         <load_address>0x1a764</load_address>
         <run_address>0x1a764</run_address>
         <size>0x1a8</size>
         <input_file_ref idref="fl-ee"/>
      </object_component>
      <object_component id="oc-39a">
         <name>.debug_info</name>
         <load_address>0x1a90c</load_address>
         <run_address>0x1a90c</run_address>
         <size>0x210</size>
         <input_file_ref idref="fl-ee"/>
      </object_component>
      <object_component id="oc-2fc">
         <name>.debug_info</name>
         <load_address>0x1ab1c</load_address>
         <run_address>0x1ab1c</run_address>
         <size>0x3b0</size>
         <input_file_ref idref="fl-ee"/>
      </object_component>
      <object_component id="oc-3a2">
         <name>.debug_info</name>
         <load_address>0x1aecc</load_address>
         <run_address>0x1aecc</run_address>
         <size>0x2fa</size>
         <input_file_ref idref="fl-ee"/>
      </object_component>
      <object_component id="oc-3a8">
         <name>.debug_info</name>
         <load_address>0x1b1c6</load_address>
         <run_address>0x1b1c6</run_address>
         <size>0x20a</size>
         <input_file_ref idref="fl-ee"/>
      </object_component>
      <object_component id="oc-302">
         <name>.debug_info</name>
         <load_address>0x1b3d0</load_address>
         <run_address>0x1b3d0</run_address>
         <size>0x20a</size>
         <input_file_ref idref="fl-ee"/>
      </object_component>
      <object_component id="oc-308">
         <name>.debug_info</name>
         <load_address>0x1b5da</load_address>
         <run_address>0x1b5da</run_address>
         <size>0x2f9</size>
         <input_file_ref idref="fl-ee"/>
      </object_component>
      <object_component id="oc-30e">
         <name>.debug_info</name>
         <load_address>0x1b8d3</load_address>
         <run_address>0x1b8d3</run_address>
         <size>0x4a5</size>
         <input_file_ref idref="fl-ee"/>
      </object_component>
      <object_component id="oc-266">
         <name>.debug_info</name>
         <load_address>0x1bd78</load_address>
         <run_address>0x1bd78</run_address>
         <size>0x5cd</size>
         <input_file_ref idref="fl-ee"/>
      </object_component>
      <object_component id="oc-326">
         <name>.debug_info</name>
         <load_address>0x1c345</load_address>
         <run_address>0x1c345</run_address>
         <size>0x86</size>
         <input_file_ref idref="fl-ee"/>
      </object_component>
      <object_component id="oc-3d6">
         <name>.debug_info</name>
         <load_address>0x1c3cb</load_address>
         <run_address>0x1c3cb</run_address>
         <size>0x39</size>
         <input_file_ref idref="fl-ee"/>
      </object_component>
      <object_component id="oc-424">
         <name>.debug_info</name>
         <load_address>0x1c404</load_address>
         <run_address>0x1c404</run_address>
         <size>0xb6</size>
         <input_file_ref idref="fl-ee"/>
      </object_component>
      <object_component id="oc-3db">
         <name>.debug_info</name>
         <load_address>0x1c4ba</load_address>
         <run_address>0x1c4ba</run_address>
         <size>0x46</size>
         <input_file_ref idref="fl-ee"/>
      </object_component>
      <object_component id="oc-32b">
         <name>.debug_info</name>
         <load_address>0x1c500</load_address>
         <run_address>0x1c500</run_address>
         <size>0x46</size>
         <input_file_ref idref="fl-ee"/>
      </object_component>
      <object_component id="oc-367">
         <name>.debug_info</name>
         <load_address>0x1c546</load_address>
         <run_address>0x1c546</run_address>
         <size>0x2ae</size>
         <input_file_ref idref="fl-ef"/>
      </object_component>
      <object_component id="oc-2eb">
         <name>.debug_info</name>
         <load_address>0x1c7f4</load_address>
         <run_address>0x1c7f4</run_address>
         <size>0x171</size>
         <input_file_ref idref="fl-ef"/>
      </object_component>
      <object_component id="oc-3f1">
         <name>.debug_info</name>
         <load_address>0x1c965</load_address>
         <run_address>0x1c965</run_address>
         <size>0xee</size>
         <input_file_ref idref="fl-f0"/>
      </object_component>
[...]
         <name>xTaskNotifyWait</name>
         <value>0x1681</value>
         <object_component_ref idref="oc-83"/>
      </symbol>
      <symbol id="sm-3eb">
         <name>vTaskMissedYield</name>
         <value>0x1023</value>
         <object_component_ref idref="oc-83"/>
      </symbol>
      <symbol id="sm-3ec">
         <name>uxTaskGetNumberOfTasks</name>
         <value>0xb51</value>
         <object_component_ref idref="oc-83"/>
      </symbol>
      <symbol id="sm-3ed">
         <name>xTaskGenericNotifyFromISR</name>
         <value>0x180d</value>
         <object_component_ref idref="oc-83"/>
      </symbol>
      <symbol id="sm-3ee">
         <name>vTaskGetInfo</name>
         <value>0x112d</value>
         <object_component_ref idref="oc-83"/>
      </symbol>
      <symbol id="sm-3ef">
         <name>uxTaskPriorityGet</name>
         <value>0x611</value>
         <object_component_ref idref="oc-83"/>
      </symbol>
      <symbol id="sm-3f0">
         <name>xTaskResumeAll</name>
         <value>0xa49</value>
         <object_component_ref idref="oc-83"/>
      </symbol>
      <symbol id="sm-3f1">
         <name>xTaskGetTickCount</name>
         <value>0xb2d</value>
         <object_component_ref idref="oc-83"/>
      </symbol>
      <symbol id="sm-3f2">
         <name>uxTaskGetSystemState</name>
         <value>0xb7d</value>
         <object_component_ref idref="oc-83"/>
      </symbol>
      <symbol id="sm-3f3">
         <name>vTaskDelete</name>
         <value>0x403</value>
         <object_component_ref idref="oc-83"/>
      </symbol>
      <symbol id="sm-3f4">
         <name>pxCurrentTCB</name>
         <value>0x2000dc20</value>
         <object_component_ref idref="oc-7d"/>
      </symbol>
      <symbol id="sm-3f5">
         <name>vTaskNotifyGiveFromISR</name>
         <value>0x191d</value>
         <object_component_ref idref="oc-83"/>
      </symbol>
      <symbol id="sm-3f6">
         <name>eTaskGetState</name>
         <value>0x57d</value>
         <object_component_ref idref="oc-83"/>
      </symbol>
      <symbol id="sm-3f7">
         <name>vTaskSuspend</name>
         <value>0x7a5</value>
         <object_component_ref idref="oc-83"/>
      </symbol>
      <symbol id="sm-3f8">
         <name>xTaskGetTickCountFromISR</name>
         <value>0xb3d</value>
         <object_component_ref idref="oc-83"/>
      </symbol>
      <symbol id="sm-3f9">
         <name>vTaskResume</name>
         <value>0x8b5</value>
         <object_component_ref idref="oc-83"/>
      </symbol>
      <symbol id="sm-3fa">
         <name>vTaskPlaceOnEventListRestricted</name>
         <value>0xe43</value>
         <object_component_ref idref="oc-83"/>
      </symbol>
      <symbol id="sm-3fb">
         <name>vTaskSetTimeOutState</name>
         <value>0xf65</value>
         <object_component_ref idref="oc-83"/>
      </symbol>
      <symbol id="sm-3fc">
         <name>xTaskIncrementTick</name>
         <value>0xc71</value>
         <object_component_ref idref="oc-83"/>
      </symbol>
      <symbol id="sm-3fd">
         <name>vTaskSwitchContext</name>
         <value>0xd95</value>
         <object_component_ref idref="oc-83"/>
      </symbol>
      <symbol id="sm-3fe">
         <name>uxTaskResetEventItemValue</name>
         <value>0x15c1</value>
         <object_component_ref idref="oc-83"/>
      </symbol>
      <symbol id="sm-3ff">
         <name>xTaskGetSchedulerState</name>
         <value>0x1319</value>
         <object_component_ref idref="oc-83"/>
      </symbol>
      <symbol id="sm-400">
         <name>xTaskResumeFromISR</name>
         <value>0x92f</value>
         <object_component_ref idref="oc-83"/>
      </symbol>
      <symbol id="sm-401">
         <name>xTaskGetCurrentTaskHandle</name>
         <value>0x12ff</value>
         <object_component_ref idref="oc-83"/>
      </symbol>
      <symbol id="sm-402">
         <name>vTaskPlaceOnUnorderedEventList</name>
         <value>0xe19</value>
         <object_component_ref idref="oc-83"/>
      </symbol>
      <symbol id="sm-403">
         <name>xTaskRemoveFromEventList</name>
         <value>0xe7d</value>
         <object_component_ref idref="oc-83"/>
      </symbol>
      <symbol id="sm-404">
         <name>xTaskPriorityInherit</name>
         <value>0x1365</value>
         <object_component_ref idref="oc-83"/>
      </symbol>
      <symbol id="sm-492">
         <name>vTimerSetTimerNumber</name>
         <value>0x378f</value>
         <object_component_ref idref="oc-106"/>
      </symbol>
      <symbol id="sm-493">
         <name>xTimerGetTimerDaemonTaskHandle</name>
         <value>0x3335</value>
         <object_component_ref idref="oc-106"/>
      </symbol>
      <symbol id="sm-494">
         <name>pcTimerGetName</name>
         <value>0x3363</value>
         <object_component_ref idref="oc-106"/>
      </symbol>
      <symbol id="sm-495">
         <name>xTimerCreateTimerTask</name>
         <value>0x3229</value>
         <object_component_ref idref="oc-106"/>
      </symbol>
      <symbol id="sm-496">
         <name>xTimerGetExpiryTime</name>
         <value>0x334d</value>
         <object_component_ref idref="oc-106"/>
      </symbol>
      <symbol id="sm-497">
         <name>uxTimerGetTimerNumber</name>
         <value>0x3781</value>
         <object_component_ref idref="oc-106"/>
      </symbol>
      <symbol id="sm-498">
         <name>xTimerIsTimerActive</name>
         <value>0x3721</value>
         <object_component_ref idref="oc-106"/>
      </symbol>
      <symbol id="sm-499">
         <name>xTimerGetPeriod</name>
         <value>0x333b</value>
         <object_component_ref idref="oc-106"/>
      </symbol>
      <symbol id="sm-49a">
         <name>xTimerCreate</name>
         <value>0x3255</value>
         <object_component_ref idref="oc-106"/>
      </symbol>
      <symbol id="sm-49b">
         <name>xTimerGenericCommand</name>
         <value>0x32c9</value>
         <object_component_ref idref="oc-106"/>
      </symbol>
      <symbol id="sm-49c">
         <name>pvTimerGetTimerID</name>
         <value>0x374d</value>
         <object_component_ref idref="oc-106"/>
      </symbol>
      <symbol id="sm-49d">
         <name>vTimerSetTimerID</name>
         <value>0x3767</value>
         <object_component_ref idref="oc-106"/>
      </symbol>
      <symbol id="sm-4b9">
         <name>ResetISR</name>
         <value>0x5a79</value>
         <object_component_ref idref="oc-27"/>
      </symbol>
      <symbol id="sm-4ba">
         <name>g_pfnVectors</name>
         <value>0x0</value>
         <object_component_ref idref="oc-f"/>
      </symbol>
      <symbol id="sm-4ea">
         <name>ulMaxSyscallInterruptPriority</name>
         <value>0x5e98</value>
         <object_component_ref idref="oc-80"/>
      </symbol>
      <symbol id="sm-4eb">
         <name>vPortSetupTimerInterrupt</name>
         <value>0x48e3</value>
         <object_component_ref idref="oc-32"/>
      </symbol>
      <symbol id="sm-4ec">
         <name>vPortEndScheduler</name>
         <value>0x4885</value>
         <object_component_ref idref="oc-32"/>
      </symbol>
      <symbol id="sm-4ed">
         <name>xPortSysTickHandler</name>
         <value>0x48bd</value>
         <object_component_ref idref="oc-32"/>
      </symbol>
      <symbol id="sm-4ee">
         <name>pxPortInitialiseStack</name>
         <value>0x47e5</value>
         <object_component_ref idref="oc-32"/>
      </symbol>
      <symbol id="sm-4ef">
         <name>vPortExitCritical</name>
         <value>0x48a7</value>
         <object_component_ref idref="oc-32"/>
      </symbol>
      <symbol id="sm-4f0">
         <name>xPortStartScheduler</name>
         <value>0x484f</value>
         <object_component_ref idref="oc-32"/>
      </symbol>
      <symbol id="sm-4f1">
         <name>vPortEnterCritical</name>
         <value>0x4887</value>
         <object_component_ref idref="oc-32"/>
      </symbol>
      <symbol id="sm-500">
         <name>vPortStartFirstTask</name>
         <value>0x5089</value>
         <object_component_ref idref="oc-2d"/>
      </symbol>
      <symbol id="sm-501">
         <name>ulPortGetIPSR</name>
         <value>0x4ff1</value>
         <object_component_ref idref="oc-2d"/>
      </symbol>
      <symbol id="sm-502">
         <name>vPortEnableVFP</name>
         <value>0x50ad</value>
         <object_component_ref idref="oc-2d"/>
      </symbol>
      <symbol id="sm-503">
         <name>xPortPendSVHandler</name>
         <value>0x5009</value>
         <object_component_ref idref="oc-2d"/>
      </symbol>
      <symbol id="sm-504">
         <name>vPortSVCHandler</name>
         <value>0x5069</value>
         <object_component_ref idref="oc-2d"/>
      </symbol>
      <symbol id="sm-553">
         <name>vPortInitialiseBlocks</name>
         <value>0x3d55</value>
         <object_component_ref idref="oc-ee"/>
      </symbol>
      <symbol id="sm-554">
         <name>xPortGetFreeHeapSize</name>
         <value>0x3d49</value>
         <object_component_ref idref="oc-ee"/>
      </symbol>
      <symbol id="sm-555">
         <name>pvPortMalloc</name>
         <value>0x3bf5</value>
         <object_component_ref idref="oc-ee"/>
      </symbol>
      <symbol id="sm-556">
         <name>vPortFree</name>
         <value>0x3cf7</value>
         <object_component_ref idref="oc-ee"/>
      </symbol>
      <symbol id="sm-557">
         <name>xPortGetMinimumEverFreeHeapSize</name>
         <value>0x3d4f</value>
         <object_component_ref idref="oc-ee"/>
      </symbol>
      <symbol id="sm-59f">
         <name>GPIOPinConfigure</name>
         <value>0x565d</value>
         <object_component_ref idref="oc-152"/>
      </symbol>
      <symbol id="sm-5a0">
         <name>GPIOPinTypeUART</name>
         <value>0x59e5</value>
         <object_component_ref idref="oc-158"/>
      </symbol>
      <symbol id="sm-5a1">
         <name>GPIOPinTypeGPIOOutput</name>
         <value>0x59b5</value>
         <object_component_ref idref="oc-14c"/>
      </symbol>
      <symbol id="sm-5a2">
         <name>GPIODirModeSet</name>
         <value>0x592b</value>
         <object_component_ref idref="oc-237"/>
      </symbol>
      <symbol id="sm-5a3">
         <name>GPIOPinWrite</name>
         <value>0x5aa1</value>
         <object_component_ref idref="oc-16a"/>
      </symbol>
      <symbol id="sm-5a4">
         <name>GPIOPadConfigSet</name>
         <value>0x4a57</value>
         <object_component_ref idref="oc-231"/>
      </symbol>
      <symbol id="sm-613">
         <name>SysCtlPeripheralEnable</name>
         <value>0x58c9</value>
         <object_component_ref idref="oc-146"/>
      </symbol>
      <symbol id="sm-614">
         <name>SysCtlClockFreqSet</name>
         <value>0x4121</value>
         <object_component_ref idref="oc-140"/>
      </symbol>
      <symbol id="sm-63e">
         <name>UARTConfigSetExpClk</name>
         <value>0x5785</value>
         <object_component_ref idref="oc-15e"/>
      </symbol>
      <symbol id="sm-63f">
         <name>UARTDisable</name>
         <value>0x5959</value>
         <object_component_ref idref="oc-244"/>
      </symbol>
      <symbol id="sm-640">
         <name>UARTCharPut</name>
         <value>0x5a85</value>
         <object_component_ref idref="oc-164"/>
      </symbol>
      <symbol id="sm-641">
         <name>UARTEnable</name>
         <value>0x5a11</value>
         <object_component_ref idref="oc-24a"/>
      </symbol>
      <symbol id="sm-66b">
         <name>scalbn</name>
         <value>0x4dd5</value>
         <object_component_ref idref="oc-3b4"/>
      </symbol>
      <symbol id="sm-66c">
         <name>scalbnl</name>
         <value>0x4dd5</value>
         <object_component_ref idref="oc-3b4"/>
      </symbol>
      <symbol id="sm-66d">
         <name>ldexpl</name>
         <value>0x4dd5</value>
         <object_component_ref idref="oc-3b4"/>
      </symbol>
      <symbol id="sm-66e">
         <name>ldexp</name>
         <value>0x4dd5</value>
         <object_component_ref idref="oc-3b4"/>
      </symbol>
      <symbol id="sm-679">
         <name>copysign</name>
         <value>0x5a25</value>
         <object_component_ref idref="oc-40d"/>
      </symbol>
      <symbol id="sm-67a">
         <name>copysignl</name>
         <value>0x5a25</value>
         <object_component_ref idref="oc-40d"/>
      </symbol>
      <symbol id="sm-692">
         <name>__aeabi_dsub</name>
         <value>0x44f1</value>
         <object_component_ref idref="oc-38e"/>
      </symbol>
      <symbol id="sm-693">
         <name>__aeabi_dadd</name>
         <value>0x44fb</value>
         <object_component_ref idref="oc-38e"/>
      </symbol>
      <symbol id="sm-6b5">
         <name>__aeabi_cdcmpeq</name>
         <value>0x52a1</value>
         <object_component_ref idref="oc-2f5"/>
      </symbol>
      <symbol id="sm-6b6">
         <name>__aeabi_cdcmple</name>
         <value>0x52a1</value>
         <object_component_ref idref="oc-2f5"/>
      </symbol>
      <symbol id="sm-6b7">
         <name>__aeabi_cdrcmple</name>
         <value>0x5327</value>
         <object_component_ref idref="oc-379"/>
      </symbol>
      <symbol id="sm-6cb">
         <name>__aeabi_ddiv</name>
         <value>0x4921</value>
         <object_component_ref idref="oc-374"/>
      </symbol>
      <symbol id="sm-6d6">
         <name>__aeabi_dmul</name>
         <value>0x4ee5</value>
         <object_component_ref idref="oc-36f"/>
      </symbol>
      <symbol id="sm-6e0">
         <name>__aeabi_d2iz</name>
         <value>0x573d</value>
         <object_component_ref idref="oc-37e"/>
      </symbol>
      <symbol id="sm-6ea">
         <name>__aeabi_i2d</name>
         <value>0x58fd</value>
         <object_component_ref idref="oc-389"/>
      </symbol>
      <symbol id="sm-705">
         <name>memcpy</name>
         <value>0x516f</value>
         <object_component_ref idref="oc-46"/>
      </symbol>
      <symbol id="sm-706">
         <name>__aeabi_memcpy</name>
         <value>0x516f</value>
         <object_component_ref idref="oc-46"/>
      </symbol>
      <symbol id="sm-707">
         <name>__aeabi_memcpy8</name>
         <value>0x516f</value>
         <object_component_ref idref="oc-46"/>
      </symbol>
      <symbol id="sm-708">
         <name>__aeabi_memcpy4</name>
         <value>0x516f</value>
         <object_component_ref idref="oc-46"/>
      </symbol>
      <symbol id="sm-718">
         <name>__aeabi_memset</name>
         <value>0x53af</value>
         <object_component_ref idref="oc-ba"/>
      </symbol>
      <symbol id="sm-719">
         <name>memset</name>
         <value>0x53b5</value>
         <object_component_ref idref="oc-ba"/>
      </symbol>
      <symbol id="sm-71a">
         <name>__aeabi_memset8</name>
         <value>0x53af</value>
         <object_component_ref idref="oc-ba"/>
      </symbol>
      <symbol id="sm-71b">
         <name>__aeabi_memset4</name>
         <value>0x53af</value>
         <object_component_ref idref="oc-ba"/>
      </symbol>
      <symbol id="sm-71c">
         <name>__aeabi_memclr8</name>
         <value>0x53ad</value>
         <object_component_ref idref="oc-ba"/>
      </symbol>
      <symbol id="sm-71d">
         <name>__aeabi_memclr4</name>
         <value>0x53ad</value>
         <object_component_ref idref="oc-ba"/>
      </symbol>
      <symbol id="sm-71e">
         <name>__aeabi_memclr</name>
         <value>0x53ad</value>
         <object_component_ref idref="oc-ba"/>
      </symbol>
      <symbol id="sm-730">
         <name>__TI_zero_init</name>
         <value>0x5a6d</value>
         <object_component_ref idref="oc-58"/>
      </symbol>
      <symbol id="sm-747">
         <name>__TI_decompress_none</name>
         <value>0x5a5f</value>
         <object_component_ref idref="oc-18"/>
      </symbol>
      <symbol id="sm-76a">
         <name>__TI_decompress_lzss</name>
         <value>0x5495</value>
         <object_component_ref idref="oc-12"/>
      </symbol>
      <symbol id="sm-77d">
         <name>__stack</name>
         <value>0x2000da20</value>
         <object_component_ref idref="oc-21"/>
      </symbol>
      <symbol id="sm-77e">
         <name>_c_int00_noargs</name>
         <value>0x5891</value>
         <object_component_ref idref="oc-64"/>
      </symbol>
      <symbol id="sm-794">
         <name>__aeabi_errno_addr</name>
         <value>0x5a99</value>
         <object_component_ref idref="oc-31e"/>
      </symbol>
      <symbol id="sm-795">
         <name>errno</name>
         <value>0x2000dc80</value>
         <object_component_ref idref="oc-3ca"/>
      </symbol>
      <symbol id="sm-7a0">
         <name>C$$EXIT</name>
         <value>0x5aab</value>
         <object_component_ref idref="oc-18e"/>
      </symbol>
      <symbol id="sm-7a1">
         <name>abort</name>
         <value>0x5aab</value>
         <object_component_ref idref="oc-18e"/>
      </symbol>
      <symbol id="sm-7b6">
         <name>_sys_memory</name>
         <value>0x2000c4a0</value>
         <object_component_ref idref="oc-24"/>
      </symbol>
      <symbol id="sm-7df">
         <name>sprintf</name>
         <value>0x5811</value>
         <object_component_ref idref="oc-17c"/>
      </symbol>
      <symbol id="sm-7ed">
         <name>strlen</name>
         <value>0x5a39</value>
         <object_component_ref idref="oc-176"/>
      </symbol>
      <symbol id="sm-7f8">
         <name>__aeabi_idiv0</name>
         <value>0x3227</value>
         <object_component_ref idref="oc-3f4"/>
      </symbol>
      <symbol id="sm-7f9">
         <name>__aeabi_ldiv0</name>
         <value>0x3227</value>
         <object_component_ref idref="oc-3f4"/>
      </symbol>
      <symbol id="sm-821">
         <name>__TI_auto_init_nobinit_nopinit</name>
         <value>0x57cd</value>
         <object_component_ref idref="oc-19a"/>
      </symbol>
      <symbol id="sm-82b">
         <name>_system_pre_init</name>
         <value>0x5aa7</value>
         <object_component_ref idref="oc-c0"/>
      </symbol>
      <symbol id="sm-991">
         <name>__TI_printfi</name>
         <value>0x27c9</value>
         <object_component_ref idref="oc-264"/>
      </symbol>
      <symbol id="sm-9a7">
         <name>atoi</name>
         <value>0x56a9</value>
         <object_component_ref idref="oc-2e9"/>
      </symbol>
      <symbol id="sm-9b2">
         <name>_ctypes_</name>
         <value>0x5c60</value>
         <object_component_ref idref="oc-363"/>
      </symbol>
      <symbol id="sm-9c1">
         <name>ltoa</name>
         <value>0x55b7</value>
         <object_component_ref idref="oc-383"/>
      </symbol>
      <symbol id="sm-9d1">
         <name>memccpy</name>
         <value>0x5999</value>
         <object_component_ref idref="oc-312"/>
      </symbol>
      <symbol id="sm-9e1">
         <name>strchr</name>
         <value>0x59fb</value>
         <object_component_ref idref="oc-3ba"/>
      </symbol>
      <symbol id="sm-9f7">
         <name>frexpl</name>
         <value>0x54fd</value>
         <object_component_ref idref="oc-3ae"/>
      </symbol>
      <symbol id="sm-9f8">
         <name>frexp</name>
         <value>0x54fd</value>
         <object_component_ref idref="oc-3ae"/>
      </symbol>
      <symbol id="sm-a11">
         <name>wcslen</name>
         <value>0x5a4d</value>
         <object_component_ref idref="oc-318"/>
      </symbol>
      <symbol id="sm-a1e">
         <name>__aeabi_uldivmod</name>
         <value>0x520b</value>
         <object_component_ref idref="oc-368"/>
      </symbol>
      <symbol id="sm-a1f">
         <name>__TI_static_base__</name>
         <value>0x0</value>
      </symbol>
      <symbol id="sm-a22">
         <name>__mpu_init</name>
         <value>0x0</value>
      </symbol>
      <symbol id="sm-a23">
         <name>_system_post_cinit</name>
         <value>0x0</value>
      </symbol>
   </symbol_table>
   <title>Link successful</title>
</link_info>
