******************************************************************************
                  TI ARM Linker PC v18.1.1                     
******************************************************************************
>> Linked Sun Apr  8 14:40:05 2018

OUTPUT FILE NAME:   <hw5freertos.out>
ENTRY POINT SYMBOL: "_c_int00_noargs"  address: 00003c59


MEMORY CONFIGURATION

         name            origin    length      used     unused   attr    fill
----------------------  --------  ---------  --------  --------  ----  --------
  FLASH                 00000000   00100000  000040e4  000fbf1c  R  X
  SRAM                  20000000   00040000  0000d2f2  00032d0e  RW X


SEGMENT ALLOCATION MAP

run origin  load origin   length   init length attrs members
----------  ----------- ---------- ----------- ----- -------
00000000    00000000    000040e8   000040e8    r-x
  00000000    00000000    00000208   00000208    r-- .intvecs
  00000208    00000208    00003bbc   00003bbc    r-x .text
  00003dc4    00003dc4    000002e8   000002e8    r-- .const
  000040b0    000040b0    00000038   00000038    r-- .cinit
20000000    20000000    0000d2f6   00000000    rw-
  20000000    20000000    0000c49c   00000000    rw- .bss
  2000c4a0    2000c4a0    00000c00   00000000    rw- .sysmem
  2000d0a0    2000d0a0    00000200   00000000    rw- .stack
  2000d2a0    2000d2a0    00000056   00000000    rw- .data


SECTION ALLOCATION MAP

 output                                  attributes/
section   page    origin      length       input sections
--------  ----  ----------  ----------   ----------------
.intvecs   0    00000000    00000208     
                  00000000    00000208     tm4c1294ncpdt_startup_ccs.obj (.intvecs)

.text      0    00000208    00003bbc     
                  00000208    000018bc     tasks.obj (.text)
                  00001ac4    00000d04     queue.obj (.text)
                  000027c8    00000594     timers.obj (.text)
                  00002d5c    00000330     main.obj (.text)
                  0000308c    000002bc     heap_4.obj (.text)
                  00003348    00000200     driverlib.lib : sysctl.obj (.text:SysCtlClockFreqSet)
                  00003548    0000013c     port.obj (.text)
                  00003684    00000132     driverlib.lib : gpio.obj (.text:GPIOPadConfigSet)
                  000037b6    0000012a     list.obj (.text)
                  000038e0    000000da     portasm.obj (.text)
                  000039ba    0000009c     rtsv7M4_T_le_v4SPD16_eabi.lib : memcpy_t2.asm.obj (.text)
                  00003a56    0000007a                                   : memset_t2.asm.obj (.text)
                  00003ad0    00000068                                   : copy_decompress_lzss.c.obj (.text:decompress:lzss:__TI_decompress_lzss)
                  00003b38    0000004c     driverlib.lib : gpio.obj (.text:GPIOPinConfigure)
                  00003b84    00000048                   : sysctl.obj (.text:_SysCtlFrequencyGet)
                  00003bcc    00000046                   : uart.obj (.text:UARTConfigSetExpClk)
                  00003c12    00000002     --HOLE-- [fill = 0]
                  00003c14    00000044     rtsv7M4_T_le_v4SPD16_eabi.lib : autoinit.c.obj (.text:__TI_auto_init_nobinit_nopinit:__TI_auto_init_nobinit_nopinit)
                  00003c58    00000038                                   : boot_cortex_m.c.obj (.text:_c_int00_noargs:_c_int00_noargs)
                  00003c90    00000034     driverlib.lib : sysctl.obj (.text:SysCtlPeripheralEnable)
                  00003cc4    0000002c                   : gpio.obj (.text:GPIODirModeSet)
                  00003cf0    00000020                   : uart.obj (.text:UARTDisable)
                  00003d10    00000020                   : sysctl.obj (.text:_SysCtlMemTimingGet)
                  00003d30    00000018                   : gpio.obj (.text:GPIOPinTypeGPIOOutput)
                  00003d48    00000016                   : gpio.obj (.text:GPIOPinTypeUART)
                  00003d5e    00000014                   : uart.obj (.text:UARTEnable)
                  00003d72    00000014     rtsv7M4_T_le_v4SPD16_eabi.lib : strlen.c.obj (.text:strlen)
                  00003d86    0000000e                                   : copy_decompress_none.c.obj (.text:decompress:none:__TI_decompress_none)
                  00003d94    0000000c                                   : copy_zero_init.c.obj (.text:decompress:ZI:__TI_zero_init)
                  00003da0    0000000c     tm4c1294ncpdt_startup_ccs.obj (.text)
                  00003dac    0000000a     driverlib.lib : uart.obj (.text:UARTCharPut)
                  00003db6    00000006                   : gpio.obj (.text:GPIOPinWrite)
                  00003dbc    00000004     rtsv7M4_T_le_v4SPD16_eabi.lib : pre_init.c.obj (.text:_system_pre_init)
                  00003dc0    00000004                                   : exit.c.obj (.text:abort:abort)

.const     0    00003dc4    000002e8     
                  00003dc4    000001b0     driverlib.lib : sysctl.obj (.const:g_pppui32XTALtoVCO)
                  00003f74    00000090                   : gpio.obj (.const:g_pui32GPIOBaseAddrs)
                  00004004    0000006c                   : sysctl.obj (.const:g_pui32Xtals)
                  00004070    00000030                   : sysctl.obj (.const:g_sXTALtoMEMTIM)
                  000040a0    00000008                   : sysctl.obj (.const:g_pui32VCOFrequencies)
                  000040a8    00000004     port.obj (.const)

.cinit     0    000040b0    00000038     
                  000040b0    0000000d     (.cinit..data.load) [load image, compression = lzss]
                  000040bd    00000003     --HOLE-- [fill = 0]
                  000040c0    0000000c     (__TI_handler_table)
                  000040cc    00000004     --HOLE-- [fill = 0]
                  000040d0    00000008     (.cinit..bss.load) [load image, compression = zero_init]
                  000040d8    00000010     (__TI_cinit_table)

.init_array 
*          0    00000000    00000000     UNINITIALIZED

.bss       0    20000000    0000c49c     UNINITIALIZED
                  20000000    0000c350     heap_4.obj (.bss:ucHeap)
                  2000c350    00000064     tasks.obj (.bss:pxReadyTasksLists)
                  2000c3b4    00000040     (.common:xQueueRegistry)
                  2000c3f4    00000014     timers.obj (.bss:xActiveTimerList1)
                  2000c408    00000014     timers.obj (.bss:xActiveTimerList2)
                  2000c41c    00000014     tasks.obj (.bss:xDelayedTaskList1)
                  2000c430    00000014     tasks.obj (.bss:xDelayedTaskList2)
                  2000c444    00000014     tasks.obj (.bss:xPendingReadyList)
                  2000c458    00000014     tasks.obj (.bss:xSuspendedTaskList)
                  2000c46c    00000014     tasks.obj (.bss:xTasksWaitingTermination)
                  2000c480    00000008     tasks.obj (.bss)
                  2000c488    00000008     timers.obj (.bss)
                  2000c490    00000008     heap_4.obj (.bss:xStart)
                  2000c498    00000004     (.common:SysClkFreq)

.sysmem    0    2000c4a0    00000c00     UNINITIALIZED
                  2000c4a0    00000008     rtsv7M4_T_le_v4SPD16_eabi.lib : memory.c.obj (.sysmem)
                  2000c4a8    00000bf8     --HOLE--

.stack     0    2000d0a0    00000200     UNINITIALIZED
                  2000d0a0    00000004     rtsv7M4_T_le_v4SPD16_eabi.lib : boot_cortex_m.c.obj (.stack)
                  2000d0a4    000001fc     --HOLE--

.data      0    2000d2a0    00000056     UNINITIALIZED
                  2000d2a0    00000034     tasks.obj (.data)
                  2000d2d4    00000010     heap_4.obj (.data)
                  2000d2e4    0000000c     timers.obj (.data)
                  2000d2f0    00000004     port.obj (.data)
                  2000d2f4    00000002     main.obj (.data)

MODULE SUMMARY

       Module                          code    ro data   rw data
       ------                          ----    -------   -------
    .\
       tasks.obj                       6332    0         260    
       queue.obj                       3332    0         64     
       timers.obj                      1428    0         60     
       main.obj                        816     0         6      
       tm4c1294ncpdt_startup_ccs.obj   12      520       0      
       list.obj                        298     0         0      
    +--+-------------------------------+-------+---------+---------+
       Total:                          12218   520       390    
                                                                
    .\portable\
       heap_4.obj                      700     0         50024  
    +--+-------------------------------+-------+---------+---------+
       Total:                          700     0         50024  
                                                                
    .\portable\CCS\ARM_CM4F\
       port.obj                        316     4         4      
       portasm.obj                     218     0         0      
    +--+-------------------------------+-------+---------+---------+
       Total:                          534     4         4      
                                                                
    C:/ti/TivaWare_C_Series-2.1.4.178/driverlib/ccs/Debug/driverlib.lib
       sysctl.obj                      668     596       0      
       gpio.obj                        478     144       0      
       uart.obj                        132     0         0      
    +--+-------------------------------+-------+---------+---------+
       Total:                          1278    740       0      
                                                                
    C:\ti\ccsv8\tools\compiler\ti-cgt-arm_18.1.1.LTS\lib\rtsv7M4_T_le_v4SPD16_eabi.lib
       memcpy_t2.asm.obj               156     0         0      
       memset_t2.asm.obj               122     0         0      
       copy_decompress_lzss.c.obj      104     0         0      
       autoinit.c.obj                  68      0         0      
       boot_cortex_m.c.obj             56      0         0      
       strlen.c.obj                    20      0         0      
       copy_decompress_none.c.obj      14      0         0      
       copy_zero_init.c.obj            12      0         0      
       exit.c.obj                      4       0         0      
       pre_init.c.obj                  4       0         0      
    +--+-------------------------------+-------+---------+---------+
       Total:                          560     0         0      
                                                                
       Heap:                           0       0         3072   
       Stack:                          0       0         512    
       Linker Generated:               0       49        0      
    +--+-------------------------------+-------+---------+---------+
       Grand Total:                    15290   1313      54002  


LINKER GENERATED COPY TABLES

__TI_cinit_table @ 000040d8 records: 2, size/record: 8, table size: 16
	.data: load addr=000040b0, load size=0000000d bytes, run addr=2000d2a0, run size=00000056 bytes, compression=lzss
	.bss: load addr=000040d0, load size=00000008 bytes, run addr=20000000, run size=0000c49c bytes, compression=zero_init


LINKER GENERATED HANDLER TABLE

__TI_handler_table @ 000040c0 records: 3, size/record: 4, table size: 12
	index: 0, handler: __TI_decompress_lzss
	index: 1, handler: __TI_decompress_none
	index: 2, handler: __TI_zero_init


GLOBAL SYMBOLS: SORTED ALPHABETICALLY BY Name 

address   name                               
-------   ----                               
00003dc1  C$$EXIT                            
00003cc5  GPIODirModeSet                     
00003685  GPIOPadConfigSet                   
00003b39  GPIOPinConfigure                   
00003d31  GPIOPinTypeGPIOOutput              
00003d49  GPIOPinTypeUART                    
00003db7  GPIOPinWrite                       
00003da1  ResetISR                           
2000c498  SysClkFreq                         
00003349  SysCtlClockFreqSet                 
00003c91  SysCtlPeripheralEnable             
00003dad  UARTCharPut                        
00003bcd  UARTConfigSetExpClk                
00003cf1  UARTDisable                        
00003d5f  UARTEnable                         
2000d2a0  __STACK_END                        
00000200  __STACK_SIZE                       
2000d2a0  __STACK_TOP                        
00000c00  __SYSMEM_SIZE                      
000040d8  __TI_CINIT_Base                    
000040e8  __TI_CINIT_Limit                   
000040c0  __TI_Handler_Table_Base            
000040cc  __TI_Handler_Table_Limit           
00003c15  __TI_auto_init_nobinit_nopinit     
00003ad1  __TI_decompress_lzss               
00003d87  __TI_decompress_none               
ffffffff  __TI_pprof_out_hndl                
ffffffff  __TI_prof_data_size                
ffffffff  __TI_prof_data_start               
00000000  __TI_static_base__                 
00003d95  __TI_zero_init                     
00003a57  __aeabi_memclr                     
00003a57  __aeabi_memclr4                    
00003a57  __aeabi_memclr8                    
000039bb  __aeabi_memcpy                     
000039bb  __aeabi_memcpy4                    
000039bb  __aeabi_memcpy8                    
00003a59  __aeabi_memset                     
00003a59  __aeabi_memset4                    
00003a59  __aeabi_memset8                    
ffffffff  __binit__                          
ffffffff  __c_args__                         
UNDEFED   __mpu_init                         
2000d0a0  __stack                            
00003c59  _c_int00_noargs                    
2000c4a0  _sys_memory                        
UNDEFED   _system_post_cinit                 
00003dbd  _system_pre_init                   
00003dc1  abort                              
ffffffff  binit                              
0000057d  eTaskGetState                      
00000000  g_pfnVectors                       
00002d5d  main                               
000039bb  memcpy                             
00003a5f  memset                             
00002e97  my_UARTprintString                 
000026df  pcQueueGetName                     
00000b57  pcTaskGetName                      
00002903  pcTimerGetName                     
0000308d  pvPortMalloc                       
000015e3  pvTaskIncrementMutexHeldCount      
00002ced  pvTimerGetTimerID                  
2000d2a0  pxCurrentTCB                       
00003549  pxPortInitialiseStack              
00003d73  strlen                             
00002441  ucQueueGetQueueType                
000040a8  ulMaxSyscallInterruptPriority      
000038f1  ulPortGetIPSR                      
00001601  ulTaskNotifyTake                   
00003899  uxListRemove                       
00002421  uxQueueGetQueueNumber              
000023c3  uxQueueMessagesWaiting             
000023f9  uxQueueMessagesWaitingFromISR      
000023d9  uxQueueSpacesAvailable             
00000b51  uxTaskGetNumberOfTasks             
00000b7d  uxTaskGetSystemState               
00001035  uxTaskGetTaskNumber                
00000611  uxTaskPriorityGet                  
00000641  uxTaskPriorityGetFromISR           
000015c1  uxTaskResetEventItemValue          
00002d21  uxTimerGetTimerNumber              
000037b7  vListInitialise                    
000037e7  vListInitialiseItem                
00003833  vListInsert                        
000037f7  vListInsertEnd                     
000039ad  vPortEnableVFP                     
000035e9  vPortEndScheduler                  
000035eb  vPortEnterCritical                 
0000360b  vPortExitCritical                  
0000318f  vPortFree                          
000031ed  vPortInitialiseBlocks              
00003969  vPortSVCHandler                    
00003647  vPortSetupTimerInterrupt           
00003989  vPortStartFirstTask                
0000269d  vQueueAddToRegistry                
0000240b  vQueueDelete                       
0000242f  vQueueSetQueueNumber               
0000271f  vQueueUnregisterQueue              
00002763  vQueueWaitForMessageRestricted     
00000541  vTaskDelay                         
000004b1  vTaskDelayUntil                    
00000403  vTaskDelete                        
00000a19  vTaskEndScheduler                  
0000112d  vTaskGetInfo                       
00000f83  vTaskInternalSetTimeOutState       
00001023  vTaskMissedYield                   
0000191d  vTaskNotifyGiveFromISR             
00000dfd  vTaskPlaceOnEventList              
00000e43  vTaskPlaceOnEventListRestricted    
00000e19  vTaskPlaceOnUnorderedEventList     
000014e9  vTaskPriorityDisinheritAfterTimeout
0000068d  vTaskPrioritySet                   
00000ef9  vTaskRemoveFromUnorderedEventList  
000008b5  vTaskResume                        
00001059  vTaskSetTaskNumber                 
00000f65  vTaskSetTimeOutState               
000009bd  vTaskStartScheduler                
000007a5  vTaskSuspend                       
00000a35  vTaskSuspendAll                    
00000d95  vTaskSwitchContext                 
00002d07  vTimerSetTimerID                   
00002d2f  vTimerSetTimerNumber               
00002ed3  vledBlink1                         
00002edb  vledBlink2                         
000031e1  xPortGetFreeHeapSize               
000031e7  xPortGetMinimumEverFreeHeapSize    
00003909  xPortPendSVHandler                 
000035b3  xPortStartScheduler                
00003621  xPortSysTickHandler                
00001cc9  xQueueCreateCountingSemaphore      
00001c1d  xQueueCreateMutex                  
00001b63  xQueueGenericCreate                
00001ac5  xQueueGenericReset                 
00001ce9  xQueueGenericSend                  
00001e15  xQueueGenericSendFromISR           
00001eaf  xQueueGiveFromISR                  
00001c49  xQueueGiveMutexRecursive           
00002639  xQueueIsQueueEmptyFromISR          
0000267b  xQueueIsQueueFullFromISR           
000021b7  xQueuePeek                         
00002371  xQueuePeekFromISR                  
00001f41  xQueueReceive                      
000022d9  xQueueReceiveFromISR               
2000c3b4  xQueueRegistry                     
0000205d  xQueueSemaphoreTake                
00001c85  xQueueTakeMutexRecursive           
00000fa5  xTaskCheckForTimeOut               
00000209  xTaskCreate                        
00001723  xTaskGenericNotify                 
0000180d  xTaskGenericNotifyFromISR          
000012ff  xTaskGetCurrentTaskHandle          
00001319  xTaskGetSchedulerState             
00000b2d  xTaskGetTickCount                  
00000b3d  xTaskGetTickCountFromISR           
00000c71  xTaskIncrementTick                 
000019cb  xTaskNotifyStateClear              
00001681  xTaskNotifyWait                    
00001445  xTaskPriorityDisinherit            
00001365  xTaskPriorityInherit               
00000e7d  xTaskRemoveFromEventList           
00000a49  xTaskResumeAll                     
0000092f  xTaskResumeFromISR                 
000027f5  xTimerCreate                       
000027c9  xTimerCreateTimerTask              
00002869  xTimerGenericCommand               
000028ed  xTimerGetExpiryTime                
000028db  xTimerGetPeriod                    
000028d5  xTimerGetTimerDaemonTaskHandle     
00002cc1  xTimerIsTimerActive                


GLOBAL SYMBOLS: SORTED BY Symbol Address 

address   name                               
-------   ----                               
00000000  __TI_static_base__                 
00000000  g_pfnVectors                       
00000200  __STACK_SIZE                       
00000209  xTaskCreate                        
00000403  vTaskDelete                        
000004b1  vTaskDelayUntil                    
00000541  vTaskDelay                         
0000057d  eTaskGetState                      
00000611  uxTaskPriorityGet                  
00000641  uxTaskPriorityGetFromISR           
0000068d  vTaskPrioritySet                   
000007a5  vTaskSuspend                       
000008b5  vTaskResume                        
0000092f  xTaskResumeFromISR                 
000009bd  vTaskStartScheduler                
00000a19  vTaskEndScheduler                  
00000a35  vTaskSuspendAll                    
00000a49  xTaskResumeAll                     
00000b2d  xTaskGetTickCount                  
00000b3d  xTaskGetTickCountFromISR           
00000b51  uxTaskGetNumberOfTasks             
00000b57  pcTaskGetName                      
00000b7d  uxTaskGetSystemState               
00000c00  __SYSMEM_SIZE                      
00000c71  xTaskIncrementTick                 
00000d95  vTaskSwitchContext                 
00000dfd  vTaskPlaceOnEventList              
00000e19  vTaskPlaceOnUnorderedEventList     
00000e43  vTaskPlaceOnEventListRestricted    
00000e7d  xTaskRemoveFromEventList           
00000ef9  vTaskRemoveFromUnorderedEventList  
00000f65  vTaskSetTimeOutState               
00000f83  vTaskInternalSetTimeOutState       
00000fa5  xTaskCheckForTimeOut               
00001023  vTaskMissedYield                   
00001035  uxTaskGetTaskNumber                
00001059  vTaskSetTaskNumber                 
0000112d  vTaskGetInfo                       
000012ff  xTaskGetCurrentTaskHandle          
00001319  xTaskGetSchedulerState             
00001365  xTaskPriorityInherit               
00001445  xTaskPriorityDisinherit            
000014e9  vTaskPriorityDisinheritAfterTimeout
000015c1  uxTaskResetEventItemValue          
000015e3  pvTaskIncrementMutexHeldCount      
00001601  ulTaskNotifyTake                   
00001681  xTaskNotifyWait                    
00001723  xTaskGenericNotify                 
0000180d  xTaskGenericNotifyFromISR          
0000191d  vTaskNotifyGiveFromISR             
000019cb  xTaskNotifyStateClear              
00001ac5  xQueueGenericReset                 
00001b63  xQueueGenericCreate                
00001c1d  xQueueCreateMutex                  
00001c49  xQueueGiveMutexRecursive           
00001c85  xQueueTakeMutexRecursive           
00001cc9  xQueueCreateCountingSemaphore      
00001ce9  xQueueGenericSend                  
00001e15  xQueueGenericSendFromISR           
00001eaf  xQueueGiveFromISR                  
00001f41  xQueueReceive                      
0000205d  xQueueSemaphoreTake                
000021b7  xQueuePeek                         
000022d9  xQueueReceiveFromISR               
00002371  xQueuePeekFromISR                  
000023c3  uxQueueMessagesWaiting             
000023d9  uxQueueSpacesAvailable             
000023f9  uxQueueMessagesWaitingFromISR      
0000240b  vQueueDelete                       
00002421  uxQueueGetQueueNumber              
0000242f  vQueueSetQueueNumber               
00002441  ucQueueGetQueueType                
00002639  xQueueIsQueueEmptyFromISR          
0000267b  xQueueIsQueueFullFromISR           
0000269d  vQueueAddToRegistry                
000026df  pcQueueGetName                     
0000271f  vQueueUnregisterQueue              
00002763  vQueueWaitForMessageRestricted     
000027c9  xTimerCreateTimerTask              
000027f5  xTimerCreate                       
00002869  xTimerGenericCommand               
000028d5  xTimerGetTimerDaemonTaskHandle     
000028db  xTimerGetPeriod                    
000028ed  xTimerGetExpiryTime                
00002903  pcTimerGetName                     
00002cc1  xTimerIsTimerActive                
00002ced  pvTimerGetTimerID                  
00002d07  vTimerSetTimerID                   
00002d21  uxTimerGetTimerNumber              
00002d2f  vTimerSetTimerNumber               
00002d5d  main                               
00002e97  my_UARTprintString                 
00002ed3  vledBlink1                         
00002edb  vledBlink2                         
0000308d  pvPortMalloc                       
0000318f  vPortFree                          
000031e1  xPortGetFreeHeapSize               
000031e7  xPortGetMinimumEverFreeHeapSize    
000031ed  vPortInitialiseBlocks              
00003349  SysCtlClockFreqSet                 
00003549  pxPortInitialiseStack              
000035b3  xPortStartScheduler                
000035e9  vPortEndScheduler                  
000035eb  vPortEnterCritical                 
0000360b  vPortExitCritical                  
00003621  xPortSysTickHandler                
00003647  vPortSetupTimerInterrupt           
00003685  GPIOPadConfigSet                   
000037b7  vListInitialise                    
000037e7  vListInitialiseItem                
000037f7  vListInsertEnd                     
00003833  vListInsert                        
00003899  uxListRemove                       
000038f1  ulPortGetIPSR                      
00003909  xPortPendSVHandler                 
00003969  vPortSVCHandler                    
00003989  vPortStartFirstTask                
000039ad  vPortEnableVFP                     
000039bb  __aeabi_memcpy                     
000039bb  __aeabi_memcpy4                    
000039bb  __aeabi_memcpy8                    
000039bb  memcpy                             
00003a57  __aeabi_memclr                     
00003a57  __aeabi_memclr4                    
00003a57  __aeabi_memclr8                    
00003a59  __aeabi_memset                     
00003a59  __aeabi_memset4                    
00003a59  __aeabi_memset8                    
00003a5f  memset                             
00003ad1  __TI_decompress_lzss               
00003b39  GPIOPinConfigure                   
00003bcd  UARTConfigSetExpClk                
00003c15  __TI_auto_init_nobinit_nopinit     
00003c59  _c_int00_noargs                    
00003c91  SysCtlPeripheralEnable             
00003cc5  GPIODirModeSet                     
00003cf1  UARTDisable                        
00003d31  GPIOPinTypeGPIOOutput              
00003d49  GPIOPinTypeUART                    
00003d5f  UARTEnable                         
00003d73  strlen                             
00003d87  __TI_decompress_none               
00003d95  __TI_zero_init                     
00003da1  ResetISR                           
00003dad  UARTCharPut                        
00003db7  GPIOPinWrite                       
00003dbd  _system_pre_init                   
00003dc1  C$$EXIT                            
00003dc1  abort                              
000040a8  ulMaxSyscallInterruptPriority      
000040c0  __TI_Handler_Table_Base            
000040cc  __TI_Handler_Table_Limit           
000040d8  __TI_CINIT_Base                    
000040e8  __TI_CINIT_Limit                   
2000c3b4  xQueueRegistry                     
2000c498  SysClkFreq                         
2000c4a0  _sys_memory                        
2000d0a0  __stack                            
2000d2a0  __STACK_END                        
2000d2a0  __STACK_TOP                        
2000d2a0  pxCurrentTCB                       
ffffffff  __TI_pprof_out_hndl                
ffffffff  __TI_prof_data_size                
ffffffff  __TI_prof_data_start               
ffffffff  __binit__                          
ffffffff  __c_args__                         
ffffffff  binit                              
UNDEFED   __mpu_init                         
UNDEFED   _system_post_cinit                 

[169 symbols]
