<?xml version="1.0" encoding="ISO-8859-1" ?>
<link_info>
   <banner>TI ARM Linker PC v18.1.1.LTS</banner>
   <copyright>Copyright (c) 1996-2017 Texas Instruments Incorporated</copyright>
   <link_time>0x5aca7e25</link_time>
   <link_errors>0x0</link_errors>
   <output_file>hw5freertos.out</output_file>
   <entry_point>
      <name>_c_int00_noargs</name>
      <address>0x3c59</address>
   </entry_point>
   <input_file_list>
      <input_file id="fl-2">
         <path>.\</path>
         <kind>object</kind>
         <file>conversion.obj</file>
         <name>conversion.obj</name>
      </input_file>
      <input_file id="fl-3">
         <path>.\</path>
         <kind>object</kind>
         <file>croutine.obj</file>
         <name>croutine.obj</name>
      </input_file>
      <input_file id="fl-4">
         <path>.\</path>
         <kind>object</kind>
         <file>event_groups.obj</file>
         <name>event_groups.obj</name>
      </input_file>
      <input_file id="fl-5">
         <path>.\</path>
         <kind>object</kind>
         <file>list.obj</file>
         <name>list.obj</name>
      </input_file>
      <input_file id="fl-6">
         <path>.\</path>
         <kind>object</kind>
         <file>main.obj</file>
         <name>main.obj</name>
      </input_file>
      <input_file id="fl-7">
         <path>.\</path>
         <kind>object</kind>
         <file>memory.obj</file>
         <name>memory.obj</name>
      </input_file>
      <input_file id="fl-8">
         <path>.\</path>
         <kind>object</kind>
         <file>queue.obj</file>
         <name>queue.obj</name>
      </input_file>
      <input_file id="fl-9">
         <path>.\</path>
         <kind>object</kind>
         <file>stream_buffer.obj</file>
         <name>stream_buffer.obj</name>
      </input_file>
      <input_file id="fl-a">
         <path>.\</path>
         <kind>object</kind>
         <file>tasks.obj</file>
         <name>tasks.obj</name>
      </input_file>
      <input_file id="fl-b">
         <path>.\</path>
         <kind>object</kind>
         <file>timers.obj</file>
         <name>timers.obj</name>
      </input_file>
      <input_file id="fl-c">
         <path>.\</path>
         <kind>object</kind>
         <file>tm4c1294ncpdt_startup_ccs.obj</file>
         <name>tm4c1294ncpdt_startup_ccs.obj</name>
      </input_file>
      <input_file id="fl-d">
         <path>.\portable\CCS\ARM_CM4F\</path>
         <kind>object</kind>
         <file>port.obj</file>
         <name>port.obj</name>
      </input_file>
      <input_file id="fl-e">
         <path>.\portable\CCS\ARM_CM4F\</path>
         <kind>object</kind>
         <file>portasm.obj</file>
         <name>portasm.obj</name>
      </input_file>
      <input_file id="fl-f">
         <path>.\portable\</path>
         <kind>object</kind>
         <file>heap_4.obj</file>
         <name>heap_4.obj</name>
      </input_file>
      <input_file id="fl-14">
         <kind>object</kind>
         <file>&lt;internal&gt;</file>
         <name>&lt;internal&gt;</name>
      </input_file>
      <input_file id="fl-15">
         <path>C:\ti\TivaWare_C_Series-2.1.4.178\driverlib\ccs\Debug\</path>
         <kind>archive</kind>
         <file>driverlib.lib</file>
         <name>gpio.obj</name>
      </input_file>
      <input_file id="fl-16">
         <path>C:\ti\TivaWare_C_Series-2.1.4.178\driverlib\ccs\Debug\</path>
         <kind>archive</kind>
         <file>driverlib.lib</file>
         <name>interrupt.obj</name>
      </input_file>
      <input_file id="fl-17">
         <path>C:\ti\TivaWare_C_Series-2.1.4.178\driverlib\ccs\Debug\</path>
         <kind>archive</kind>
         <file>driverlib.lib</file>
         <name>sysctl.obj</name>
      </input_file>
      <input_file id="fl-18">
         <path>C:\ti\TivaWare_C_Series-2.1.4.178\driverlib\ccs\Debug\</path>
         <kind>archive</kind>
         <file>driverlib.lib</file>
         <name>uart.obj</name>
      </input_file>
      <input_file id="fl-19">
         <path>C:\ti\TivaWare_C_Series-2.1.4.178\driverlib\ccs\Debug\</path>
         <kind>archive</kind>
         <file>driverlib.lib</file>
         <name>cpu.obj</name>
      </input_file>
      <input_file id="fl-cf">
         <path>C:\ti\ccsv8\tools\compiler\ti-cgt-arm_18.1.1.LTS\lib\</path>
         <kind>archive</kind>
         <file>rtsv7M4_T_le_v4SPD16_eabi.lib</file>
         <name>e_pow.c.obj</name>
      </input_file>
      <input_file id="fl-d0">
         <path>C:\ti\ccsv8\tools\compiler\ti-cgt-arm_18.1.1.LTS\lib\</path>
         <kind>archive</kind>
         <file>rtsv7M4_T_le_v4SPD16_eabi.lib</file>
         <name>e_sqrt.c.obj</name>
      </input_file>
      <input_file id="fl-d1">
         <path>C:\ti\ccsv8\tools\compiler\ti-cgt-arm_18.1.1.LTS\lib\</path>
         <kind>archive</kind>
         <file>rtsv7M4_T_le_v4SPD16_eabi.lib</file>
         <name>s_scalbn.c.obj</name>
      </input_file>
      <input_file id="fl-d2">
         <path>C:\ti\ccsv8\tools\compiler\ti-cgt-arm_18.1.1.LTS\lib\</path>
         <kind>archive</kind>
         <file>rtsv7M4_T_le_v4SPD16_eabi.lib</file>
         <name>vla_alloc.c.obj</name>
      </input_file>
      <input_file id="fl-d3">
         <path>C:\ti\ccsv8\tools\compiler\ti-cgt-arm_18.1.1.LTS\lib\</path>
         <kind>archive</kind>
         <file>rtsv7M4_T_le_v4SPD16_eabi.lib</file>
         <name>s_copysign.c.obj</name>
      </input_file>
      <input_file id="fl-d4">
         <path>C:\ti\ccsv8\tools\compiler\ti-cgt-arm_18.1.1.LTS\lib\</path>
         <kind>archive</kind>
         <file>rtsv7M4_T_le_v4SPD16_eabi.lib</file>
         <name>u_divt2.asm.obj</name>
      </input_file>
      <input_file id="fl-d5">
         <path>C:\ti\ccsv8\tools\compiler\ti-cgt-arm_18.1.1.LTS\lib\</path>
         <kind>archive</kind>
         <file>rtsv7M4_T_le_v4SPD16_eabi.lib</file>
         <name>fd_add_t2.asm.obj</name>
      </input_file>
      <input_file id="fl-d6">
         <path>C:\ti\ccsv8\tools\compiler\ti-cgt-arm_18.1.1.LTS\lib\</path>
         <kind>archive</kind>
         <file>rtsv7M4_T_le_v4SPD16_eabi.lib</file>
         <name>fd_cmp_t2.asm.obj</name>
      </input_file>
      <input_file id="fl-d7">
         <path>C:\ti\ccsv8\tools\compiler\ti-cgt-arm_18.1.1.LTS\lib\</path>
         <kind>archive</kind>
         <file>rtsv7M4_T_le_v4SPD16_eabi.lib</file>
         <name>fd_div_t2.asm.obj</name>
      </input_file>
      <input_file id="fl-d8">
         <path>C:\ti\ccsv8\tools\compiler\ti-cgt-arm_18.1.1.LTS\lib\</path>
         <kind>archive</kind>
         <file>rtsv7M4_T_le_v4SPD16_eabi.lib</file>
         <name>fd_mul_t2.asm.obj</name>
      </input_file>
      <input_file id="fl-d9">
         <path>C:\ti\ccsv8\tools\compiler\ti-cgt-arm_18.1.1.LTS\lib\</path>
         <kind>archive</kind>
         <file>rtsv7M4_T_le_v4SPD16_eabi.lib</file>
         <name>fd_toi_t2.asm.obj</name>
      </input_file>
      <input_file id="fl-da">
         <path>C:\ti\ccsv8\tools\compiler\ti-cgt-arm_18.1.1.LTS\lib\</path>
         <kind>archive</kind>
         <file>rtsv7M4_T_le_v4SPD16_eabi.lib</file>
         <name>i_tofd_t2.asm.obj</name>
      </input_file>
      <input_file id="fl-db">
         <path>C:\ti\ccsv8\tools\compiler\ti-cgt-arm_18.1.1.LTS\lib\</path>
         <kind>archive</kind>
         <file>rtsv7M4_T_le_v4SPD16_eabi.lib</file>
         <name>memcpy_t2.asm.obj</name>
      </input_file>
      <input_file id="fl-dc">
         <path>C:\ti\ccsv8\tools\compiler\ti-cgt-arm_18.1.1.LTS\lib\</path>
         <kind>archive</kind>
         <file>rtsv7M4_T_le_v4SPD16_eabi.lib</file>
         <name>u_tofd_t2.asm.obj</name>
      </input_file>
      <input_file id="fl-dd">
         <path>C:\ti\ccsv8\tools\compiler\ti-cgt-arm_18.1.1.LTS\lib\</path>
         <kind>archive</kind>
         <file>rtsv7M4_T_le_v4SPD16_eabi.lib</file>
         <name>memset_t2.asm.obj</name>
      </input_file>
      <input_file id="fl-de">
         <path>C:\ti\ccsv8\tools\compiler\ti-cgt-arm_18.1.1.LTS\lib\</path>
         <kind>archive</kind>
         <file>rtsv7M4_T_le_v4SPD16_eabi.lib</file>
         <name>copy_zero_init.c.obj</name>
      </input_file>
      <input_file id="fl-df">
         <path>C:\ti\ccsv8\tools\compiler\ti-cgt-arm_18.1.1.LTS\lib\</path>
         <kind>archive</kind>
         <file>rtsv7M4_T_le_v4SPD16_eabi.lib</file>
         <name>copy_decompress_none.c.obj</name>
      </input_file>
      <input_file id="fl-e0">
         <path>C:\ti\ccsv8\tools\compiler\ti-cgt-arm_18.1.1.LTS\lib\</path>
         <kind>archive</kind>
         <file>rtsv7M4_T_le_v4SPD16_eabi.lib</file>
         <name>copy_decompress_lzss.c.obj</name>
      </input_file>
      <input_file id="fl-e1">
         <path>C:\ti\ccsv8\tools\compiler\ti-cgt-arm_18.1.1.LTS\lib\</path>
         <kind>archive</kind>
         <file>rtsv7M4_T_le_v4SPD16_eabi.lib</file>
         <name>boot_cortex_m.c.obj</name>
      </input_file>
      <input_file id="fl-e2">
         <path>C:\ti\ccsv8\tools\compiler\ti-cgt-arm_18.1.1.LTS\lib\</path>
         <kind>archive</kind>
         <file>rtsv7M4_T_le_v4SPD16_eabi.lib</file>
         <name>errno.c.obj</name>
      </input_file>
      <input_file id="fl-e3">
         <path>C:\ti\ccsv8\tools\compiler\ti-cgt-arm_18.1.1.LTS\lib\</path>
         <kind>archive</kind>
         <file>rtsv7M4_T_le_v4SPD16_eabi.lib</file>
         <name>exit.c.obj</name>
      </input_file>
      <input_file id="fl-e4">
         <path>C:\ti\ccsv8\tools\compiler\ti-cgt-arm_18.1.1.LTS\lib\</path>
         <kind>archive</kind>
         <file>rtsv7M4_T_le_v4SPD16_eabi.lib</file>
         <name>memory.c.obj</name>
      </input_file>
      <input_file id="fl-e5">
         <path>C:\ti\ccsv8\tools\compiler\ti-cgt-arm_18.1.1.LTS\lib\</path>
         <kind>archive</kind>
         <file>rtsv7M4_T_le_v4SPD16_eabi.lib</file>
         <name>_lock.c.obj</name>
      </input_file>
      <input_file id="fl-e6">
         <path>C:\ti\ccsv8\tools\compiler\ti-cgt-arm_18.1.1.LTS\lib\</path>
         <kind>archive</kind>
         <file>rtsv7M4_T_le_v4SPD16_eabi.lib</file>
         <name>args_main.c.obj</name>
      </input_file>
      <input_file id="fl-e7">
         <path>C:\ti\ccsv8\tools\compiler\ti-cgt-arm_18.1.1.LTS\lib\</path>
         <kind>archive</kind>
         <file>rtsv7M4_T_le_v4SPD16_eabi.lib</file>
         <name>strlen.c.obj</name>
      </input_file>
      <input_file id="fl-e8">
         <path>C:\ti\ccsv8\tools\compiler\ti-cgt-arm_18.1.1.LTS\lib\</path>
         <kind>archive</kind>
         <file>rtsv7M4_T_le_v4SPD16_eabi.lib</file>
         <name>error.c.obj</name>
      </input_file>
      <input_file id="fl-e9">
         <path>C:\ti\ccsv8\tools\compiler\ti-cgt-arm_18.1.1.LTS\lib\</path>
         <kind>archive</kind>
         <file>rtsv7M4_T_le_v4SPD16_eabi.lib</file>
         <name>div0.asm.obj</name>
      </input_file>
      <input_file id="fl-ea">
         <path>C:\ti\ccsv8\tools\compiler\ti-cgt-arm_18.1.1.LTS\lib\</path>
         <kind>archive</kind>
         <file>rtsv7M4_T_le_v4SPD16_eabi.lib</file>
         <name>autoinit.c.obj</name>
      </input_file>
      <input_file id="fl-eb">
         <path>C:\ti\ccsv8\tools\compiler\ti-cgt-arm_18.1.1.LTS\lib\</path>
         <kind>archive</kind>
         <file>rtsv7M4_T_le_v4SPD16_eabi.lib</file>
         <name>pre_init.c.obj</name>
      </input_file>
      <input_file id="fl-ec">
         <path>C:\ti\ccsv8\tools\compiler\ti-cgt-arm_18.1.1.LTS\lib\</path>
         <kind>archive</kind>
         <file>rtsv7M4_T_le_v4SPD16_eabi.lib</file>
         <name>cpy_tbl.c.obj</name>
      </input_file>
   </input_file_list>
   <object_component_list>
      <object_component id="oc-f">
         <name>.intvecs</name>
         <load_address>0x0</load_address>
         <run_address>0x0</run_address>
         <size>0x208</size>
         <input_file_ref idref="fl-c"/>
      </object_component>
      <object_component id="oc-83">
         <name>.text</name>
         <load_address>0x208</load_address>
         <run_address>0x208</run_address>
         <size>0x18bc</size>
         <input_file_ref idref="fl-a"/>
      </object_component>
      <object_component id="oc-1e6">
         <name>.text</name>
         <load_address>0x1ac4</load_address>
         <run_address>0x1ac4</run_address>
         <size>0xd04</size>
         <input_file_ref idref="fl-8"/>
      </object_component>
      <object_component id="oc-106">
         <name>.text</name>
         <load_address>0x27c8</load_address>
         <run_address>0x27c8</run_address>
         <size>0x594</size>
         <input_file_ref idref="fl-b"/>
      </object_component>
      <object_component id="oc-c6">
         <name>.text</name>
         <load_address>0x2d5c</load_address>
         <run_address>0x2d5c</run_address>
         <size>0x330</size>
         <input_file_ref idref="fl-6"/>
      </object_component>
      <object_component id="oc-ee">
         <name>.text</name>
         <load_address>0x308c</load_address>
         <run_address>0x308c</run_address>
         <size>0x2bc</size>
         <input_file_ref idref="fl-f"/>
      </object_component>
      <object_component id="oc-140">
         <name>.text:SysCtlClockFreqSet</name>
         <load_address>0x3348</load_address>
         <run_address>0x3348</run_address>
         <size>0x200</size>
         <input_file_ref idref="fl-17"/>
      </object_component>
      <object_component id="oc-32">
         <name>.text</name>
         <load_address>0x3548</load_address>
         <run_address>0x3548</run_address>
         <size>0x13c</size>
         <input_file_ref idref="fl-d"/>
      </object_component>
      <object_component id="oc-22b">
         <name>.text:GPIOPadConfigSet</name>
         <load_address>0x3684</load_address>
         <run_address>0x3684</run_address>
         <size>0x132</size>
         <input_file_ref idref="fl-15"/>
      </object_component>
      <object_component id="oc-f4">
         <name>.text</name>
         <load_address>0x37b6</load_address>
         <run_address>0x37b6</run_address>
         <size>0x12a</size>
         <input_file_ref idref="fl-5"/>
      </object_component>
      <object_component id="oc-2d">
         <name>.text</name>
         <load_address>0x38e0</load_address>
         <run_address>0x38e0</run_address>
         <size>0xda</size>
         <input_file_ref idref="fl-e"/>
      </object_component>
      <object_component id="oc-46">
         <name>.text</name>
         <load_address>0x39ba</load_address>
         <run_address>0x39ba</run_address>
         <size>0x9c</size>
         <input_file_ref idref="fl-db"/>
      </object_component>
      <object_component id="oc-ba">
         <name>.text</name>
         <load_address>0x3a56</load_address>
         <run_address>0x3a56</run_address>
         <size>0x7a</size>
         <input_file_ref idref="fl-dd"/>
      </object_component>
      <object_component id="oc-12">
         <name>.text:decompress:lzss:__TI_decompress_lzss</name>
         <load_address>0x3ad0</load_address>
         <run_address>0x3ad0</run_address>
         <size>0x68</size>
         <input_file_ref idref="fl-e0"/>
      </object_component>
      <object_component id="oc-152">
         <name>.text:GPIOPinConfigure</name>
         <load_address>0x3b38</load_address>
         <run_address>0x3b38</run_address>
         <size>0x4c</size>
         <input_file_ref idref="fl-15"/>
      </object_component>
      <object_component id="oc-219">
         <name>.text:_SysCtlFrequencyGet</name>
         <load_address>0x3b84</load_address>
         <run_address>0x3b84</run_address>
         <size>0x48</size>
         <input_file_ref idref="fl-17"/>
      </object_component>
      <object_component id="oc-15e">
         <name>.text:UARTConfigSetExpClk</name>
         <load_address>0x3bcc</load_address>
         <run_address>0x3bcc</run_address>
         <size>0x46</size>
         <input_file_ref idref="fl-18"/>
      </object_component>
      <object_component id="oc-18e">
         <name>.text:__TI_auto_init_nobinit_nopinit:__TI_auto_init_nobinit_nopinit</name>
         <load_address>0x3c14</load_address>
         <run_address>0x3c14</run_address>
         <size>0x44</size>
         <input_file_ref idref="fl-ea"/>
      </object_component>
      <object_component id="oc-64">
         <name>.text:_c_int00_noargs:_c_int00_noargs</name>
         <load_address>0x3c58</load_address>
         <run_address>0x3c58</run_address>
         <size>0x38</size>
         <input_file_ref idref="fl-e1"/>
      </object_component>
      <object_component id="oc-146">
         <name>.text:SysCtlPeripheralEnable</name>
         <load_address>0x3c90</load_address>
         <run_address>0x3c90</run_address>
         <size>0x34</size>
         <input_file_ref idref="fl-17"/>
      </object_component>
      <object_component id="oc-231">
         <name>.text:GPIODirModeSet</name>
         <load_address>0x3cc4</load_address>
         <run_address>0x3cc4</run_address>
         <size>0x2c</size>
         <input_file_ref idref="fl-15"/>
      </object_component>
      <object_component id="oc-23e">
         <name>.text:UARTDisable</name>
         <load_address>0x3cf0</load_address>
         <run_address>0x3cf0</run_address>
         <size>0x20</size>
         <input_file_ref idref="fl-18"/>
      </object_component>
      <object_component id="oc-213">
         <name>.text:_SysCtlMemTimingGet</name>
         <load_address>0x3d10</load_address>
         <run_address>0x3d10</run_address>
         <size>0x20</size>
         <input_file_ref idref="fl-17"/>
      </object_component>
      <object_component id="oc-14c">
         <name>.text:GPIOPinTypeGPIOOutput</name>
         <load_address>0x3d30</load_address>
         <run_address>0x3d30</run_address>
         <size>0x18</size>
         <input_file_ref idref="fl-15"/>
      </object_component>
      <object_component id="oc-158">
         <name>.text:GPIOPinTypeUART</name>
         <load_address>0x3d48</load_address>
         <run_address>0x3d48</run_address>
         <size>0x16</size>
         <input_file_ref idref="fl-15"/>
      </object_component>
      <object_component id="oc-244">
         <name>.text:UARTEnable</name>
         <load_address>0x3d5e</load_address>
         <run_address>0x3d5e</run_address>
         <size>0x14</size>
         <input_file_ref idref="fl-18"/>
      </object_component>
      <object_component id="oc-170">
         <name>.text:strlen</name>
         <load_address>0x3d72</load_address>
         <run_address>0x3d72</run_address>
         <size>0x14</size>
         <input_file_ref idref="fl-e7"/>
      </object_component>
      <object_component id="oc-18">
         <name>.text:decompress:none:__TI_decompress_none</name>
         <load_address>0x3d86</load_address>
         <run_address>0x3d86</run_address>
         <size>0xe</size>
         <input_file_ref idref="fl-df"/>
      </object_component>
      <object_component id="oc-58">
         <name>.text:decompress:ZI:__TI_zero_init</name>
         <load_address>0x3d94</load_address>
         <run_address>0x3d94</run_address>
         <size>0xc</size>
         <input_file_ref idref="fl-de"/>
      </object_component>
      <object_component id="oc-27">
         <name>.text</name>
         <load_address>0x3da0</load_address>
         <run_address>0x3da0</run_address>
         <size>0xc</size>
         <input_file_ref idref="fl-c"/>
      </object_component>
      <object_component id="oc-164">
         <name>.text:UARTCharPut</name>
         <load_address>0x3dac</load_address>
         <run_address>0x3dac</run_address>
         <size>0xa</size>
         <input_file_ref idref="fl-18"/>
      </object_component>
      <object_component id="oc-16a">
         <name>.text:GPIOPinWrite</name>
         <load_address>0x3db6</load_address>
         <run_address>0x3db6</run_address>
         <size>0x6</size>
         <input_file_ref idref="fl-15"/>
      </object_component>
      <object_component id="oc-c0">
         <name>.text:_system_pre_init</name>
         <load_address>0x3dbc</load_address>
         <run_address>0x3dbc</run_address>
         <size>0x4</size>
         <input_file_ref idref="fl-eb"/>
      </object_component>
      <object_component id="oc-182">
         <name>.text:abort:abort</name>
         <load_address>0x3dc0</load_address>
         <run_address>0x3dc0</run_address>
         <size>0x4</size>
         <input_file_ref idref="fl-e3"/>
      </object_component>
      <object_component id="oc-222">
         <name>.const:g_pppui32XTALtoVCO</name>
         <load_address>0x3dc4</load_address>
         <run_address>0x3dc4</run_address>
         <size>0x1b0</size>
         <input_file_ref idref="fl-17"/>
      </object_component>
      <object_component id="oc-239">
         <name>.const:g_pui32GPIOBaseAddrs</name>
         <load_address>0x3f74</load_address>
         <run_address>0x3f74</run_address>
         <size>0x90</size>
         <input_file_ref idref="fl-15"/>
      </object_component>
      <object_component id="oc-21f">
         <name>.const:g_pui32Xtals</name>
         <load_address>0x4004</load_address>
         <run_address>0x4004</run_address>
         <size>0x6c</size>
         <input_file_ref idref="fl-17"/>
      </object_component>
      <object_component id="oc-2a1">
         <name>.const:g_sXTALtoMEMTIM</name>
         <load_address>0x4070</load_address>
         <run_address>0x4070</run_address>
         <size>0x30</size>
         <input_file_ref idref="fl-17"/>
      </object_component>
      <object_component id="oc-225">
         <name>.const:g_pui32VCOFrequencies</name>
         <load_address>0x40a0</load_address>
         <run_address>0x40a0</run_address>
         <size>0x8</size>
         <input_file_ref idref="fl-17"/>
      </object_component>
      <object_component id="oc-80">
         <name>.const</name>
         <load_address>0x40a8</load_address>
         <run_address>0x40a8</run_address>
         <size>0x4</size>
         <input_file_ref idref="fl-d"/>
      </object_component>
      <object_component id="oc-331">
         <name>.cinit..data.load</name>
         <load_address>0x40b0</load_address>
         <run_address>0x40b0</run_address>
         <size>0xd</size>
      </object_component>
      <object_component id="oc-32f">
         <name>__TI_handler_table</name>
         <load_address>0x40c0</load_address>
         <run_address>0x40c0</run_address>
         <size>0xc</size>
      </object_component>
      <object_component id="oc-332">
         <name>.cinit..bss.load</name>
         <load_address>0x40d0</load_address>
         <run_address>0x40d0</run_address>
         <size>0x8</size>
      </object_component>
      <object_component id="oc-330">
         <name>__TI_cinit_table</name>
         <load_address>0x40d8</load_address>
         <run_address>0x40d8</run_address>
         <size>0x10</size>
      </object_component>
      <object_component id="oc-179">
         <name>.data</name>
         <load_address>0x2000d2f4</load_address>
         <run_address>0x2000d2f4</run_address>
         <size>0x2</size>
         <input_file_ref idref="fl-6"/>
      </object_component>
      <object_component id="oc-7d">
         <name>.data</name>
         <load_address>0x2000d2a0</load_address>
         <run_address>0x2000d2a0</run_address>
         <size>0x34</size>
         <input_file_ref idref="fl-a"/>
      </object_component>
      <object_component id="oc-1ec">
         <name>.data</name>
         <load_address>0x2000d2e4</load_address>
         <run_address>0x2000d2e4</run_address>
         <size>0xc</size>
         <input_file_ref idref="fl-b"/>
      </object_component>
      <object_component id="oc-8a">
         <name>.data</name>
         <load_address>0x2000d2f0</load_address>
         <run_address>0x2000d2f0</run_address>
         <size>0x4</size>
         <input_file_ref idref="fl-d"/>
      </object_component>
      <object_component id="oc-1d1">
         <name>.data</name>
         <load_address>0x2000d2d4</load_address>
         <run_address>0x2000d2d4</run_address>
         <size>0x10</size>
         <input_file_ref idref="fl-f"/>
      </object_component>
      <object_component id="oc-fa">
         <name>.bss:pxReadyTasksLists</name>
         <uninitialized>true</uninitialized>
         <run_address>0x2000c350</run_address>
         <size>0x64</size>
         <input_file_ref idref="fl-a"/>
      </object_component>
      <object_component id="oc-10f">
         <name>.bss:xDelayedTaskList1</name>
         <uninitialized>true</uninitialized>
         <run_address>0x2000c41c</run_address>
         <size>0x14</size>
         <input_file_ref idref="fl-a"/>
      </object_component>
      <object_component id="oc-112">
         <name>.bss:xDelayedTaskList2</name>
         <uninitialized>true</uninitialized>
         <run_address>0x2000c430</run_address>
         <size>0x14</size>
         <input_file_ref idref="fl-a"/>
      </object_component>
      <object_component id="oc-100">
         <name>.bss</name>
         <uninitialized>true</uninitialized>
         <run_address>0x2000c480</run_address>
         <size>0x8</size>
         <input_file_ref idref="fl-a"/>
      </object_component>
      <object_component id="oc-10c">
         <name>.bss:xPendingReadyList</name>
         <uninitialized>true</uninitialized>
         <run_address>0x2000c444</run_address>
         <size>0x14</size>
         <input_file_ref idref="fl-a"/>
      </object_component>
      <object_component id="oc-fd">
         <name>.bss:xTasksWaitingTermination</name>
         <uninitialized>true</uninitialized>
         <run_address>0x2000c46c</run_address>
         <size>0x14</size>
         <input_file_ref idref="fl-a"/>
      </object_component>
      <object_component id="oc-103">
         <name>.bss:xSuspendedTaskList</name>
         <uninitialized>true</uninitialized>
         <run_address>0x2000c458</run_address>
         <size>0x14</size>
         <input_file_ref idref="fl-a"/>
      </object_component>
      <object_component id="oc-1f2">
         <name>.bss:xActiveTimerList1</name>
         <uninitialized>true</uninitialized>
         <run_address>0x2000c3f4</run_address>
         <size>0x14</size>
         <input_file_ref idref="fl-b"/>
      </object_component>
      <object_component id="oc-1f5">
         <name>.bss:xActiveTimerList2</name>
         <uninitialized>true</uninitialized>
         <run_address>0x2000c408</run_address>
         <size>0x14</size>
         <input_file_ref idref="fl-b"/>
      </object_component>
      <object_component id="oc-1ef">
         <name>.bss</name>
         <uninitialized>true</uninitialized>
         <run_address>0x2000c488</run_address>
         <size>0x8</size>
         <input_file_ref idref="fl-b"/>
      </object_component>
      <object_component id="oc-1d7">
         <name>.bss:ucHeap</name>
         <uninitialized>true</uninitialized>
         <run_address>0x20000000</run_address>
         <size>0xc350</size>
         <input_file_ref idref="fl-f"/>
      </object_component>
      <object_component id="oc-1d4">
         <name>.bss:xStart</name>
         <uninitialized>true</uninitialized>
         <run_address>0x2000c490</run_address>
         <size>0x8</size>
         <input_file_ref idref="fl-f"/>
      </object_component>
      <object_component id="oc-176">
         <name>.common:SysClkFreq</name>
         <uninitialized>true</uninitialized>
         <run_address>0x2000c498</run_address>
         <size>0x4</size>
      </object_component>
      <object_component id="oc-28e">
         <name>.common:xQueueRegistry</name>
         <uninitialized>true</uninitialized>
         <run_address>0x2000c3b4</run_address>
         <size>0x40</size>
      </object_component>
      <object_component id="oc-24">
         <name>.sysmem</name>
         <uninitialized>true</uninitialized>
         <run_address>0x2000c4a0</run_address>
         <size>0x8</size>
         <input_file_ref idref="fl-e4"/>
      </object_component>
      <object_component id="oc-334">
         <name>.sysmem</name>
         <uninitialized>true</uninitialized>
         <run_address>0x2000c4a0</run_address>
         <size>0x0</size>
      </object_component>
      <object_component id="oc-21">
         <name>.stack</name>
         <uninitialized>true</uninitialized>
         <run_address>0x2000d0a0</run_address>
         <size>0x4</size>
         <input_file_ref idref="fl-e1"/>
      </object_component>
      <object_component id="oc-333">
         <name>.stack</name>
         <uninitialized>true</uninitialized>
         <run_address>0x2000d0a0</run_address>
         <size>0x0</size>
      </object_component>
      <object_component id="oc-12f">
         <name>.debug_info</name>
         <load_address>0x0</load_address>
         <run_address>0x0</run_address>
         <size>0x2f6</size>
         <input_file_ref idref="fl-2"/>
      </object_component>
      <object_component id="oc-9b">
         <name>.debug_info</name>
         <load_address>0x2f6</load_address>
         <run_address>0x2f6</run_address>
         <size>0x26b</size>
         <input_file_ref idref="fl-2"/>
      </object_component>
      <object_component id="oc-41">
         <name>.debug_info</name>
         <load_address>0x561</load_address>
         <run_address>0x561</run_address>
         <size>0x84</size>
         <input_file_ref idref="fl-2"/>
      </object_component>
      <object_component id="oc-12a">
         <name>.debug_info</name>
         <load_address>0x5e5</load_address>
         <run_address>0x5e5</run_address>
         <size>0x297</size>
         <input_file_ref idref="fl-2"/>
      </object_component>
      <object_component id="oc-2a6">
         <name>.debug_info</name>
         <load_address>0x87c</load_address>
         <run_address>0x87c</run_address>
         <size>0xef</size>
         <input_file_ref idref="fl-2"/>
      </object_component>
      <object_component id="oc-a0">
         <name>.debug_info</name>
         <load_address>0x96b</load_address>
         <run_address>0x96b</run_address>
         <size>0xbb</size>
         <input_file_ref idref="fl-2"/>
      </object_component>
      <object_component id="oc-20e">
         <name>.debug_info</name>
         <load_address>0xa26</load_address>
         <run_address>0xa26</run_address>
         <size>0xcc</size>
         <input_file_ref idref="fl-2"/>
      </object_component>
      <object_component id="oc-129">
         <name>.debug_info</name>
         <load_address>0xaf2</load_address>
         <run_address>0xaf2</run_address>
         <size>0x1cf</size>
         <input_file_ref idref="fl-3"/>
      </object_component>
      <object_component id="oc-e7">
         <name>.debug_info</name>
         <load_address>0xcc1</load_address>
         <run_address>0xcc1</run_address>
         <size>0x30c</size>
         <input_file_ref idref="fl-3"/>
      </object_component>
      <object_component id="oc-124">
         <name>.debug_info</name>
         <load_address>0xfcd</load_address>
         <run_address>0xfcd</run_address>
         <size>0x44c</size>
         <input_file_ref idref="fl-3"/>
      </object_component>
      <object_component id="oc-207">
         <name>.debug_info</name>
         <load_address>0x1419</load_address>
         <run_address>0x1419</run_address>
         <size>0xcc</size>
         <input_file_ref idref="fl-3"/>
      </object_component>
      <object_component id="oc-8f">
         <name>.debug_info</name>
         <load_address>0x14e5</load_address>
         <run_address>0x14e5</run_address>
         <size>0x2c</size>
         <input_file_ref idref="fl-3"/>
      </object_component>
      <object_component id="oc-11a">
         <name>.debug_info</name>
         <load_address>0x1511</load_address>
         <run_address>0x1511</run_address>
         <size>0x53</size>
         <input_file_ref idref="fl-3"/>
      </object_component>
      <object_component id="oc-94">
         <name>.debug_info</name>
         <load_address>0x1564</load_address>
         <run_address>0x1564</run_address>
         <size>0x53</size>
         <input_file_ref idref="fl-3"/>
      </object_component>
      <object_component id="oc-11f">
         <name>.debug_info</name>
         <load_address>0x15b7</load_address>
         <run_address>0x15b7</run_address>
         <size>0x14c</size>
         <input_file_ref idref="fl-3"/>
      </object_component>
      <object_component id="oc-25e">
         <name>.debug_info</name>
         <load_address>0x1703</load_address>
         <run_address>0x1703</run_address>
         <size>0x603</size>
         <input_file_ref idref="fl-4"/>
      </object_component>
      <object_component id="oc-1c2">
         <name>.debug_info</name>
         <load_address>0x1d06</load_address>
         <run_address>0x1d06</run_address>
         <size>0x110</size>
         <input_file_ref idref="fl-4"/>
      </object_component>
      <object_component id="oc-1cc">
         <name>.debug_info</name>
         <load_address>0x1e16</load_address>
         <run_address>0x1e16</run_address>
         <size>0x44c</size>
         <input_file_ref idref="fl-4"/>
      </object_component>
      <object_component id="oc-2c5">
         <name>.debug_info</name>
         <load_address>0x2262</load_address>
         <run_address>0x2262</run_address>
         <size>0x39</size>
         <input_file_ref idref="fl-4"/>
      </object_component>
      <object_component id="oc-17d">
         <name>.debug_info</name>
         <load_address>0x229b</load_address>
         <run_address>0x229b</run_address>
         <size>0x46</size>
         <input_file_ref idref="fl-4"/>
      </object_component>
      <object_component id="oc-2ca">
         <name>.debug_info</name>
         <load_address>0x22e1</load_address>
         <run_address>0x22e1</run_address>
         <size>0x76</size>
         <input_file_ref idref="fl-4"/>
      </object_component>
      <object_component id="oc-1dd">
         <name>.debug_info</name>
         <load_address>0x2357</load_address>
         <run_address>0x2357</run_address>
         <size>0x357</size>
         <input_file_ref idref="fl-5"/>
      </object_component>
      <object_component id="oc-f7">
         <name>.debug_info</name>
         <load_address>0x26ae</load_address>
         <run_address>0x26ae</run_address>
         <size>0x449</size>
         <input_file_ref idref="fl-5"/>
      </object_component>
      <object_component id="oc-177">
         <name>.debug_info</name>
         <load_address>0x2af7</load_address>
         <run_address>0x2af7</run_address>
         <size>0x72f</size>
         <input_file_ref idref="fl-6"/>
      </object_component>
      <object_component id="oc-17a">
         <name>.debug_info</name>
         <load_address>0x3226</load_address>
         <run_address>0x3226</run_address>
         <size>0xf7</size>
         <input_file_ref idref="fl-6"/>
      </object_component>
      <object_component id="oc-c7">
         <name>.debug_info</name>
         <load_address>0x331d</load_address>
         <run_address>0x331d</run_address>
         <size>0x79e</size>
         <input_file_ref idref="fl-6"/>
      </object_component>
      <object_component id="oc-257">
         <name>.debug_info</name>
         <load_address>0x3abb</load_address>
         <run_address>0x3abb</run_address>
         <size>0x44c</size>
         <input_file_ref idref="fl-6"/>
      </object_component>
      <object_component id="oc-292">
         <name>.debug_info</name>
         <load_address>0x3f07</load_address>
         <run_address>0x3f07</run_address>
         <size>0x46</size>
         <input_file_ref idref="fl-6"/>
      </object_component>
      <object_component id="oc-137">
         <name>.debug_info</name>
         <load_address>0x3f4d</load_address>
         <run_address>0x3f4d</run_address>
         <size>0x2c</size>
         <input_file_ref idref="fl-6"/>
      </object_component>
      <object_component id="oc-28f">
         <name>.debug_info</name>
         <load_address>0x3f79</load_address>
         <run_address>0x3f79</run_address>
         <size>0x874</size>
         <input_file_ref idref="fl-8"/>
      </object_component>
      <object_component id="oc-1e7">
         <name>.debug_info</name>
         <load_address>0x47ed</load_address>
         <run_address>0x47ed</run_address>
         <size>0x3377</size>
         <input_file_ref idref="fl-8"/>
      </object_component>
      <object_component id="oc-2f2">
         <name>.debug_info</name>
         <load_address>0x7b64</load_address>
         <run_address>0x7b64</run_address>
         <size>0x1cd</size>
         <input_file_ref idref="fl-8"/>
      </object_component>
      <object_component id="oc-e6">
         <name>.debug_info</name>
         <load_address>0x7d31</load_address>
         <run_address>0x7d31</run_address>
         <size>0x753</size>
         <input_file_ref idref="fl-a"/>
      </object_component>
      <object_component id="oc-7e">
         <name>.debug_info</name>
         <load_address>0x8484</load_address>
         <run_address>0x8484</run_address>
         <size>0x340</size>
         <input_file_ref idref="fl-a"/>
      </object_component>
      <object_component id="oc-fb">
         <name>.debug_info</name>
         <load_address>0x87c4</load_address>
         <run_address>0x87c4</run_address>
         <size>0xe7</size>
         <input_file_ref idref="fl-a"/>
      </object_component>
      <object_component id="oc-110">
         <name>.debug_info</name>
         <load_address>0x88ab</load_address>
         <run_address>0x88ab</run_address>
         <size>0xe7</size>
         <input_file_ref idref="fl-a"/>
      </object_component>
      <object_component id="oc-113">
         <name>.debug_info</name>
         <load_address>0x8992</load_address>
         <run_address>0x8992</run_address>
         <size>0xe7</size>
         <input_file_ref idref="fl-a"/>
      </object_component>
      <object_component id="oc-101">
         <name>.debug_info</name>
         <load_address>0x8a79</load_address>
         <run_address>0x8a79</run_address>
         <size>0x12a</size>
         <input_file_ref idref="fl-a"/>
      </object_component>
      <object_component id="oc-10d">
         <name>.debug_info</name>
         <load_address>0x8ba3</load_address>
         <run_address>0x8ba3</run_address>
         <size>0xe7</size>
         <input_file_ref idref="fl-a"/>
      </object_component>
      <object_component id="oc-fe">
         <name>.debug_info</name>
         <load_address>0x8c8a</load_address>
         <run_address>0x8c8a</run_address>
         <size>0xf5</size>
         <input_file_ref idref="fl-a"/>
      </object_component>
      <object_component id="oc-104">
         <name>.debug_info</name>
         <load_address>0x8d7f</load_address>
         <run_address>0x8d7f</run_address>
         <size>0xe9</size>
         <input_file_ref idref="fl-a"/>
      </object_component>
      <object_component id="oc-85">
         <name>.debug_info</name>
         <load_address>0x8e68</load_address>
         <run_address>0x8e68</run_address>
         <size>0x453f</size>
         <input_file_ref idref="fl-a"/>
      </object_component>
      <object_component id="oc-1c7">
         <name>.debug_info</name>
         <load_address>0xd3a7</load_address>
         <run_address>0xd3a7</run_address>
         <size>0x146</size>
         <input_file_ref idref="fl-a"/>
      </object_component>
      <object_component id="oc-1f9">
         <name>.debug_info</name>
         <load_address>0xd4ed</load_address>
         <run_address>0xd4ed</run_address>
         <size>0x824</size>
         <input_file_ref idref="fl-b"/>
      </object_component>
      <object_component id="oc-1f3">
         <name>.debug_info</name>
         <load_address>0xdd11</load_address>
         <run_address>0xdd11</run_address>
         <size>0xe7</size>
         <input_file_ref idref="fl-b"/>
      </object_component>
      <object_component id="oc-1f6">
         <name>.debug_info</name>
         <load_address>0xddf8</load_address>
         <run_address>0xddf8</run_address>
         <size>0xe7</size>
         <input_file_ref idref="fl-b"/>
      </object_component>
      <object_component id="oc-1f0">
         <name>.debug_info</name>
         <load_address>0xdedf</load_address>
         <run_address>0xdedf</run_address>
         <size>0x11f</size>
         <input_file_ref idref="fl-b"/>
      </object_component>
      <object_component id="oc-1ed">
         <name>.debug_info</name>
         <load_address>0xdffe</load_address>
         <run_address>0xdffe</run_address>
         <size>0x10b</size>
         <input_file_ref idref="fl-b"/>
      </object_component>
      <object_component id="oc-108">
         <name>.debug_info</name>
         <load_address>0xe109</load_address>
         <run_address>0xe109</run_address>
         <size>0x1adc</size>
         <input_file_ref idref="fl-b"/>
      </object_component>
      <object_component id="oc-1fa">
         <name>.debug_info</name>
         <load_address>0xfbe5</load_address>
         <run_address>0xfbe5</run_address>
         <size>0x1ce</size>
         <input_file_ref idref="fl-b"/>
      </object_component>
      <object_component id="oc-3a">
         <name>.debug_info</name>
         <load_address>0xfdb3</load_address>
         <run_address>0xfdb3</run_address>
         <size>0x332</size>
         <input_file_ref idref="fl-c"/>
      </object_component>
      <object_component id="oc-10">
         <name>.debug_info</name>
         <load_address>0x100e5</load_address>
         <run_address>0x100e5</run_address>
         <size>0xf1</size>
         <input_file_ref idref="fl-c"/>
      </object_component>
      <object_component id="oc-28">
         <name>.debug_info</name>
         <load_address>0x101d6</load_address>
         <run_address>0x101d6</run_address>
         <size>0x272</size>
         <input_file_ref idref="fl-c"/>
      </object_component>
      <object_component id="oc-8e">
         <name>.debug_info</name>
         <load_address>0x10448</load_address>
         <run_address>0x10448</run_address>
         <size>0x3ec</size>
         <input_file_ref idref="fl-d"/>
      </object_component>
      <object_component id="oc-81">
         <name>.debug_info</name>
         <load_address>0x10834</load_address>
         <run_address>0x10834</run_address>
         <size>0x114</size>
         <input_file_ref idref="fl-d"/>
      </object_component>
      <object_component id="oc-8b">
         <name>.debug_info</name>
         <load_address>0x10948</load_address>
         <run_address>0x10948</run_address>
         <size>0xfb</size>
         <input_file_ref idref="fl-d"/>
      </object_component>
      <object_component id="oc-33">
         <name>.debug_info</name>
         <load_address>0x10a43</load_address>
         <run_address>0x10a43</run_address>
         <size>0x61b</size>
         <input_file_ref idref="fl-d"/>
      </object_component>
      <object_component id="oc-2e">
         <name>.debug_info</name>
         <load_address>0x1105e</load_address>
         <run_address>0x1105e</run_address>
         <size>0x24c</size>
         <input_file_ref idref="fl-e"/>
      </object_component>
      <object_component id="oc-1db">
         <name>.debug_info</name>
         <load_address>0x112aa</load_address>
         <run_address>0x112aa</run_address>
         <size>0x3f3</size>
         <input_file_ref idref="fl-f"/>
      </object_component>
      <object_component id="oc-1d8">
         <name>.debug_info</name>
         <load_address>0x1169d</load_address>
         <run_address>0x1169d</run_address>
         <size>0xda</size>
         <input_file_ref idref="fl-f"/>
      </object_component>
      <object_component id="oc-1d5">
         <name>.debug_info</name>
         <load_address>0x11777</load_address>
         <run_address>0x11777</run_address>
         <size>0xda</size>
         <input_file_ref idref="fl-f"/>
      </object_component>
      <object_component id="oc-1d2">
         <name>.debug_info</name>
         <load_address>0x11851</load_address>
         <run_address>0x11851</run_address>
         <size>0x18e</size>
         <input_file_ref idref="fl-f"/>
      </object_component>
      <object_component id="oc-f0">
         <name>.debug_info</name>
         <load_address>0x119df</load_address>
         <run_address>0x119df</run_address>
         <size>0x69f</size>
         <input_file_ref idref="fl-f"/>
      </object_component>
      <object_component id="oc-283">
         <name>.debug_info</name>
         <load_address>0x1207e</load_address>
         <run_address>0x1207e</run_address>
         <size>0x62</size>
         <input_file_ref idref="fl-f"/>
      </object_component>
      <object_component id="oc-238">
         <name>.debug_info</name>
         <load_address>0x120e0</load_address>
         <run_address>0x120e0</run_address>
         <size>0x392</size>
         <input_file_ref idref="fl-15"/>
      </object_component>
      <object_component id="oc-23a">
         <name>.debug_info</name>
         <load_address>0x12472</load_address>
         <run_address>0x12472</run_address>
         <size>0x112</size>
         <input_file_ref idref="fl-15"/>
      </object_component>
      <object_component id="oc-16e">
         <name>.debug_info</name>
         <load_address>0x12584</load_address>
         <run_address>0x12584</run_address>
         <size>0x20c</size>
         <input_file_ref idref="fl-15"/>
      </object_component>
      <object_component id="oc-235">
         <name>.debug_info</name>
         <load_address>0x12790</load_address>
         <run_address>0x12790</run_address>
         <size>0x21c</size>
         <input_file_ref idref="fl-15"/>
      </object_component>
      <object_component id="oc-22f">
         <name>.debug_info</name>
         <load_address>0x129ac</load_address>
         <run_address>0x129ac</run_address>
         <size>0x27f</size>
         <input_file_ref idref="fl-15"/>
      </object_component>
      <object_component id="oc-15c">
         <name>.debug_info</name>
         <load_address>0x12c2b</load_address>
         <run_address>0x12c2b</run_address>
         <size>0x1fb</size>
         <input_file_ref idref="fl-15"/>
      </object_component>
      <object_component id="oc-150">
         <name>.debug_info</name>
         <load_address>0x12e26</load_address>
         <run_address>0x12e26</run_address>
         <size>0x220</size>
         <input_file_ref idref="fl-15"/>
      </object_component>
      <object_component id="oc-154">
         <name>.debug_info</name>
         <load_address>0x13046</load_address>
         <run_address>0x13046</run_address>
         <size>0x1e9</size>
         <input_file_ref idref="fl-15"/>
      </object_component>
      <object_component id="oc-24d">
         <name>.debug_info</name>
         <load_address>0x1322f</load_address>
         <run_address>0x1322f</run_address>
         <size>0x8b</size>
         <input_file_ref idref="fl-15"/>
      </object_component>
      <object_component id="oc-229">
         <name>.debug_info</name>
         <load_address>0x132ba</load_address>
         <run_address>0x132ba</run_address>
         <size>0x3ef</size>
         <input_file_ref idref="fl-17"/>
      </object_component>
      <object_component id="oc-220">
         <name>.debug_info</name>
         <load_address>0x136a9</load_address>
         <run_address>0x136a9</run_address>
         <size>0x104</size>
         <input_file_ref idref="fl-17"/>
      </object_component>
      <object_component id="oc-223">
         <name>.debug_info</name>
         <load_address>0x137ad</load_address>
         <run_address>0x137ad</run_address>
         <size>0x110</size>
         <input_file_ref idref="fl-17"/>
      </object_component>
      <object_component id="oc-2a2">
         <name>.debug_info</name>
         <load_address>0x138bd</load_address>
         <run_address>0x138bd</run_address>
         <size>0x10a</size>
         <input_file_ref idref="fl-17"/>
      </object_component>
      <object_component id="oc-226">
         <name>.debug_info</name>
         <load_address>0x139c7</load_address>
         <run_address>0x139c7</run_address>
         <size>0x117</size>
         <input_file_ref idref="fl-17"/>
      </object_component>
      <object_component id="oc-147">
         <name>.debug_info</name>
         <load_address>0x13ade</load_address>
         <run_address>0x13ade</run_address>
         <size>0x1e6</size>
         <input_file_ref idref="fl-17"/>
      </object_component>
      <object_component id="oc-217">
         <name>.debug_info</name>
         <load_address>0x13cc4</load_address>
         <run_address>0x13cc4</run_address>
         <size>0x1d9</size>
         <input_file_ref idref="fl-17"/>
      </object_component>
      <object_component id="oc-21d">
         <name>.debug_info</name>
         <load_address>0x13e9d</load_address>
         <run_address>0x13e9d</run_address>
         <size>0x223</size>
         <input_file_ref idref="fl-17"/>
      </object_component>
      <object_component id="oc-144">
         <name>.debug_info</name>
         <load_address>0x140c0</load_address>
         <run_address>0x140c0</run_address>
         <size>0x403</size>
         <input_file_ref idref="fl-17"/>
      </object_component>
      <object_component id="oc-2b3">
         <name>.debug_info</name>
         <load_address>0x144c3</load_address>
         <run_address>0x144c3</run_address>
         <size>0x51</size>
         <input_file_ref idref="fl-17"/>
      </object_component>
      <object_component id="oc-24b">
         <name>.debug_info</name>
         <load_address>0x14514</load_address>
         <run_address>0x14514</run_address>
         <size>0x379</size>
         <input_file_ref idref="fl-18"/>
      </object_component>
      <object_component id="oc-246">
         <name>.debug_info</name>
         <load_address>0x1488d</load_address>
         <run_address>0x1488d</run_address>
         <size>0x1b0</size>
         <input_file_ref idref="fl-18"/>
      </object_component>
      <object_component id="oc-240">
         <name>.debug_info</name>
         <load_address>0x14a3d</load_address>
         <run_address>0x14a3d</run_address>
         <size>0x1b2</size>
         <input_file_ref idref="fl-18"/>
      </object_component>
      <object_component id="oc-160">
         <name>.debug_info</name>
         <load_address>0x14bef</load_address>
         <run_address>0x14bef</run_address>
         <size>0x28f</size>
         <input_file_ref idref="fl-18"/>
      </object_component>
      <object_component id="oc-165">
         <name>.debug_info</name>
         <load_address>0x14e7e</load_address>
         <run_address>0x14e7e</run_address>
         <size>0x1dc</size>
         <input_file_ref idref="fl-18"/>
      </object_component>
      <object_component id="oc-49">
         <name>.debug_info</name>
         <load_address>0x1505a</load_address>
         <run_address>0x1505a</run_address>
         <size>0x111</size>
         <input_file_ref idref="fl-db"/>
      </object_component>
      <object_component id="oc-bb">
         <name>.debug_info</name>
         <load_address>0x1516b</load_address>
         <run_address>0x1516b</run_address>
         <size>0x13f</size>
         <input_file_ref idref="fl-dd"/>
      </object_component>
      <object_component id="oc-b9">
         <name>.debug_info</name>
         <load_address>0x152aa</load_address>
         <run_address>0x152aa</run_address>
         <size>0x313</size>
         <input_file_ref idref="fl-de"/>
      </object_component>
      <object_component id="oc-5c">
         <name>.debug_info</name>
         <load_address>0x155bd</load_address>
         <run_address>0x155bd</run_address>
         <size>0x1aa</size>
         <input_file_ref idref="fl-de"/>
      </object_component>
      <object_component id="oc-b4">
         <name>.debug_info</name>
         <load_address>0x15767</load_address>
         <run_address>0x15767</run_address>
         <size>0x46</size>
         <input_file_ref idref="fl-de"/>
      </object_component>
      <object_component id="oc-51">
         <name>.debug_info</name>
         <load_address>0x157ad</load_address>
         <run_address>0x157ad</run_address>
         <size>0x29d</size>
         <input_file_ref idref="fl-df"/>
      </object_component>
      <object_component id="oc-19">
         <name>.debug_info</name>
         <load_address>0x15a4a</load_address>
         <run_address>0x15a4a</run_address>
         <size>0x1df</size>
         <input_file_ref idref="fl-df"/>
      </object_component>
      <object_component id="oc-4c">
         <name>.debug_info</name>
         <load_address>0x15c29</load_address>
         <run_address>0x15c29</run_address>
         <size>0x46</size>
         <input_file_ref idref="fl-df"/>
      </object_component>
      <object_component id="oc-ac">
         <name>.debug_info</name>
         <load_address>0x15c6f</load_address>
         <run_address>0x15c6f</run_address>
         <size>0x2c</size>
         <input_file_ref idref="fl-df"/>
      </object_component>
      <object_component id="oc-aa">
         <name>.debug_info</name>
         <load_address>0x15c9b</load_address>
         <run_address>0x15c9b</run_address>
         <size>0x293</size>
         <input_file_ref idref="fl-e0"/>
      </object_component>
      <object_component id="oc-15">
         <name>.debug_info</name>
         <load_address>0x15f2e</load_address>
         <run_address>0x15f2e</run_address>
         <size>0x245</size>
         <input_file_ref idref="fl-e0"/>
      </object_component>
      <object_component id="oc-3c">
         <name>.debug_info</name>
         <load_address>0x16173</load_address>
         <run_address>0x16173</run_address>
         <size>0x60</size>
         <input_file_ref idref="fl-e0"/>
      </object_component>
      <object_component id="oc-130">
         <name>.debug_info</name>
         <load_address>0x161d3</load_address>
         <run_address>0x161d3</run_address>
         <size>0x46</size>
         <input_file_ref idref="fl-e0"/>
      </object_component>
      <object_component id="oc-a5">
         <name>.debug_info</name>
         <load_address>0x16219</load_address>
         <run_address>0x16219</run_address>
         <size>0x39</size>
         <input_file_ref idref="fl-e0"/>
      </object_component>
      <object_component id="oc-22">
         <name>.debug_info</name>
         <load_address>0x16252</load_address>
         <run_address>0x16252</run_address>
         <size>0x100</size>
         <input_file_ref idref="fl-e1"/>
      </object_component>
      <object_component id="oc-66">
         <name>.debug_info</name>
         <load_address>0x16352</load_address>
         <run_address>0x16352</run_address>
         <size>0x1a4</size>
         <input_file_ref idref="fl-e1"/>
      </object_component>
      <object_component id="oc-183">
         <name>.debug_info</name>
         <load_address>0x164f6</load_address>
         <run_address>0x164f6</run_address>
         <size>0x117</size>
         <input_file_ref idref="fl-e3"/>
      </object_component>
      <object_component id="oc-7a">
         <name>.debug_info</name>
         <load_address>0x1660d</load_address>
         <run_address>0x1660d</run_address>
         <size>0x3bb</size>
         <input_file_ref idref="fl-e4"/>
      </object_component>
      <object_component id="oc-25">
         <name>.debug_info</name>
         <load_address>0x169c8</load_address>
         <run_address>0x169c8</run_address>
         <size>0x101</size>
         <input_file_ref idref="fl-e4"/>
      </object_component>
      <object_component id="oc-da">
         <name>.debug_info</name>
         <load_address>0x16ac9</load_address>
         <run_address>0x16ac9</run_address>
         <size>0x2c</size>
         <input_file_ref idref="fl-e4"/>
      </object_component>
      <object_component id="oc-df">
         <name>.debug_info</name>
         <load_address>0x16af5</load_address>
         <run_address>0x16af5</run_address>
         <size>0x62</size>
         <input_file_ref idref="fl-e4"/>
      </object_component>
      <object_component id="oc-254">
         <name>.debug_info</name>
         <load_address>0x16b57</load_address>
         <run_address>0x16b57</run_address>
         <size>0x284</size>
         <input_file_ref idref="fl-e7"/>
      </object_component>
      <object_component id="oc-171">
         <name>.debug_info</name>
         <load_address>0x16ddb</load_address>
         <run_address>0x16ddb</run_address>
         <size>0x22a</size>
         <input_file_ref idref="fl-e7"/>
      </object_component>
      <object_component id="oc-26a">
         <name>.debug_info</name>
         <load_address>0x17005</load_address>
         <run_address>0x17005</run_address>
         <size>0x547</size>
         <input_file_ref idref="fl-ea"/>
      </object_component>
      <object_component id="oc-18f">
         <name>.debug_info</name>
         <load_address>0x1754c</load_address>
         <run_address>0x1754c</run_address>
         <size>0x19b</size>
         <input_file_ref idref="fl-ea"/>
      </object_component>
      <object_component id="oc-2df">
         <name>.debug_info</name>
         <load_address>0x176e7</load_address>
         <run_address>0x176e7</run_address>
         <size>0x39</size>
         <input_file_ref idref="fl-ea"/>
      </object_component>
      <object_component id="oc-2fc">
         <name>.debug_info</name>
         <load_address>0x17720</load_address>
         <run_address>0x17720</run_address>
         <size>0x39</size>
         <input_file_ref idref="fl-ea"/>
      </object_component>
      <object_component id="oc-2e4">
         <name>.debug_info</name>
         <load_address>0x17759</load_address>
         <run_address>0x17759</run_address>
         <size>0x39</size>
         <input_file_ref idref="fl-ea"/>
      </object_component>
      <object_component id="oc-2e9">
         <name>.debug_info</name>
         <load_address>0x17792</load_address>
         <run_address>0x17792</run_address>
         <size>0xcd</size>
         <input_file_ref idref="fl-ea"/>
      </object_component>
      <object_component id="oc-c1">
         <name>.debug_info</name>
         <load_address>0x1785f</load_address>
         <run_address>0x1785f</run_address>
         <size>0x148</size>
         <input_file_ref idref="fl-eb"/>
      </object_component>
      <object_component id="oc-335">
         <name>.debug_info</name>
         <load_address>0x179a7</load_address>
         <run_address>0x179a7</run_address>
         <size>0xa6</size>
      </object_component>
      <object_component id="oc-20d">
         <name>.debug_line</name>
         <load_address>0x0</load_address>
         <run_address>0x0</run_address>
         <size>0x72</size>
         <input_file_ref idref="fl-2"/>
      </object_component>
      <object_component id="oc-9e">
         <name>.debug_line</name>
         <load_address>0x72</load_address>
         <run_address>0x72</run_address>
         <size>0x69</size>
         <input_file_ref idref="fl-2"/>
      </object_component>
      <object_component id="oc-44">
         <name>.debug_line</name>
         <load_address>0xdb</load_address>
         <run_address>0xdb</run_address>
         <size>0x20</size>
         <input_file_ref idref="fl-2"/>
      </object_component>
      <object_component id="oc-12d">
         <name>.debug_line</name>
         <load_address>0xfb</load_address>
         <run_address>0xfb</run_address>
         <size>0x6d</size>
         <input_file_ref idref="fl-2"/>
      </object_component>
      <object_component id="oc-2a9">
         <name>.debug_line</name>
         <load_address>0x168</load_address>
         <run_address>0x168</run_address>
         <size>0x69</size>
         <input_file_ref idref="fl-2"/>
      </object_component>
      <object_component id="oc-a3">
         <name>.debug_line</name>
         <load_address>0x1d1</load_address>
         <run_address>0x1d1</run_address>
         <size>0x6a</size>
         <input_file_ref idref="fl-2"/>
      </object_component>
      <object_component id="oc-211">
         <name>.debug_line</name>
         <load_address>0x23b</load_address>
         <run_address>0x23b</run_address>
         <size>0x64</size>
         <input_file_ref idref="fl-2"/>
      </object_component>
      <object_component id="oc-206">
         <name>.debug_line</name>
         <load_address>0x29f</load_address>
         <run_address>0x29f</run_address>
         <size>0x20</size>
         <input_file_ref idref="fl-3"/>
      </object_component>
      <object_component id="oc-ea">
         <name>.debug_line</name>
         <load_address>0x2bf</load_address>
         <run_address>0x2bf</run_address>
         <size>0x55</size>
         <input_file_ref idref="fl-3"/>
      </object_component>
      <object_component id="oc-127">
         <name>.debug_line</name>
         <load_address>0x314</load_address>
         <run_address>0x314</run_address>
         <size>0x59</size>
         <input_file_ref idref="fl-3"/>
      </object_component>
      <object_component id="oc-20a">
         <name>.debug_line</name>
         <load_address>0x36d</load_address>
         <run_address>0x36d</run_address>
         <size>0x59</size>
         <input_file_ref idref="fl-3"/>
      </object_component>
      <object_component id="oc-92">
         <name>.debug_line</name>
         <load_address>0x3c6</load_address>
         <run_address>0x3c6</run_address>
         <size>0x59</size>
         <input_file_ref idref="fl-3"/>
      </object_component>
      <object_component id="oc-11d">
         <name>.debug_line</name>
         <load_address>0x41f</load_address>
         <run_address>0x41f</run_address>
         <size>0x65</size>
         <input_file_ref idref="fl-3"/>
      </object_component>
      <object_component id="oc-97">
         <name>.debug_line</name>
         <load_address>0x484</load_address>
         <run_address>0x484</run_address>
         <size>0x68</size>
         <input_file_ref idref="fl-3"/>
      </object_component>
      <object_component id="oc-122">
         <name>.debug_line</name>
         <load_address>0x4ec</load_address>
         <run_address>0x4ec</run_address>
         <size>0x55</size>
         <input_file_ref idref="fl-3"/>
      </object_component>
      <object_component id="oc-2c4">
         <name>.debug_line</name>
         <load_address>0x541</load_address>
         <run_address>0x541</run_address>
         <size>0x10b</size>
         <input_file_ref idref="fl-4"/>
      </object_component>
      <object_component id="oc-1c5">
         <name>.debug_line</name>
         <load_address>0x64c</load_address>
         <run_address>0x64c</run_address>
         <size>0x65</size>
         <input_file_ref idref="fl-4"/>
      </object_component>
      <object_component id="oc-1cf">
         <name>.debug_line</name>
         <load_address>0x6b1</load_address>
         <run_address>0x6b1</run_address>
         <size>0x59</size>
         <input_file_ref idref="fl-4"/>
      </object_component>
      <object_component id="oc-2c8">
         <name>.debug_line</name>
         <load_address>0x70a</load_address>
         <run_address>0x70a</run_address>
         <size>0x5d</size>
         <input_file_ref idref="fl-4"/>
      </object_component>
      <object_component id="oc-180">
         <name>.debug_line</name>
         <load_address>0x767</load_address>
         <run_address>0x767</run_address>
         <size>0x57</size>
         <input_file_ref idref="fl-4"/>
      </object_component>
      <object_component id="oc-2cd">
         <name>.debug_line</name>
         <load_address>0x7be</load_address>
         <run_address>0x7be</run_address>
         <size>0x35</size>
         <input_file_ref idref="fl-4"/>
      </object_component>
      <object_component id="oc-28d">
         <name>.debug_line</name>
         <load_address>0x7f3</load_address>
         <run_address>0x7f3</run_address>
         <size>0x20</size>
         <input_file_ref idref="fl-5"/>
      </object_component>
      <object_component id="oc-f6">
         <name>.debug_line</name>
         <load_address>0x813</load_address>
         <run_address>0x813</run_address>
         <size>0xe3</size>
         <input_file_ref idref="fl-5"/>
      </object_component>
      <object_component id="oc-256">
         <name>.debug_line</name>
         <load_address>0x8f6</load_address>
         <run_address>0x8f6</run_address>
         <size>0x182</size>
         <input_file_ref idref="fl-6"/>
      </object_component>
      <object_component id="oc-25d">
         <name>.debug_line</name>
         <load_address>0xa78</load_address>
         <run_address>0xa78</run_address>
         <size>0x2d</size>
         <input_file_ref idref="fl-6"/>
      </object_component>
      <object_component id="oc-cb">
         <name>.debug_line</name>
         <load_address>0xaa5</load_address>
         <run_address>0xaa5</run_address>
         <size>0x10b</size>
         <input_file_ref idref="fl-6"/>
      </object_component>
      <object_component id="oc-25a">
         <name>.debug_line</name>
         <load_address>0xbb0</load_address>
         <run_address>0xbb0</run_address>
         <size>0x59</size>
         <input_file_ref idref="fl-6"/>
      </object_component>
      <object_component id="oc-295">
         <name>.debug_line</name>
         <load_address>0xc09</load_address>
         <run_address>0xc09</run_address>
         <size>0x56</size>
         <input_file_ref idref="fl-6"/>
      </object_component>
      <object_component id="oc-13a">
         <name>.debug_line</name>
         <load_address>0xc5f</load_address>
         <run_address>0xc5f</run_address>
         <size>0x65</size>
         <input_file_ref idref="fl-6"/>
      </object_component>
      <object_component id="oc-2f1">
         <name>.debug_line</name>
         <load_address>0xcc4</load_address>
         <run_address>0xcc4</run_address>
         <size>0x119</size>
         <input_file_ref idref="fl-8"/>
      </object_component>
      <object_component id="oc-1ea">
         <name>.debug_line</name>
         <load_address>0xddd</load_address>
         <run_address>0xddd</run_address>
         <size>0x8ec</size>
         <input_file_ref idref="fl-8"/>
      </object_component>
      <object_component id="oc-2f5">
         <name>.debug_line</name>
         <load_address>0x16c9</load_address>
         <run_address>0x16c9</run_address>
         <size>0x2e</size>
         <input_file_ref idref="fl-8"/>
      </object_component>
      <object_component id="oc-1c1">
         <name>.debug_line</name>
         <load_address>0x16f7</load_address>
         <run_address>0x16f7</run_address>
         <size>0x152</size>
         <input_file_ref idref="fl-a"/>
      </object_component>
      <object_component id="oc-e5">
         <name>.debug_line</name>
         <load_address>0x1849</load_address>
         <run_address>0x1849</run_address>
         <size>0x2e</size>
         <input_file_ref idref="fl-a"/>
      </object_component>
      <object_component id="oc-1df">
         <name>.debug_line</name>
         <load_address>0x1877</load_address>
         <run_address>0x1877</run_address>
         <size>0x2e</size>
         <input_file_ref idref="fl-a"/>
      </object_component>
      <object_component id="oc-202">
         <name>.debug_line</name>
         <load_address>0x18a5</load_address>
         <run_address>0x18a5</run_address>
         <size>0x2e</size>
         <input_file_ref idref="fl-a"/>
      </object_component>
      <object_component id="oc-204">
         <name>.debug_line</name>
         <load_address>0x18d3</load_address>
         <run_address>0x18d3</run_address>
         <size>0x2e</size>
         <input_file_ref idref="fl-a"/>
      </object_component>
      <object_component id="oc-1e3">
         <name>.debug_line</name>
         <load_address>0x1901</load_address>
         <run_address>0x1901</run_address>
         <size>0x2e</size>
         <input_file_ref idref="fl-a"/>
      </object_component>
      <object_component id="oc-200">
         <name>.debug_line</name>
         <load_address>0x192f</load_address>
         <run_address>0x192f</run_address>
         <size>0x2e</size>
         <input_file_ref idref="fl-a"/>
      </object_component>
      <object_component id="oc-1e1">
         <name>.debug_line</name>
         <load_address>0x195d</load_address>
         <run_address>0x195d</run_address>
         <size>0x2e</size>
         <input_file_ref idref="fl-a"/>
      </object_component>
      <object_component id="oc-1e5">
         <name>.debug_line</name>
         <load_address>0x198b</load_address>
         <run_address>0x198b</run_address>
         <size>0x2e</size>
         <input_file_ref idref="fl-a"/>
      </object_component>
      <object_component id="oc-84">
         <name>.debug_line</name>
         <load_address>0x19b9</load_address>
         <run_address>0x19b9</run_address>
         <size>0xcf0</size>
         <input_file_ref idref="fl-a"/>
      </object_component>
      <object_component id="oc-1ca">
         <name>.debug_line</name>
         <load_address>0x26a9</load_address>
         <run_address>0x26a9</run_address>
         <size>0x2e</size>
         <input_file_ref idref="fl-a"/>
      </object_component>
      <object_component id="oc-2a0">
         <name>.debug_line</name>
         <load_address>0x26d7</load_address>
         <run_address>0x26d7</run_address>
         <size>0x141</size>
         <input_file_ref idref="fl-b"/>
      </object_component>
      <object_component id="oc-29c">
         <name>.debug_line</name>
         <load_address>0x2818</load_address>
         <run_address>0x2818</run_address>
         <size>0x2f</size>
         <input_file_ref idref="fl-b"/>
      </object_component>
      <object_component id="oc-29e">
         <name>.debug_line</name>
         <load_address>0x2847</load_address>
         <run_address>0x2847</run_address>
         <size>0x2f</size>
         <input_file_ref idref="fl-b"/>
      </object_component>
      <object_component id="oc-29a">
         <name>.debug_line</name>
         <load_address>0x2876</load_address>
         <run_address>0x2876</run_address>
         <size>0x2f</size>
         <input_file_ref idref="fl-b"/>
      </object_component>
      <object_component id="oc-298">
         <name>.debug_line</name>
         <load_address>0x28a5</load_address>
         <run_address>0x28a5</run_address>
         <size>0x2f</size>
         <input_file_ref idref="fl-b"/>
      </object_component>
      <object_component id="oc-107">
         <name>.debug_line</name>
         <load_address>0x28d4</load_address>
         <run_address>0x28d4</run_address>
         <size>0x43f</size>
         <input_file_ref idref="fl-b"/>
      </object_component>
      <object_component id="oc-1fd">
         <name>.debug_line</name>
         <load_address>0x2d13</load_address>
         <run_address>0x2d13</run_address>
         <size>0x2f</size>
         <input_file_ref idref="fl-b"/>
      </object_component>
      <object_component id="oc-9a">
         <name>.debug_line</name>
         <load_address>0x2d42</load_address>
         <run_address>0x2d42</run_address>
         <size>0x42</size>
         <input_file_ref idref="fl-c"/>
      </object_component>
      <object_component id="oc-39">
         <name>.debug_line</name>
         <load_address>0x2d84</load_address>
         <run_address>0x2d84</run_address>
         <size>0x42</size>
         <input_file_ref idref="fl-c"/>
      </object_component>
      <object_component id="oc-2b">
         <name>.debug_line</name>
         <load_address>0x2dc6</load_address>
         <run_address>0x2dc6</run_address>
         <size>0xa2</size>
         <input_file_ref idref="fl-c"/>
      </object_component>
      <object_component id="oc-119">
         <name>.debug_line</name>
         <load_address>0x2e68</load_address>
         <run_address>0x2e68</run_address>
         <size>0x78</size>
         <input_file_ref idref="fl-d"/>
      </object_component>
      <object_component id="oc-ed">
         <name>.debug_line</name>
         <load_address>0x2ee0</load_address>
         <run_address>0x2ee0</run_address>
         <size>0x43</size>
         <input_file_ref idref="fl-d"/>
      </object_component>
      <object_component id="oc-117">
         <name>.debug_line</name>
         <load_address>0x2f23</load_address>
         <run_address>0x2f23</run_address>
         <size>0x43</size>
         <input_file_ref idref="fl-d"/>
      </object_component>
      <object_component id="oc-36">
         <name>.debug_line</name>
         <load_address>0x2f66</load_address>
         <run_address>0x2f66</run_address>
         <size>0x145</size>
         <input_file_ref idref="fl-d"/>
      </object_component>
      <object_component id="oc-31">
         <name>.debug_line</name>
         <load_address>0x30ab</load_address>
         <run_address>0x30ab</run_address>
         <size>0xd8</size>
         <input_file_ref idref="fl-e"/>
      </object_component>
      <object_component id="oc-28b">
         <name>.debug_line</name>
         <load_address>0x3183</load_address>
         <run_address>0x3183</run_address>
         <size>0x55</size>
         <input_file_ref idref="fl-f"/>
      </object_component>
      <object_component id="oc-289">
         <name>.debug_line</name>
         <load_address>0x31d8</load_address>
         <run_address>0x31d8</run_address>
         <size>0x38</size>
         <input_file_ref idref="fl-f"/>
      </object_component>
      <object_component id="oc-282">
         <name>.debug_line</name>
         <load_address>0x3210</load_address>
         <run_address>0x3210</run_address>
         <size>0x38</size>
         <input_file_ref idref="fl-f"/>
      </object_component>
      <object_component id="oc-280">
         <name>.debug_line</name>
         <load_address>0x3248</load_address>
         <run_address>0x3248</run_address>
         <size>0x38</size>
         <input_file_ref idref="fl-f"/>
      </object_component>
      <object_component id="oc-ef">
         <name>.debug_line</name>
         <load_address>0x3280</load_address>
         <run_address>0x3280</run_address>
         <size>0x194</size>
         <input_file_ref idref="fl-f"/>
      </object_component>
      <object_component id="oc-286">
         <name>.debug_line</name>
         <load_address>0x3414</load_address>
         <run_address>0x3414</run_address>
         <size>0x38</size>
         <input_file_ref idref="fl-f"/>
      </object_component>
      <object_component id="oc-2ba">
         <name>.debug_line</name>
         <load_address>0x344c</load_address>
         <run_address>0x344c</run_address>
         <size>0x5b</size>
         <input_file_ref idref="fl-15"/>
      </object_component>
      <object_component id="oc-2bc">
         <name>.debug_line</name>
         <load_address>0x34a7</load_address>
         <run_address>0x34a7</run_address>
         <size>0x56</size>
         <input_file_ref idref="fl-15"/>
      </object_component>
      <object_component id="oc-16c">
         <name>.debug_line</name>
         <load_address>0x34fd</load_address>
         <run_address>0x34fd</run_address>
         <size>0x6b</size>
         <input_file_ref idref="fl-15"/>
      </object_component>
      <object_component id="oc-233">
         <name>.debug_line</name>
         <load_address>0x3568</load_address>
         <run_address>0x3568</run_address>
         <size>0x6e</size>
         <input_file_ref idref="fl-15"/>
      </object_component>
      <object_component id="oc-22d">
         <name>.debug_line</name>
         <load_address>0x35d6</load_address>
         <run_address>0x35d6</run_address>
         <size>0xaa</size>
         <input_file_ref idref="fl-15"/>
      </object_component>
      <object_component id="oc-15a">
         <name>.debug_line</name>
         <load_address>0x3680</load_address>
         <run_address>0x3680</run_address>
         <size>0x72</size>
         <input_file_ref idref="fl-15"/>
      </object_component>
      <object_component id="oc-14e">
         <name>.debug_line</name>
         <load_address>0x36f2</load_address>
         <run_address>0x36f2</run_address>
         <size>0x72</size>
         <input_file_ref idref="fl-15"/>
      </object_component>
      <object_component id="oc-156">
         <name>.debug_line</name>
         <load_address>0x3764</load_address>
         <run_address>0x3764</run_address>
         <size>0x80</size>
         <input_file_ref idref="fl-15"/>
      </object_component>
      <object_component id="oc-250">
         <name>.debug_line</name>
         <load_address>0x37e4</load_address>
         <run_address>0x37e4</run_address>
         <size>0x20</size>
         <input_file_ref idref="fl-15"/>
      </object_component>
      <object_component id="oc-2b2">
         <name>.debug_line</name>
         <load_address>0x3804</load_address>
         <run_address>0x3804</run_address>
         <size>0xc8</size>
         <input_file_ref idref="fl-17"/>
      </object_component>
      <object_component id="oc-2ac">
         <name>.debug_line</name>
         <load_address>0x38cc</load_address>
         <run_address>0x38cc</run_address>
         <size>0x58</size>
         <input_file_ref idref="fl-17"/>
      </object_component>
      <object_component id="oc-2ae">
         <name>.debug_line</name>
         <load_address>0x3924</load_address>
         <run_address>0x3924</run_address>
         <size>0x58</size>
         <input_file_ref idref="fl-17"/>
      </object_component>
      <object_component id="oc-2f8">
         <name>.debug_line</name>
         <load_address>0x397c</load_address>
         <run_address>0x397c</run_address>
         <size>0x58</size>
         <input_file_ref idref="fl-17"/>
      </object_component>
      <object_component id="oc-2b0">
         <name>.debug_line</name>
         <load_address>0x39d4</load_address>
         <run_address>0x39d4</run_address>
         <size>0x58</size>
         <input_file_ref idref="fl-17"/>
      </object_component>
      <object_component id="oc-14b">
         <name>.debug_line</name>
         <load_address>0x3a2c</load_address>
         <run_address>0x3a2c</run_address>
         <size>0x6d</size>
         <input_file_ref idref="fl-17"/>
      </object_component>
      <object_component id="oc-214">
         <name>.debug_line</name>
         <load_address>0x3a99</load_address>
         <run_address>0x3a99</run_address>
         <size>0x77</size>
         <input_file_ref idref="fl-17"/>
      </object_component>
      <object_component id="oc-21a">
         <name>.debug_line</name>
         <load_address>0x3b10</load_address>
         <run_address>0x3b10</run_address>
         <size>0x87</size>
         <input_file_ref idref="fl-17"/>
      </object_component>
      <object_component id="oc-141">
         <name>.debug_line</name>
         <load_address>0x3b97</load_address>
         <run_address>0x3b97</run_address>
         <size>0x16b</size>
         <input_file_ref idref="fl-17"/>
      </object_component>
      <object_component id="oc-2b5">
         <name>.debug_line</name>
         <load_address>0x3d02</load_address>
         <run_address>0x3d02</run_address>
         <size>0x58</size>
         <input_file_ref idref="fl-17"/>
      </object_component>
      <object_component id="oc-2c0">
         <name>.debug_line</name>
         <load_address>0x3d5a</load_address>
         <run_address>0x3d5a</run_address>
         <size>0x5b</size>
         <input_file_ref idref="fl-18"/>
      </object_component>
[...]
      </symbol>
      <symbol id="sm-1cf">
         <name>xQueueCreateCountingSemaphore</name>
         <value>0x1cc9</value>
         <object_component_ref idref="oc-1e6"/>
      </symbol>
      <symbol id="sm-1d0">
         <name>vQueueWaitForMessageRestricted</name>
         <value>0x2763</value>
         <object_component_ref idref="oc-1e6"/>
      </symbol>
      <symbol id="sm-1d1">
         <name>vQueueDelete</name>
         <value>0x240b</value>
         <object_component_ref idref="oc-1e6"/>
      </symbol>
      <symbol id="sm-1d2">
         <name>xQueuePeek</name>
         <value>0x21b7</value>
         <object_component_ref idref="oc-1e6"/>
      </symbol>
      <symbol id="sm-1d3">
         <name>xQueueReceive</name>
         <value>0x1f41</value>
         <object_component_ref idref="oc-1e6"/>
      </symbol>
      <symbol id="sm-1d4">
         <name>pcQueueGetName</name>
         <value>0x26df</value>
         <object_component_ref idref="oc-1e6"/>
      </symbol>
      <symbol id="sm-1d5">
         <name>ucQueueGetQueueType</name>
         <value>0x2441</value>
         <object_component_ref idref="oc-1e6"/>
      </symbol>
      <symbol id="sm-3b9">
         <name>vTaskDelay</name>
         <value>0x541</value>
         <object_component_ref idref="oc-83"/>
      </symbol>
      <symbol id="sm-3ba">
         <name>vTaskSuspendAll</name>
         <value>0xa35</value>
         <object_component_ref idref="oc-83"/>
      </symbol>
      <symbol id="sm-3bb">
         <name>vTaskPlaceOnEventList</name>
         <value>0xdfd</value>
         <object_component_ref idref="oc-83"/>
      </symbol>
      <symbol id="sm-3bc">
         <name>vTaskSetTaskNumber</name>
         <value>0x1059</value>
         <object_component_ref idref="oc-83"/>
      </symbol>
      <symbol id="sm-3bd">
         <name>uxTaskPriorityGetFromISR</name>
         <value>0x641</value>
         <object_component_ref idref="oc-83"/>
      </symbol>
      <symbol id="sm-3be">
         <name>ulTaskNotifyTake</name>
         <value>0x1601</value>
         <object_component_ref idref="oc-83"/>
      </symbol>
      <symbol id="sm-3bf">
         <name>pcTaskGetName</name>
         <value>0xb57</value>
         <object_component_ref idref="oc-83"/>
      </symbol>
      <symbol id="sm-3c0">
         <name>xTaskCheckForTimeOut</name>
         <value>0xfa5</value>
         <object_component_ref idref="oc-83"/>
      </symbol>
      <symbol id="sm-3c1">
         <name>vTaskRemoveFromUnorderedEventList</name>
         <value>0xef9</value>
         <object_component_ref idref="oc-83"/>
      </symbol>
      <symbol id="sm-3c2">
         <name>vTaskPrioritySet</name>
         <value>0x68d</value>
         <object_component_ref idref="oc-83"/>
      </symbol>
      <symbol id="sm-3c3">
         <name>xTaskPriorityDisinherit</name>
         <value>0x1445</value>
         <object_component_ref idref="oc-83"/>
      </symbol>
      <symbol id="sm-3c4">
         <name>vTaskStartScheduler</name>
         <value>0x9bd</value>
         <object_component_ref idref="oc-83"/>
      </symbol>
      <symbol id="sm-3c5">
         <name>vTaskInternalSetTimeOutState</name>
         <value>0xf83</value>
         <object_component_ref idref="oc-83"/>
      </symbol>
      <symbol id="sm-3c6">
         <name>xTaskNotifyStateClear</name>
         <value>0x19cb</value>
         <object_component_ref idref="oc-83"/>
      </symbol>
      <symbol id="sm-3c7">
         <name>pvTaskIncrementMutexHeldCount</name>
         <value>0x15e3</value>
         <object_component_ref idref="oc-83"/>
      </symbol>
      <symbol id="sm-3c8">
         <name>xTaskGenericNotify</name>
         <value>0x1723</value>
         <object_component_ref idref="oc-83"/>
      </symbol>
      <symbol id="sm-3c9">
         <name>vTaskPriorityDisinheritAfterTimeout</name>
         <value>0x14e9</value>
         <object_component_ref idref="oc-83"/>
      </symbol>
      <symbol id="sm-3ca">
         <name>xTaskCreate</name>
         <value>0x209</value>
         <object_component_ref idref="oc-83"/>
      </symbol>
      <symbol id="sm-3cb">
         <name>vTaskDelayUntil</name>
         <value>0x4b1</value>
         <object_component_ref idref="oc-83"/>
      </symbol>
      <symbol id="sm-3cc">
         <name>uxTaskGetTaskNumber</name>
         <value>0x1035</value>
         <object_component_ref idref="oc-83"/>
      </symbol>
      <symbol id="sm-3cd">
         <name>vTaskEndScheduler</name>
         <value>0xa19</value>
         <object_component_ref idref="oc-83"/>
      </symbol>
      <symbol id="sm-3ce">
         <name>xTaskNotifyWait</name>
         <value>0x1681</value>
         <object_component_ref idref="oc-83"/>
      </symbol>
      <symbol id="sm-3cf">
         <name>vTaskMissedYield</name>
         <value>0x1023</value>
         <object_component_ref idref="oc-83"/>
      </symbol>
      <symbol id="sm-3d0">
         <name>uxTaskGetNumberOfTasks</name>
         <value>0xb51</value>
         <object_component_ref idref="oc-83"/>
      </symbol>
      <symbol id="sm-3d1">
         <name>xTaskGenericNotifyFromISR</name>
         <value>0x180d</value>
         <object_component_ref idref="oc-83"/>
      </symbol>
      <symbol id="sm-3d2">
         <name>vTaskGetInfo</name>
         <value>0x112d</value>
         <object_component_ref idref="oc-83"/>
      </symbol>
      <symbol id="sm-3d3">
         <name>uxTaskPriorityGet</name>
         <value>0x611</value>
         <object_component_ref idref="oc-83"/>
      </symbol>
      <symbol id="sm-3d4">
         <name>xTaskResumeAll</name>
         <value>0xa49</value>
         <object_component_ref idref="oc-83"/>
      </symbol>
      <symbol id="sm-3d5">
         <name>xTaskGetTickCount</name>
         <value>0xb2d</value>
         <object_component_ref idref="oc-83"/>
      </symbol>
      <symbol id="sm-3d6">
         <name>uxTaskGetSystemState</name>
         <value>0xb7d</value>
         <object_component_ref idref="oc-83"/>
      </symbol>
      <symbol id="sm-3d7">
         <name>vTaskDelete</name>
         <value>0x403</value>
         <object_component_ref idref="oc-83"/>
      </symbol>
      <symbol id="sm-3d8">
         <name>pxCurrentTCB</name>
         <value>0x2000d2a0</value>
         <object_component_ref idref="oc-7d"/>
      </symbol>
      <symbol id="sm-3d9">
         <name>vTaskNotifyGiveFromISR</name>
         <value>0x191d</value>
         <object_component_ref idref="oc-83"/>
      </symbol>
      <symbol id="sm-3da">
         <name>eTaskGetState</name>
         <value>0x57d</value>
         <object_component_ref idref="oc-83"/>
      </symbol>
      <symbol id="sm-3db">
         <name>vTaskSuspend</name>
         <value>0x7a5</value>
         <object_component_ref idref="oc-83"/>
      </symbol>
      <symbol id="sm-3dc">
         <name>xTaskGetTickCountFromISR</name>
         <value>0xb3d</value>
         <object_component_ref idref="oc-83"/>
      </symbol>
      <symbol id="sm-3dd">
         <name>vTaskResume</name>
         <value>0x8b5</value>
         <object_component_ref idref="oc-83"/>
      </symbol>
      <symbol id="sm-3de">
         <name>vTaskPlaceOnEventListRestricted</name>
         <value>0xe43</value>
         <object_component_ref idref="oc-83"/>
      </symbol>
      <symbol id="sm-3df">
         <name>vTaskSetTimeOutState</name>
         <value>0xf65</value>
         <object_component_ref idref="oc-83"/>
      </symbol>
      <symbol id="sm-3e0">
         <name>xTaskIncrementTick</name>
         <value>0xc71</value>
         <object_component_ref idref="oc-83"/>
      </symbol>
      <symbol id="sm-3e1">
         <name>vTaskSwitchContext</name>
         <value>0xd95</value>
         <object_component_ref idref="oc-83"/>
      </symbol>
      <symbol id="sm-3e2">
         <name>uxTaskResetEventItemValue</name>
         <value>0x15c1</value>
         <object_component_ref idref="oc-83"/>
      </symbol>
      <symbol id="sm-3e3">
         <name>xTaskGetSchedulerState</name>
         <value>0x1319</value>
         <object_component_ref idref="oc-83"/>
      </symbol>
      <symbol id="sm-3e4">
         <name>xTaskResumeFromISR</name>
         <value>0x92f</value>
         <object_component_ref idref="oc-83"/>
      </symbol>
      <symbol id="sm-3e5">
         <name>xTaskGetCurrentTaskHandle</name>
         <value>0x12ff</value>
         <object_component_ref idref="oc-83"/>
      </symbol>
      <symbol id="sm-3e6">
         <name>vTaskPlaceOnUnorderedEventList</name>
         <value>0xe19</value>
         <object_component_ref idref="oc-83"/>
      </symbol>
      <symbol id="sm-3e7">
         <name>xTaskRemoveFromEventList</name>
         <value>0xe7d</value>
         <object_component_ref idref="oc-83"/>
      </symbol>
      <symbol id="sm-3e8">
         <name>xTaskPriorityInherit</name>
         <value>0x1365</value>
         <object_component_ref idref="oc-83"/>
      </symbol>
      <symbol id="sm-476">
         <name>vTimerSetTimerNumber</name>
         <value>0x2d2f</value>
         <object_component_ref idref="oc-106"/>
      </symbol>
      <symbol id="sm-477">
         <name>xTimerGetTimerDaemonTaskHandle</name>
         <value>0x28d5</value>
         <object_component_ref idref="oc-106"/>
      </symbol>
      <symbol id="sm-478">
         <name>pcTimerGetName</name>
         <value>0x2903</value>
         <object_component_ref idref="oc-106"/>
      </symbol>
      <symbol id="sm-479">
         <name>xTimerCreateTimerTask</name>
         <value>0x27c9</value>
         <object_component_ref idref="oc-106"/>
      </symbol>
      <symbol id="sm-47a">
         <name>xTimerGetExpiryTime</name>
         <value>0x28ed</value>
         <object_component_ref idref="oc-106"/>
      </symbol>
      <symbol id="sm-47b">
         <name>uxTimerGetTimerNumber</name>
         <value>0x2d21</value>
         <object_component_ref idref="oc-106"/>
      </symbol>
      <symbol id="sm-47c">
         <name>xTimerIsTimerActive</name>
         <value>0x2cc1</value>
         <object_component_ref idref="oc-106"/>
      </symbol>
      <symbol id="sm-47d">
         <name>xTimerGetPeriod</name>
         <value>0x28db</value>
         <object_component_ref idref="oc-106"/>
      </symbol>
      <symbol id="sm-47e">
         <name>xTimerCreate</name>
         <value>0x27f5</value>
         <object_component_ref idref="oc-106"/>
      </symbol>
      <symbol id="sm-47f">
         <name>xTimerGenericCommand</name>
         <value>0x2869</value>
         <object_component_ref idref="oc-106"/>
      </symbol>
      <symbol id="sm-480">
         <name>pvTimerGetTimerID</name>
         <value>0x2ced</value>
         <object_component_ref idref="oc-106"/>
      </symbol>
      <symbol id="sm-481">
         <name>vTimerSetTimerID</name>
         <value>0x2d07</value>
         <object_component_ref idref="oc-106"/>
      </symbol>
      <symbol id="sm-49d">
         <name>ResetISR</name>
         <value>0x3da1</value>
         <object_component_ref idref="oc-27"/>
      </symbol>
      <symbol id="sm-49e">
         <name>g_pfnVectors</name>
         <value>0x0</value>
         <object_component_ref idref="oc-f"/>
      </symbol>
      <symbol id="sm-4ce">
         <name>ulMaxSyscallInterruptPriority</name>
         <value>0x40a8</value>
         <object_component_ref idref="oc-80"/>
      </symbol>
      <symbol id="sm-4cf">
         <name>vPortSetupTimerInterrupt</name>
         <value>0x3647</value>
         <object_component_ref idref="oc-32"/>
      </symbol>
      <symbol id="sm-4d0">
         <name>vPortEndScheduler</name>
         <value>0x35e9</value>
         <object_component_ref idref="oc-32"/>
      </symbol>
      <symbol id="sm-4d1">
         <name>xPortSysTickHandler</name>
         <value>0x3621</value>
         <object_component_ref idref="oc-32"/>
      </symbol>
      <symbol id="sm-4d2">
         <name>pxPortInitialiseStack</name>
         <value>0x3549</value>
         <object_component_ref idref="oc-32"/>
      </symbol>
      <symbol id="sm-4d3">
         <name>vPortExitCritical</name>
         <value>0x360b</value>
         <object_component_ref idref="oc-32"/>
      </symbol>
      <symbol id="sm-4d4">
         <name>xPortStartScheduler</name>
         <value>0x35b3</value>
         <object_component_ref idref="oc-32"/>
      </symbol>
      <symbol id="sm-4d5">
         <name>vPortEnterCritical</name>
         <value>0x35eb</value>
         <object_component_ref idref="oc-32"/>
      </symbol>
      <symbol id="sm-4e4">
         <name>vPortStartFirstTask</name>
         <value>0x3989</value>
         <object_component_ref idref="oc-2d"/>
      </symbol>
      <symbol id="sm-4e5">
         <name>ulPortGetIPSR</name>
         <value>0x38f1</value>
         <object_component_ref idref="oc-2d"/>
      </symbol>
      <symbol id="sm-4e6">
         <name>vPortEnableVFP</name>
         <value>0x39ad</value>
         <object_component_ref idref="oc-2d"/>
      </symbol>
      <symbol id="sm-4e7">
         <name>xPortPendSVHandler</name>
         <value>0x3909</value>
         <object_component_ref idref="oc-2d"/>
      </symbol>
      <symbol id="sm-4e8">
         <name>vPortSVCHandler</name>
         <value>0x3969</value>
         <object_component_ref idref="oc-2d"/>
      </symbol>
      <symbol id="sm-537">
         <name>vPortInitialiseBlocks</name>
         <value>0x31ed</value>
         <object_component_ref idref="oc-ee"/>
      </symbol>
      <symbol id="sm-538">
         <name>xPortGetFreeHeapSize</name>
         <value>0x31e1</value>
         <object_component_ref idref="oc-ee"/>
      </symbol>
      <symbol id="sm-539">
         <name>pvPortMalloc</name>
         <value>0x308d</value>
         <object_component_ref idref="oc-ee"/>
      </symbol>
      <symbol id="sm-53a">
         <name>vPortFree</name>
         <value>0x318f</value>
         <object_component_ref idref="oc-ee"/>
      </symbol>
      <symbol id="sm-53b">
         <name>xPortGetMinimumEverFreeHeapSize</name>
         <value>0x31e7</value>
         <object_component_ref idref="oc-ee"/>
      </symbol>
      <symbol id="sm-583">
         <name>GPIOPinConfigure</name>
         <value>0x3b39</value>
         <object_component_ref idref="oc-152"/>
      </symbol>
      <symbol id="sm-584">
         <name>GPIOPinTypeUART</name>
         <value>0x3d49</value>
         <object_component_ref idref="oc-158"/>
      </symbol>
      <symbol id="sm-585">
         <name>GPIOPinTypeGPIOOutput</name>
         <value>0x3d31</value>
         <object_component_ref idref="oc-14c"/>
      </symbol>
      <symbol id="sm-586">
         <name>GPIODirModeSet</name>
         <value>0x3cc5</value>
         <object_component_ref idref="oc-231"/>
      </symbol>
      <symbol id="sm-587">
         <name>GPIOPinWrite</name>
         <value>0x3db7</value>
         <object_component_ref idref="oc-16a"/>
      </symbol>
      <symbol id="sm-588">
         <name>GPIOPadConfigSet</name>
         <value>0x3685</value>
         <object_component_ref idref="oc-22b"/>
      </symbol>
      <symbol id="sm-5f7">
         <name>SysCtlPeripheralEnable</name>
         <value>0x3c91</value>
         <object_component_ref idref="oc-146"/>
      </symbol>
      <symbol id="sm-5f8">
         <name>SysCtlClockFreqSet</name>
         <value>0x3349</value>
         <object_component_ref idref="oc-140"/>
      </symbol>
      <symbol id="sm-622">
         <name>UARTConfigSetExpClk</name>
         <value>0x3bcd</value>
         <object_component_ref idref="oc-15e"/>
      </symbol>
      <symbol id="sm-623">
         <name>UARTDisable</name>
         <value>0x3cf1</value>
         <object_component_ref idref="oc-23e"/>
      </symbol>
      <symbol id="sm-624">
         <name>UARTCharPut</name>
         <value>0x3dad</value>
         <object_component_ref idref="oc-164"/>
      </symbol>
      <symbol id="sm-625">
         <name>UARTEnable</name>
         <value>0x3d5f</value>
         <object_component_ref idref="oc-244"/>
      </symbol>
      <symbol id="sm-64d">
         <name>memcpy</name>
         <value>0x39bb</value>
         <object_component_ref idref="oc-46"/>
      </symbol>
      <symbol id="sm-64e">
         <name>__aeabi_memcpy</name>
         <value>0x39bb</value>
         <object_component_ref idref="oc-46"/>
      </symbol>
      <symbol id="sm-64f">
         <name>__aeabi_memcpy8</name>
         <value>0x39bb</value>
         <object_component_ref idref="oc-46"/>
      </symbol>
      <symbol id="sm-650">
         <name>__aeabi_memcpy4</name>
         <value>0x39bb</value>
         <object_component_ref idref="oc-46"/>
      </symbol>
      <symbol id="sm-660">
         <name>__aeabi_memset</name>
         <value>0x3a59</value>
         <object_component_ref idref="oc-ba"/>
      </symbol>
      <symbol id="sm-661">
         <name>memset</name>
         <value>0x3a5f</value>
         <object_component_ref idref="oc-ba"/>
      </symbol>
      <symbol id="sm-662">
         <name>__aeabi_memset8</name>
         <value>0x3a59</value>
         <object_component_ref idref="oc-ba"/>
      </symbol>
      <symbol id="sm-663">
         <name>__aeabi_memset4</name>
         <value>0x3a59</value>
         <object_component_ref idref="oc-ba"/>
      </symbol>
      <symbol id="sm-664">
         <name>__aeabi_memclr8</name>
         <value>0x3a57</value>
         <object_component_ref idref="oc-ba"/>
      </symbol>
      <symbol id="sm-665">
         <name>__aeabi_memclr4</name>
         <value>0x3a57</value>
         <object_component_ref idref="oc-ba"/>
      </symbol>
      <symbol id="sm-666">
         <name>__aeabi_memclr</name>
         <value>0x3a57</value>
         <object_component_ref idref="oc-ba"/>
      </symbol>
      <symbol id="sm-678">
         <name>__TI_zero_init</name>
         <value>0x3d95</value>
         <object_component_ref idref="oc-58"/>
      </symbol>
      <symbol id="sm-68f">
         <name>__TI_decompress_none</name>
         <value>0x3d87</value>
         <object_component_ref idref="oc-18"/>
      </symbol>
      <symbol id="sm-6b2">
         <name>__TI_decompress_lzss</name>
         <value>0x3ad1</value>
         <object_component_ref idref="oc-12"/>
      </symbol>
      <symbol id="sm-6c5">
         <name>__stack</name>
         <value>0x2000d0a0</value>
         <object_component_ref idref="oc-21"/>
      </symbol>
      <symbol id="sm-6c6">
         <name>_c_int00_noargs</name>
         <value>0x3c59</value>
         <object_component_ref idref="oc-64"/>
      </symbol>
      <symbol id="sm-6d2">
         <name>C$$EXIT</name>
         <value>0x3dc1</value>
         <object_component_ref idref="oc-182"/>
      </symbol>
      <symbol id="sm-6d3">
         <name>abort</name>
         <value>0x3dc1</value>
         <object_component_ref idref="oc-182"/>
      </symbol>
      <symbol id="sm-6e8">
         <name>_sys_memory</name>
         <value>0x2000c4a0</value>
         <object_component_ref idref="oc-24"/>
      </symbol>
      <symbol id="sm-6f8">
         <name>strlen</name>
         <value>0x3d73</value>
         <object_component_ref idref="oc-170"/>
      </symbol>
      <symbol id="sm-722">
         <name>__TI_auto_init_nobinit_nopinit</name>
         <value>0x3c15</value>
         <object_component_ref idref="oc-18e"/>
      </symbol>
      <symbol id="sm-72c">
         <name>_system_pre_init</name>
         <value>0x3dbd</value>
         <object_component_ref idref="oc-c0"/>
      </symbol>
      <symbol id="sm-72e">
         <name>__TI_static_base__</name>
         <value>0x0</value>
      </symbol>
      <symbol id="sm-731">
         <name>__mpu_init</name>
         <value>0x0</value>
      </symbol>
      <symbol id="sm-732">
         <name>_system_post_cinit</name>
         <value>0x0</value>
      </symbol>
   </symbol_table>
   <title>Link successful</title>
</link_info>
