******************************************************************************
                  TI ARM Linker PC v18.1.1                     
******************************************************************************
>> Linked Sat Apr  7 14:57:31 2018

OUTPUT FILE NAME:   <testing.out>
ENTRY POINT SYMBOL: "_c_int00_noargs"  address: 00002475


MEMORY CONFIGURATION

         name            origin    length      used     unused   attr    fill
----------------------  --------  ---------  --------  --------  ----  --------
  FLASH                 00000000   00100000  00002a14  000fd5ec  R  X
  SRAM                  20000000   00040000  00000138  0003fec8  RW X


SEGMENT ALLOCATION MAP

run origin  load origin   length   init length attrs members
----------  ----------- ---------- ----------- ----- -------
00000000    00000000    00002a18   00002a18    r-x
  00000000    00000000    00000208   00000208    r-- .intvecs
  00000208    00000208    000024b4   000024b4    r-x .text
  000026c0    000026c0    00000318   00000318    r-- .const
  000029d8    000029d8    00000040   00000040    r-- .cinit
20000000    20000000    00000138   00000000    rw-
  20000000    20000000    00000080   00000000    rw- .stack
  20000080    20000080    00000080   00000000    rw- .sysmem
  20000100    20000100    00000020   00000000    rw- .bss
  20000120    20000120    00000018   00000000    rw- .data


SECTION ALLOCATION MAP

 output                                  attributes/
section   page    origin      length       input sections
--------  ----  ----------  ----------   ----------------
.intvecs   0    00000000    00000208     
                  00000000    00000208     tm4c1294ncpdt_startup_ccs.obj (.intvecs)

.text      0    00000208    000024b4     
                  00000208    000009c0     rtsv7M4_T_le_v4SPD16_eabi.lib : e_pow.c.obj (.text:pow)
                  00000bc8    0000028e     conversion.obj (.text)
                  00000e56    00000230     memory.obj (.text)
                  00001086    00000002     rtsv7M4_T_le_v4SPD16_eabi.lib : _lock.c.obj (.text:_nop)
                  00001088    00000200     driverlib.lib : sysctl.obj (.text:SysCtlClockFreqSet)
                  00001288    000001b6     rtsv7M4_T_le_v4SPD16_eabi.lib : fd_add_t2.asm.obj (.text)
                  0000143e    00000002                                   : div0.asm.obj (.text)
                  00001440    0000016c     main.obj (.text)
                  000015ac    00000158     rtsv7M4_T_le_v4SPD16_eabi.lib : e_sqrt.c.obj (.text:sqrt)
                  00001704    00000136                                   : fd_div_t2.asm.obj (.text)
                  0000183a    00000002     --HOLE-- [fill = 0]
                  0000183c    00000134                                   : vla_alloc.c.obj (.text:__vla_alloc)
                  00001970    00000132     driverlib.lib : gpio.obj (.text:GPIOPadConfigSet)
                  00001aa2    00000002     --HOLE-- [fill = 0]
                  00001aa4    00000114     rtsv7M4_T_le_v4SPD16_eabi.lib : memory.c.obj (.text:realloc)
                  00001bb8    00000110                                   : s_scalbn.c.obj (.text:scalbn)
                  00001cc8    000000fc                                   : fd_mul_t2.asm.obj (.text)
                  00001dc4    000000d8                                   : memory.c.obj (.text:free)
                  00001e9c    0000009c                                   : memcpy_t2.asm.obj (.text)
                  00001f38    00000086                                   : fd_cmp_t2.asm.obj (.text:__aeabi_cdcmple)
                  00001fbe    00000086                                   : fd_cmp_t2.asm.obj (.text:__aeabi_cdrcmple)
                  00002044    0000007a                                   : memset_t2.asm.obj (.text)
                  000020be    00000002     --HOLE-- [fill = 0]
                  000020c0    00000078                                   : vla_alloc.c.obj (.text:_ZN33_INTERNAL_11_vla_alloc_c_be8bd49b21free_dead_allocationsEPv)
                  00002138    00000078                                   : vla_alloc.c.obj (.text:__vla_dealloc)
                  000021b0    00000078                                   : memory.c.obj (.text:malloc)
                  00002228    00000068                                   : copy_decompress_lzss.c.obj (.text:decompress:lzss:__TI_decompress_lzss)
                  00002290    0000004c     driverlib.lib : gpio.obj (.text:GPIOPinConfigure)
                  000022dc    00000048                   : sysctl.obj (.text:_SysCtlFrequencyGet)
                  00002324    00000048     rtsv7M4_T_le_v4SPD16_eabi.lib : fd_toi_t2.asm.obj (.text)
                  0000236c    00000046     driverlib.lib : uart.obj (.text:UARTConfigSetExpClk)
                  000023b2    00000002     --HOLE-- [fill = 0]
                  000023b4    00000044     rtsv7M4_T_le_v4SPD16_eabi.lib : autoinit.c.obj (.text:__TI_auto_init_nobinit_nopinit:__TI_auto_init_nobinit_nopinit)
                  000023f8    00000040                                   : u_divt2.asm.obj (.text)
                  00002438    0000003c                                   : memory.c.obj (.text:minsert)
                  00002474    00000038                                   : boot_cortex_m.c.obj (.text:_c_int00_noargs:_c_int00_noargs)
                  000024ac    00000038                                   : memory.c.obj (.text:minit)
                  000024e4    00000034     driverlib.lib : sysctl.obj (.text:SysCtlPeripheralEnable)
                  00002518    0000002e     rtsv7M4_T_le_v4SPD16_eabi.lib : i_tofd_t2.asm.obj (.text)
                  00002546    0000002c     driverlib.lib : gpio.obj (.text:GPIODirModeSet)
                  00002572    00000002     --HOLE-- [fill = 0]
                  00002574    00000028     rtsv7M4_T_le_v4SPD16_eabi.lib : memory.c.obj (.text:mremove)
                  0000259c    00000020     driverlib.lib : uart.obj (.text:UARTDisable)
                  000025bc    00000020                   : sysctl.obj (.text:_SysCtlMemTimingGet)
                  000025dc    00000020     rtsv7M4_T_le_v4SPD16_eabi.lib : u_tofd_t2.asm.obj (.text)
                  000025fc    00000018     driverlib.lib : gpio.obj (.text:GPIOPinTypeGPIOOutput)
                  00002614    00000016                   : gpio.obj (.text:GPIOPinTypeUART)
                  0000262a    00000014                   : uart.obj (.text:UARTEnable)
                  0000263e    00000014     rtsv7M4_T_le_v4SPD16_eabi.lib : s_copysign.c.obj (.text:copysign)
                  00002652    00000014                                   : strlen.c.obj (.text:strlen)
                  00002666    00000012                                   : copy_zero_init.c.obj (.text:decompress:ZI:__TI_zero_init_nomemset:__TI_zero_init_nomemset)
                  00002678    0000000e                                   : copy_decompress_none.c.obj (.text:decompress:none:__TI_decompress_none)
                  00002686    0000000c     tm4c1294ncpdt_startup_ccs.obj (.text)
                  00002692    0000000a     driverlib.lib : uart.obj (.text:UARTCharPut)
                  0000269c    00000008     rtsv7M4_T_le_v4SPD16_eabi.lib : errno.c.obj (.text:__aeabi_errno_addr)
                  000026a4    00000006     driverlib.lib : gpio.obj (.text:GPIOPinWrite)
                  000026aa    00000006                   : sysctl.obj (.text:SysCtlDelay)
                  000026b0    00000004     rtsv7M4_T_le_v4SPD16_eabi.lib : error.c.obj (.text:__abort_execution)
                  000026b4    00000004                                   : pre_init.c.obj (.text:_system_pre_init)
                  000026b8    00000004                                   : exit.c.obj (.text:abort:abort)

.const     0    000026c0    00000318     
                  000026c0    000001b0     driverlib.lib : sysctl.obj (.const:g_pppui32XTALtoVCO)
                  00002870    00000090                   : gpio.obj (.const:g_pui32GPIOBaseAddrs)
                  00002900    0000006c                   : sysctl.obj (.const:g_pui32Xtals)
                  0000296c    00000004     --HOLE-- [fill = 0]
                  00002970    00000030     rtsv7M4_T_le_v4SPD16_eabi.lib : e_pow.c.obj (.const:$O1$$)
                  000029a0    00000030     driverlib.lib : sysctl.obj (.const:g_sXTALtoMEMTIM)
                  000029d0    00000008                   : sysctl.obj (.const:g_pui32VCOFrequencies)

.cinit     0    000029d8    00000040     
                  000029d8    00000015     (.cinit..data.load) [load image, compression = lzss]
                  000029ed    00000003     --HOLE-- [fill = 0]
                  000029f0    0000000c     (__TI_handler_table)
                  000029fc    00000004     --HOLE-- [fill = 0]
                  00002a00    00000008     (.cinit..bss.load) [load image, compression = zero_init]
                  00002a08    00000010     (__TI_cinit_table)

.init_array 
*          0    00000000    00000000     UNINITIALIZED

.stack     0    20000000    00000080     UNINITIALIZED
                  20000000    00000004     rtsv7M4_T_le_v4SPD16_eabi.lib : boot_cortex_m.c.obj (.stack)
                  20000004    0000007c     --HOLE--

.sysmem    0    20000080    00000080     UNINITIALIZED
                  20000080    00000008     rtsv7M4_T_le_v4SPD16_eabi.lib : memory.c.obj (.sysmem)
                  20000088    00000078     --HOLE--

.bss       0    20000100    00000020     UNINITIALIZED
                  20000100    0000001c     rtsv7M4_T_le_v4SPD16_eabi.lib : vla_alloc.c.obj (.bss:$O1$$)
                  2000011c    00000004     (.common:SysClkFreq)

.data      0    20000120    00000018     UNINITIALIZED
                  20000120    0000000c     rtsv7M4_T_le_v4SPD16_eabi.lib : memory.c.obj (.data:$O1$$)
                  2000012c    00000008                                   : _lock.c.obj (.data:$O1$$)
                  20000134    00000004                                   : errno.c.obj (.data)

MODULE SUMMARY

       Module                          code   ro data   rw data
       ------                          ----   -------   -------
    .\
       conversion.obj                  654    0         0      
       memory.obj                      560    0         0      
       tm4c1294ncpdt_startup_ccs.obj   12     520       0      
       main.obj                        364    0         4      
    +--+-------------------------------+------+---------+---------+
       Total:                          1590   520       4      
                                                               
    C:/ti/TivaWare_C_Series-2.1.4.178/driverlib/ccs/Debug/driverlib.lib
       sysctl.obj                      674    596       0      
       gpio.obj                        478    144       0      
       uart.obj                        132    0         0      
    +--+-------------------------------+------+---------+---------+
       Total:                          1284   740       0      
                                                               
    C:\ti\ccsv8\tools\compiler\ti-cgt-arm_18.1.1.LTS\lib\rtsv7M4_T_le_v4SPD16_eabi.lib
       e_pow.c.obj                     2496   48        0      
       memory.c.obj                    768    0         12     
       vla_alloc.c.obj                 548    0         28     
       fd_add_t2.asm.obj               438    0         0      
       e_sqrt.c.obj                    344    0         0      
       fd_div_t2.asm.obj               310    0         0      
       s_scalbn.c.obj                  272    0         0      
       fd_cmp_t2.asm.obj               268    0         0      
       fd_mul_t2.asm.obj               252    0         0      
       memcpy_t2.asm.obj               156    0         0      
       memset_t2.asm.obj               122    0         0      
       copy_decompress_lzss.c.obj      104    0         0      
       fd_toi_t2.asm.obj               72     0         0      
       autoinit.c.obj                  68     0         0      
       u_divt2.asm.obj                 64     0         0      
       boot_cortex_m.c.obj             56     0         0      
       i_tofd_t2.asm.obj               46     0         0      
       u_tofd_t2.asm.obj               32     0         0      
       s_copysign.c.obj                20     0         0      
       strlen.c.obj                    20     0         0      
       copy_zero_init.c.obj            18     0         0      
       copy_decompress_none.c.obj      14     0         0      
       errno.c.obj                     8      0         4      
       _lock.c.obj                     2      0         8      
       error.c.obj                     4      0         0      
       exit.c.obj                      4      0         0      
       pre_init.c.obj                  4      0         0      
       div0.asm.obj                    2      0         0      
    +--+-------------------------------+------+---------+---------+
       Total:                          6512   48        52     
                                                               
       Heap:                           0      0         128    
       Stack:                          0      0         128    
       Linker Generated:               0      57        0      
    +--+-------------------------------+------+---------+---------+
       Grand Total:                    9386   1365      312    


LINKER GENERATED COPY TABLES

__TI_cinit_table @ 00002a08 records: 2, size/record: 8, table size: 16
	.data: load addr=000029d8, load size=00000015 bytes, run addr=20000120, run size=00000018 bytes, compression=lzss
	.bss: load addr=00002a00, load size=00000008 bytes, run addr=20000100, run size=00000020 bytes, compression=zero_init


LINKER GENERATED HANDLER TABLE

__TI_handler_table @ 000029f0 records: 3, size/record: 4, table size: 12
	index: 0, handler: __TI_decompress_lzss
	index: 1, handler: __TI_decompress_none
	index: 2, handler: __TI_zero_init


GLOBAL SYMBOLS: SORTED ALPHABETICALLY BY Name 

address   name                          
-------   ----                          
000026b9  C$$EXIT                       
00002547  GPIODirModeSet                
00001971  GPIOPadConfigSet              
00002291  GPIOPinConfigure              
000025fd  GPIOPinTypeGPIOOutput         
00002615  GPIOPinTypeUART               
000026a5  GPIOPinWrite                  
00002687  ResetISR                      
2000011c  SysClkFreq                    
00001089  SysCtlClockFreqSet            
000026ab  SysCtlDelay                   
000024e5  SysCtlPeripheralEnable        
00002693  UARTCharPut                   
0000236d  UARTConfigSetExpClk           
0000259d  UARTDisable                   
0000262b  UARTEnable                    
20000080  __STACK_END                   
00000080  __STACK_SIZE                  
20000200  __STACK_TOP                   
00000080  __SYSMEM_SIZE                 
00002a08  __TI_CINIT_Base               
00002a18  __TI_CINIT_Limit              
000029f0  __TI_Handler_Table_Base       
000029fc  __TI_Handler_Table_Limit      
000023b5  __TI_auto_init_nobinit_nopinit
00002229  __TI_decompress_lzss          
00002679  __TI_decompress_none          
ffffffff  __TI_pprof_out_hndl           
ffffffff  __TI_prof_data_size           
ffffffff  __TI_prof_data_start          
00000000  __TI_static_base__            
00002667  __TI_zero_init_nomemset       
000026b1  __abort_execution             
00001f39  __aeabi_cdcmpeq               
00001f39  __aeabi_cdcmple               
00001fbf  __aeabi_cdrcmple              
00002325  __aeabi_d2iz                  
00001293  __aeabi_dadd                  
00001705  __aeabi_ddiv                  
00001cc9  __aeabi_dmul                  
00001289  __aeabi_dsub                  
0000269d  __aeabi_errno_addr            
00002519  __aeabi_i2d                   
0000143f  __aeabi_idiv0                 
0000143f  __aeabi_ldiv0                 
00002045  __aeabi_memclr                
00002045  __aeabi_memclr4               
00002045  __aeabi_memclr8               
00001e9d  __aeabi_memcpy                
00001e9d  __aeabi_memcpy4               
00001e9d  __aeabi_memcpy8               
00002047  __aeabi_memset                
00002047  __aeabi_memset4               
00002047  __aeabi_memset8               
000025dd  __aeabi_ui2d                  
000023f9  __aeabi_uidiv                 
000023f9  __aeabi_uidivmod              
ffffffff  __binit__                     
ffffffff  __c_args__                    
UNDEFED   __mpu_init                    
20000000  __stack                       
0000183d  __vla_alloc                   
00002139  __vla_dealloc                 
00002475  _c_int00_noargs               
2000012c  _lock                         
00001087  _nop                          
20000080  _sys_memory                   
UNDEFED   _system_post_cinit            
000026b5  _system_pre_init              
20000130  _unlock                       
000026b9  abort                         
00000c77  big_to_little32               
ffffffff  binit                         
0000263f  copysign                      
0000263f  copysignl                     
20000134  errno                         
00001dc5  free                          
0000107b  free_words                    
00000000  g_pfnVectors                  
00001bb9  ldexp                         
00001bb9  ldexpl                        
00000bc9  little_to_big32               
00001441  main                          
000021b1  malloc                        
00001e9d  memcpy                        
0000204d  memset                        
000024ad  minit                         
00001511  my_UARTprintString            
00000d9b  my_atoi                       
00000d25  my_itoa                       
00000f79  my_memcpy                     
00000edd  my_memmove                    
00000e57  my_memset                     
00000e9d  my_memzero                    
00000fbb  my_reverse                    
00000209  pow                           
00000209  powl                          
00001aa5  realloc                       
00001061  reserve_words                 
00001bb9  scalbn                        
00001bb9  scalbnl                       
000015ad  sqrt                          
000015ad  sqrtl                         
00002653  strlen                        


GLOBAL SYMBOLS: SORTED BY Symbol Address 

address   name                          
-------   ----                          
00000000  __TI_static_base__            
00000000  g_pfnVectors                  
00000080  __STACK_SIZE                  
00000080  __SYSMEM_SIZE                 
00000209  pow                           
00000209  powl                          
00000bc9  little_to_big32               
00000c77  big_to_little32               
00000d25  my_itoa                       
00000d9b  my_atoi                       
00000e57  my_memset                     
00000e9d  my_memzero                    
00000edd  my_memmove                    
00000f79  my_memcpy                     
00000fbb  my_reverse                    
00001061  reserve_words                 
0000107b  free_words                    
00001087  _nop                          
00001089  SysCtlClockFreqSet            
00001289  __aeabi_dsub                  
00001293  __aeabi_dadd                  
0000143f  __aeabi_idiv0                 
0000143f  __aeabi_ldiv0                 
00001441  main                          
00001511  my_UARTprintString            
000015ad  sqrt                          
000015ad  sqrtl                         
00001705  __aeabi_ddiv                  
0000183d  __vla_alloc                   
00001971  GPIOPadConfigSet              
00001aa5  realloc                       
00001bb9  ldexp                         
00001bb9  ldexpl                        
00001bb9  scalbn                        
00001bb9  scalbnl                       
00001cc9  __aeabi_dmul                  
00001dc5  free                          
00001e9d  __aeabi_memcpy                
00001e9d  __aeabi_memcpy4               
00001e9d  __aeabi_memcpy8               
00001e9d  memcpy                        
00001f39  __aeabi_cdcmpeq               
00001f39  __aeabi_cdcmple               
00001fbf  __aeabi_cdrcmple              
00002045  __aeabi_memclr                
00002045  __aeabi_memclr4               
00002045  __aeabi_memclr8               
00002047  __aeabi_memset                
00002047  __aeabi_memset4               
00002047  __aeabi_memset8               
0000204d  memset                        
00002139  __vla_dealloc                 
000021b1  malloc                        
00002229  __TI_decompress_lzss          
00002291  GPIOPinConfigure              
00002325  __aeabi_d2iz                  
0000236d  UARTConfigSetExpClk           
000023b5  __TI_auto_init_nobinit_nopinit
000023f9  __aeabi_uidiv                 
000023f9  __aeabi_uidivmod              
00002475  _c_int00_noargs               
000024ad  minit                         
000024e5  SysCtlPeripheralEnable        
00002519  __aeabi_i2d                   
00002547  GPIODirModeSet                
0000259d  UARTDisable                   
000025dd  __aeabi_ui2d                  
000025fd  GPIOPinTypeGPIOOutput         
00002615  GPIOPinTypeUART               
0000262b  UARTEnable                    
0000263f  copysign                      
0000263f  copysignl                     
00002653  strlen                        
00002667  __TI_zero_init_nomemset       
00002679  __TI_decompress_none          
00002687  ResetISR                      
00002693  UARTCharPut                   
0000269d  __aeabi_errno_addr            
000026a5  GPIOPinWrite                  
000026ab  SysCtlDelay                   
000026b1  __abort_execution             
000026b5  _system_pre_init              
000026b9  C$$EXIT                       
000026b9  abort                         
000029f0  __TI_Handler_Table_Base       
000029fc  __TI_Handler_Table_Limit      
00002a08  __TI_CINIT_Base               
00002a18  __TI_CINIT_Limit              
20000000  __stack                       
20000080  __STACK_END                   
20000080  _sys_memory                   
2000011c  SysClkFreq                    
2000012c  _lock                         
20000130  _unlock                       
20000134  errno                         
20000200  __STACK_TOP                   
ffffffff  __TI_pprof_out_hndl           
ffffffff  __TI_prof_data_size           
ffffffff  __TI_prof_data_start          
ffffffff  __binit__                     
ffffffff  __c_args__                    
ffffffff  binit                         
UNDEFED   __mpu_init                    
UNDEFED   _system_post_cinit            

[104 symbols]
