<?xml version="1.0" encoding="ISO-8859-1" ?>
<link_info>
   <banner>TI ARM Linker PC v18.1.1.LTS</banner>
   <copyright>Copyright (c) 1996-2017 Texas Instruments Incorporated</copyright>
   <link_time>0x5ac930bb</link_time>
   <link_errors>0x0</link_errors>
   <output_file>testing.out</output_file>
   <entry_point>
      <name>_c_int00_noargs</name>
      <address>0x2475</address>
   </entry_point>
   <input_file_list>
      <input_file id="fl-2">
         <path>.\</path>
         <kind>object</kind>
         <file>conversion.obj</file>
         <name>conversion.obj</name>
      </input_file>
      <input_file id="fl-3">
         <path>.\</path>
         <kind>object</kind>
         <file>croutine.obj</file>
         <name>croutine.obj</name>
      </input_file>
      <input_file id="fl-4">
         <path>.\</path>
         <kind>object</kind>
         <file>event_groups.obj</file>
         <name>event_groups.obj</name>
      </input_file>
      <input_file id="fl-5">
         <path>.\</path>
         <kind>object</kind>
         <file>list.obj</file>
         <name>list.obj</name>
      </input_file>
      <input_file id="fl-6">
         <path>.\</path>
         <kind>object</kind>
         <file>main.obj</file>
         <name>main.obj</name>
      </input_file>
      <input_file id="fl-7">
         <path>.\</path>
         <kind>object</kind>
         <file>memory.obj</file>
         <name>memory.obj</name>
      </input_file>
      <input_file id="fl-8">
         <path>.\</path>
         <kind>object</kind>
         <file>queue.obj</file>
         <name>queue.obj</name>
      </input_file>
      <input_file id="fl-9">
         <path>.\</path>
         <kind>object</kind>
         <file>stream_buffer.obj</file>
         <name>stream_buffer.obj</name>
      </input_file>
      <input_file id="fl-a">
         <path>.\</path>
         <kind>object</kind>
         <file>tasks.obj</file>
         <name>tasks.obj</name>
      </input_file>
      <input_file id="fl-b">
         <path>.\</path>
         <kind>object</kind>
         <file>timers.obj</file>
         <name>timers.obj</name>
      </input_file>
      <input_file id="fl-c">
         <path>.\</path>
         <kind>object</kind>
         <file>tm4c1294ncpdt_startup_ccs.obj</file>
         <name>tm4c1294ncpdt_startup_ccs.obj</name>
      </input_file>
      <input_file id="fl-d">
         <path>.\portable\CCS\ARM_CM4F\</path>
         <kind>object</kind>
         <file>port.obj</file>
         <name>port.obj</name>
      </input_file>
      <input_file id="fl-e">
         <path>.\portable\CCS\ARM_CM4F\</path>
         <kind>object</kind>
         <file>portasm.obj</file>
         <name>portasm.obj</name>
      </input_file>
      <input_file id="fl-13">
         <kind>object</kind>
         <file>&lt;internal&gt;</file>
         <name>&lt;internal&gt;</name>
      </input_file>
      <input_file id="fl-14">
         <path>C:\ti\TivaWare_C_Series-2.1.4.178\driverlib\ccs\Debug\</path>
         <kind>archive</kind>
         <file>driverlib.lib</file>
         <name>gpio.obj</name>
      </input_file>
      <input_file id="fl-15">
         <path>C:\ti\TivaWare_C_Series-2.1.4.178\driverlib\ccs\Debug\</path>
         <kind>archive</kind>
         <file>driverlib.lib</file>
         <name>interrupt.obj</name>
      </input_file>
      <input_file id="fl-16">
         <path>C:\ti\TivaWare_C_Series-2.1.4.178\driverlib\ccs\Debug\</path>
         <kind>archive</kind>
         <file>driverlib.lib</file>
         <name>sysctl.obj</name>
      </input_file>
      <input_file id="fl-17">
         <path>C:\ti\TivaWare_C_Series-2.1.4.178\driverlib\ccs\Debug\</path>
         <kind>archive</kind>
         <file>driverlib.lib</file>
         <name>uart.obj</name>
      </input_file>
      <input_file id="fl-18">
         <path>C:\ti\TivaWare_C_Series-2.1.4.178\driverlib\ccs\Debug\</path>
         <kind>archive</kind>
         <file>driverlib.lib</file>
         <name>cpu.obj</name>
      </input_file>
      <input_file id="fl-ce">
         <path>C:\ti\ccsv8\tools\compiler\ti-cgt-arm_18.1.1.LTS\lib\</path>
         <kind>archive</kind>
         <file>rtsv7M4_T_le_v4SPD16_eabi.lib</file>
         <name>e_pow.c.obj</name>
      </input_file>
      <input_file id="fl-cf">
         <path>C:\ti\ccsv8\tools\compiler\ti-cgt-arm_18.1.1.LTS\lib\</path>
         <kind>archive</kind>
         <file>rtsv7M4_T_le_v4SPD16_eabi.lib</file>
         <name>e_sqrt.c.obj</name>
      </input_file>
      <input_file id="fl-d0">
         <path>C:\ti\ccsv8\tools\compiler\ti-cgt-arm_18.1.1.LTS\lib\</path>
         <kind>archive</kind>
         <file>rtsv7M4_T_le_v4SPD16_eabi.lib</file>
         <name>s_scalbn.c.obj</name>
      </input_file>
      <input_file id="fl-d1">
         <path>C:\ti\ccsv8\tools\compiler\ti-cgt-arm_18.1.1.LTS\lib\</path>
         <kind>archive</kind>
         <file>rtsv7M4_T_le_v4SPD16_eabi.lib</file>
         <name>vla_alloc.c.obj</name>
      </input_file>
      <input_file id="fl-d2">
         <path>C:\ti\ccsv8\tools\compiler\ti-cgt-arm_18.1.1.LTS\lib\</path>
         <kind>archive</kind>
         <file>rtsv7M4_T_le_v4SPD16_eabi.lib</file>
         <name>s_copysign.c.obj</name>
      </input_file>
      <input_file id="fl-d3">
         <path>C:\ti\ccsv8\tools\compiler\ti-cgt-arm_18.1.1.LTS\lib\</path>
         <kind>archive</kind>
         <file>rtsv7M4_T_le_v4SPD16_eabi.lib</file>
         <name>u_divt2.asm.obj</name>
      </input_file>
      <input_file id="fl-d4">
         <path>C:\ti\ccsv8\tools\compiler\ti-cgt-arm_18.1.1.LTS\lib\</path>
         <kind>archive</kind>
         <file>rtsv7M4_T_le_v4SPD16_eabi.lib</file>
         <name>fd_add_t2.asm.obj</name>
      </input_file>
      <input_file id="fl-d5">
         <path>C:\ti\ccsv8\tools\compiler\ti-cgt-arm_18.1.1.LTS\lib\</path>
         <kind>archive</kind>
         <file>rtsv7M4_T_le_v4SPD16_eabi.lib</file>
         <name>fd_cmp_t2.asm.obj</name>
      </input_file>
      <input_file id="fl-d6">
         <path>C:\ti\ccsv8\tools\compiler\ti-cgt-arm_18.1.1.LTS\lib\</path>
         <kind>archive</kind>
         <file>rtsv7M4_T_le_v4SPD16_eabi.lib</file>
         <name>fd_div_t2.asm.obj</name>
      </input_file>
      <input_file id="fl-d7">
         <path>C:\ti\ccsv8\tools\compiler\ti-cgt-arm_18.1.1.LTS\lib\</path>
         <kind>archive</kind>
         <file>rtsv7M4_T_le_v4SPD16_eabi.lib</file>
         <name>fd_mul_t2.asm.obj</name>
      </input_file>
      <input_file id="fl-d8">
         <path>C:\ti\ccsv8\tools\compiler\ti-cgt-arm_18.1.1.LTS\lib\</path>
         <kind>archive</kind>
         <file>rtsv7M4_T_le_v4SPD16_eabi.lib</file>
         <name>fd_toi_t2.asm.obj</name>
      </input_file>
      <input_file id="fl-d9">
         <path>C:\ti\ccsv8\tools\compiler\ti-cgt-arm_18.1.1.LTS\lib\</path>
         <kind>archive</kind>
         <file>rtsv7M4_T_le_v4SPD16_eabi.lib</file>
         <name>i_tofd_t2.asm.obj</name>
      </input_file>
      <input_file id="fl-da">
         <path>C:\ti\ccsv8\tools\compiler\ti-cgt-arm_18.1.1.LTS\lib\</path>
         <kind>archive</kind>
         <file>rtsv7M4_T_le_v4SPD16_eabi.lib</file>
         <name>memcpy_t2.asm.obj</name>
      </input_file>
      <input_file id="fl-db">
         <path>C:\ti\ccsv8\tools\compiler\ti-cgt-arm_18.1.1.LTS\lib\</path>
         <kind>archive</kind>
         <file>rtsv7M4_T_le_v4SPD16_eabi.lib</file>
         <name>u_tofd_t2.asm.obj</name>
      </input_file>
      <input_file id="fl-dc">
         <path>C:\ti\ccsv8\tools\compiler\ti-cgt-arm_18.1.1.LTS\lib\</path>
         <kind>archive</kind>
         <file>rtsv7M4_T_le_v4SPD16_eabi.lib</file>
         <name>memset_t2.asm.obj</name>
      </input_file>
      <input_file id="fl-dd">
         <path>C:\ti\ccsv8\tools\compiler\ti-cgt-arm_18.1.1.LTS\lib\</path>
         <kind>archive</kind>
         <file>rtsv7M4_T_le_v4SPD16_eabi.lib</file>
         <name>copy_zero_init.c.obj</name>
      </input_file>
      <input_file id="fl-de">
         <path>C:\ti\ccsv8\tools\compiler\ti-cgt-arm_18.1.1.LTS\lib\</path>
         <kind>archive</kind>
         <file>rtsv7M4_T_le_v4SPD16_eabi.lib</file>
         <name>copy_decompress_none.c.obj</name>
      </input_file>
      <input_file id="fl-df">
         <path>C:\ti\ccsv8\tools\compiler\ti-cgt-arm_18.1.1.LTS\lib\</path>
         <kind>archive</kind>
         <file>rtsv7M4_T_le_v4SPD16_eabi.lib</file>
         <name>copy_decompress_lzss.c.obj</name>
      </input_file>
      <input_file id="fl-e0">
         <path>C:\ti\ccsv8\tools\compiler\ti-cgt-arm_18.1.1.LTS\lib\</path>
         <kind>archive</kind>
         <file>rtsv7M4_T_le_v4SPD16_eabi.lib</file>
         <name>boot_cortex_m.c.obj</name>
      </input_file>
      <input_file id="fl-e1">
         <path>C:\ti\ccsv8\tools\compiler\ti-cgt-arm_18.1.1.LTS\lib\</path>
         <kind>archive</kind>
         <file>rtsv7M4_T_le_v4SPD16_eabi.lib</file>
         <name>errno.c.obj</name>
      </input_file>
      <input_file id="fl-e2">
         <path>C:\ti\ccsv8\tools\compiler\ti-cgt-arm_18.1.1.LTS\lib\</path>
         <kind>archive</kind>
         <file>rtsv7M4_T_le_v4SPD16_eabi.lib</file>
         <name>exit.c.obj</name>
      </input_file>
      <input_file id="fl-e3">
         <path>C:\ti\ccsv8\tools\compiler\ti-cgt-arm_18.1.1.LTS\lib\</path>
         <kind>archive</kind>
         <file>rtsv7M4_T_le_v4SPD16_eabi.lib</file>
         <name>memory.c.obj</name>
      </input_file>
      <input_file id="fl-e4">
         <path>C:\ti\ccsv8\tools\compiler\ti-cgt-arm_18.1.1.LTS\lib\</path>
         <kind>archive</kind>
         <file>rtsv7M4_T_le_v4SPD16_eabi.lib</file>
         <name>_lock.c.obj</name>
      </input_file>
      <input_file id="fl-e5">
         <path>C:\ti\ccsv8\tools\compiler\ti-cgt-arm_18.1.1.LTS\lib\</path>
         <kind>archive</kind>
         <file>rtsv7M4_T_le_v4SPD16_eabi.lib</file>
         <name>args_main.c.obj</name>
      </input_file>
      <input_file id="fl-e6">
         <path>C:\ti\ccsv8\tools\compiler\ti-cgt-arm_18.1.1.LTS\lib\</path>
         <kind>archive</kind>
         <file>rtsv7M4_T_le_v4SPD16_eabi.lib</file>
         <name>strlen.c.obj</name>
      </input_file>
      <input_file id="fl-e7">
         <path>C:\ti\ccsv8\tools\compiler\ti-cgt-arm_18.1.1.LTS\lib\</path>
         <kind>archive</kind>
         <file>rtsv7M4_T_le_v4SPD16_eabi.lib</file>
         <name>error.c.obj</name>
      </input_file>
      <input_file id="fl-e8">
         <path>C:\ti\ccsv8\tools\compiler\ti-cgt-arm_18.1.1.LTS\lib\</path>
         <kind>archive</kind>
         <file>rtsv7M4_T_le_v4SPD16_eabi.lib</file>
         <name>div0.asm.obj</name>
      </input_file>
      <input_file id="fl-e9">
         <path>C:\ti\ccsv8\tools\compiler\ti-cgt-arm_18.1.1.LTS\lib\</path>
         <kind>archive</kind>
         <file>rtsv7M4_T_le_v4SPD16_eabi.lib</file>
         <name>autoinit.c.obj</name>
      </input_file>
      <input_file id="fl-ea">
         <path>C:\ti\ccsv8\tools\compiler\ti-cgt-arm_18.1.1.LTS\lib\</path>
         <kind>archive</kind>
         <file>rtsv7M4_T_le_v4SPD16_eabi.lib</file>
         <name>pre_init.c.obj</name>
      </input_file>
      <input_file id="fl-eb">
         <path>C:\ti\ccsv8\tools\compiler\ti-cgt-arm_18.1.1.LTS\lib\</path>
         <kind>archive</kind>
         <file>rtsv7M4_T_le_v4SPD16_eabi.lib</file>
         <name>cpy_tbl.c.obj</name>
      </input_file>
   </input_file_list>
   <object_component_list>
      <object_component id="oc-f">
         <name>.intvecs</name>
         <load_address>0x0</load_address>
         <run_address>0x0</run_address>
         <size>0x208</size>
         <input_file_ref idref="fl-c"/>
      </object_component>
      <object_component id="oc-1a9">
         <name>.text:pow</name>
         <load_address>0x208</load_address>
         <run_address>0x208</run_address>
         <size>0x9c0</size>
         <input_file_ref idref="fl-ce"/>
      </object_component>
      <object_component id="oc-104">
         <name>.text</name>
         <load_address>0xbc8</load_address>
         <run_address>0xbc8</run_address>
         <size>0x28e</size>
         <input_file_ref idref="fl-2"/>
      </object_component>
      <object_component id="oc-19e">
         <name>.text</name>
         <load_address>0xe56</load_address>
         <run_address>0xe56</run_address>
         <size>0x230</size>
         <input_file_ref idref="fl-7"/>
      </object_component>
      <object_component id="oc-274">
         <name>.text:_nop</name>
         <load_address>0x1086</load_address>
         <run_address>0x1086</run_address>
         <size>0x2</size>
         <input_file_ref idref="fl-e4"/>
      </object_component>
      <object_component id="oc-d3">
         <name>.text:SysCtlClockFreqSet</name>
         <load_address>0x1088</load_address>
         <run_address>0x1088</run_address>
         <size>0x200</size>
         <input_file_ref idref="fl-16"/>
      </object_component>
      <object_component id="oc-22e">
         <name>.text</name>
         <load_address>0x1288</load_address>
         <run_address>0x1288</run_address>
         <size>0x1b6</size>
         <input_file_ref idref="fl-d4"/>
      </object_component>
      <object_component id="oc-20d">
         <name>.text</name>
         <load_address>0x143e</load_address>
         <run_address>0x143e</run_address>
         <size>0x2</size>
         <input_file_ref idref="fl-e8"/>
      </object_component>
      <object_component id="oc-9f">
         <name>.text</name>
         <load_address>0x1440</load_address>
         <run_address>0x1440</run_address>
         <size>0x16c</size>
         <input_file_ref idref="fl-6"/>
      </object_component>
      <object_component id="oc-238">
         <name>.text:sqrt</name>
         <load_address>0x15ac</load_address>
         <run_address>0x15ac</run_address>
         <size>0x158</size>
         <input_file_ref idref="fl-cf"/>
      </object_component>
      <object_component id="oc-233">
         <name>.text</name>
         <load_address>0x1704</load_address>
         <run_address>0x1704</run_address>
         <size>0x136</size>
         <input_file_ref idref="fl-d6"/>
      </object_component>
      <object_component id="oc-213">
         <name>.text:__vla_alloc</name>
         <load_address>0x183c</load_address>
         <run_address>0x183c</run_address>
         <size>0x134</size>
         <input_file_ref idref="fl-d1"/>
      </object_component>
      <object_component id="oc-17c">
         <name>.text:GPIOPadConfigSet</name>
         <load_address>0x1970</load_address>
         <run_address>0x1970</run_address>
         <size>0x132</size>
         <input_file_ref idref="fl-14"/>
      </object_component>
      <object_component id="oc-2a2">
         <name>.text:realloc</name>
         <load_address>0x1aa4</load_address>
         <run_address>0x1aa4</run_address>
         <size>0x114</size>
         <input_file_ref idref="fl-e3"/>
      </object_component>
      <object_component id="oc-25b">
         <name>.text:scalbn</name>
         <load_address>0x1bb8</load_address>
         <run_address>0x1bb8</run_address>
         <size>0x110</size>
         <input_file_ref idref="fl-d0"/>
      </object_component>
      <object_component id="oc-244">
         <name>.text</name>
         <load_address>0x1cc8</load_address>
         <run_address>0x1cc8</run_address>
         <size>0xfc</size>
         <input_file_ref idref="fl-d7"/>
      </object_component>
      <object_component id="oc-225">
         <name>.text:free</name>
         <load_address>0x1dc4</load_address>
         <run_address>0x1dc4</run_address>
         <size>0xd8</size>
         <input_file_ref idref="fl-e3"/>
      </object_component>
      <object_component id="oc-3b">
         <name>.text</name>
         <load_address>0x1e9c</load_address>
         <run_address>0x1e9c</run_address>
         <size>0x9c</size>
         <input_file_ref idref="fl-da"/>
      </object_component>
      <object_component id="oc-251">
         <name>.text:__aeabi_cdcmple</name>
         <load_address>0x1f38</load_address>
         <run_address>0x1f38</run_address>
         <size>0x86</size>
         <input_file_ref idref="fl-d5"/>
      </object_component>
      <object_component id="oc-256">
         <name>.text:__aeabi_cdrcmple</name>
         <load_address>0x1fbe</load_address>
         <run_address>0x1fbe</run_address>
         <size>0x86</size>
         <input_file_ref idref="fl-d5"/>
      </object_component>
      <object_component id="oc-93">
         <name>.text</name>
         <load_address>0x2044</load_address>
         <run_address>0x2044</run_address>
         <size>0x7a</size>
         <input_file_ref idref="fl-dc"/>
      </object_component>
      <object_component id="oc-29c">
         <name>.text:_ZN33_INTERNAL_11_vla_alloc_c_be8bd49b21free_dead_allocationsEPv</name>
         <load_address>0x20c0</load_address>
         <run_address>0x20c0</run_address>
         <size>0x78</size>
         <input_file_ref idref="fl-d1"/>
      </object_component>
      <object_component id="oc-219">
         <name>.text:__vla_dealloc</name>
         <load_address>0x2138</load_address>
         <run_address>0x2138</run_address>
         <size>0x78</size>
         <input_file_ref idref="fl-d1"/>
      </object_component>
      <object_component id="oc-21f">
         <name>.text:malloc</name>
         <load_address>0x21b0</load_address>
         <run_address>0x21b0</run_address>
         <size>0x78</size>
         <input_file_ref idref="fl-e3"/>
      </object_component>
      <object_component id="oc-12">
         <name>.text:decompress:lzss:__TI_decompress_lzss</name>
         <load_address>0x2228</load_address>
         <run_address>0x2228</run_address>
         <size>0x68</size>
         <input_file_ref idref="fl-df"/>
      </object_component>
      <object_component id="oc-df">
         <name>.text:GPIOPinConfigure</name>
         <load_address>0x2290</load_address>
         <run_address>0x2290</run_address>
         <size>0x4c</size>
         <input_file_ref idref="fl-14"/>
      </object_component>
      <object_component id="oc-15f">
         <name>.text:_SysCtlFrequencyGet</name>
         <load_address>0x22dc</load_address>
         <run_address>0x22dc</run_address>
         <size>0x48</size>
         <input_file_ref idref="fl-16"/>
      </object_component>
      <object_component id="oc-1af">
         <name>.text</name>
         <load_address>0x2324</load_address>
         <run_address>0x2324</run_address>
         <size>0x48</size>
         <input_file_ref idref="fl-d8"/>
      </object_component>
      <object_component id="oc-eb">
         <name>.text:UARTConfigSetExpClk</name>
         <load_address>0x236c</load_address>
         <run_address>0x236c</run_address>
         <size>0x46</size>
         <input_file_ref idref="fl-17"/>
      </object_component>
      <object_component id="oc-120">
         <name>.text:__TI_auto_init_nobinit_nopinit:__TI_auto_init_nobinit_nopinit</name>
         <load_address>0x23b4</load_address>
         <run_address>0x23b4</run_address>
         <size>0x44</size>
         <input_file_ref idref="fl-e9"/>
      </object_component>
      <object_component id="oc-199">
         <name>.text</name>
         <load_address>0x23f8</load_address>
         <run_address>0x23f8</run_address>
         <size>0x40</size>
         <input_file_ref idref="fl-d3"/>
      </object_component>
      <object_component id="oc-2c5">
         <name>.text:minsert</name>
         <load_address>0x2438</load_address>
         <run_address>0x2438</run_address>
         <size>0x3c</size>
         <input_file_ref idref="fl-e3"/>
      </object_component>
      <object_component id="oc-59">
         <name>.text:_c_int00_noargs:_c_int00_noargs</name>
         <load_address>0x2474</load_address>
         <run_address>0x2474</run_address>
         <size>0x38</size>
         <input_file_ref idref="fl-e0"/>
      </object_component>
      <object_component id="oc-2b9">
         <name>.text:minit</name>
         <load_address>0x24ac</load_address>
         <run_address>0x24ac</run_address>
         <size>0x38</size>
         <input_file_ref idref="fl-e3"/>
      </object_component>
      <object_component id="oc-d9">
         <name>.text:SysCtlPeripheralEnable</name>
         <load_address>0x24e4</load_address>
         <run_address>0x24e4</run_address>
         <size>0x34</size>
         <input_file_ref idref="fl-16"/>
      </object_component>
      <object_component id="oc-249">
         <name>.text</name>
         <load_address>0x2518</load_address>
         <run_address>0x2518</run_address>
         <size>0x2e</size>
         <input_file_ref idref="fl-d9"/>
      </object_component>
      <object_component id="oc-176">
         <name>.text:GPIODirModeSet</name>
         <load_address>0x2546</load_address>
         <run_address>0x2546</run_address>
         <size>0x2c</size>
         <input_file_ref idref="fl-14"/>
      </object_component>
      <object_component id="oc-2bf">
         <name>.text:mremove</name>
         <load_address>0x2574</load_address>
         <run_address>0x2574</run_address>
         <size>0x28</size>
         <input_file_ref idref="fl-e3"/>
      </object_component>
      <object_component id="oc-183">
         <name>.text:UARTDisable</name>
         <load_address>0x259c</load_address>
         <run_address>0x259c</run_address>
         <size>0x20</size>
         <input_file_ref idref="fl-17"/>
      </object_component>
      <object_component id="oc-159">
         <name>.text:_SysCtlMemTimingGet</name>
         <load_address>0x25bc</load_address>
         <run_address>0x25bc</run_address>
         <size>0x20</size>
         <input_file_ref idref="fl-16"/>
      </object_component>
      <object_component id="oc-1a4">
         <name>.text</name>
         <load_address>0x25dc</load_address>
         <run_address>0x25dc</run_address>
         <size>0x20</size>
         <input_file_ref idref="fl-db"/>
      </object_component>
      <object_component id="oc-f7">
         <name>.text:GPIOPinTypeGPIOOutput</name>
         <load_address>0x25fc</load_address>
         <run_address>0x25fc</run_address>
         <size>0x18</size>
         <input_file_ref idref="fl-14"/>
      </object_component>
      <object_component id="oc-e5">
         <name>.text:GPIOPinTypeUART</name>
         <load_address>0x2614</load_address>
         <run_address>0x2614</run_address>
         <size>0x16</size>
         <input_file_ref idref="fl-14"/>
      </object_component>
      <object_component id="oc-189">
         <name>.text:UARTEnable</name>
         <load_address>0x262a</load_address>
         <run_address>0x262a</run_address>
         <size>0x14</size>
         <input_file_ref idref="fl-17"/>
      </object_component>
      <object_component id="oc-2e1">
         <name>.text:copysign</name>
         <load_address>0x263e</load_address>
         <run_address>0x263e</run_address>
         <size>0x14</size>
         <input_file_ref idref="fl-d2"/>
      </object_component>
      <object_component id="oc-10a">
         <name>.text:strlen</name>
         <load_address>0x2652</load_address>
         <run_address>0x2652</run_address>
         <size>0x14</size>
         <input_file_ref idref="fl-e6"/>
      </object_component>
      <object_component id="oc-47">
         <name>.text:decompress:ZI:__TI_zero_init_nomemset:__TI_zero_init_nomemset</name>
         <load_address>0x2666</load_address>
         <run_address>0x2666</run_address>
         <size>0x12</size>
         <input_file_ref idref="fl-dd"/>
      </object_component>
      <object_component id="oc-18">
         <name>.text:decompress:none:__TI_decompress_none</name>
         <load_address>0x2678</load_address>
         <run_address>0x2678</run_address>
         <size>0xe</size>
         <input_file_ref idref="fl-de"/>
      </object_component>
      <object_component id="oc-27">
         <name>.text</name>
         <load_address>0x2686</load_address>
         <run_address>0x2686</run_address>
         <size>0xc</size>
         <input_file_ref idref="fl-c"/>
      </object_component>
      <object_component id="oc-f1">
         <name>.text:UARTCharPut</name>
         <load_address>0x2692</load_address>
         <run_address>0x2692</run_address>
         <size>0xa</size>
         <input_file_ref idref="fl-17"/>
      </object_component>
      <object_component id="oc-23e">
         <name>.text:__aeabi_errno_addr</name>
         <load_address>0x269c</load_address>
         <run_address>0x269c</run_address>
         <size>0x8</size>
         <input_file_ref idref="fl-e1"/>
      </object_component>
      <object_component id="oc-fd">
         <name>.text:GPIOPinWrite</name>
         <load_address>0x26a4</load_address>
         <run_address>0x26a4</run_address>
         <size>0x6</size>
         <input_file_ref idref="fl-14"/>
      </object_component>
      <object_component id="oc-103">
         <name>.text:SysCtlDelay</name>
         <load_address>0x26aa</load_address>
         <run_address>0x26aa</run_address>
         <size>0x6</size>
         <input_file_ref idref="fl-16"/>
      </object_component>
      <object_component id="oc-296">
         <name>.text:__abort_execution</name>
         <load_address>0x26b0</load_address>
         <run_address>0x26b0</run_address>
         <size>0x4</size>
         <input_file_ref idref="fl-e7"/>
      </object_component>
      <object_component id="oc-99">
         <name>.text:_system_pre_init</name>
         <load_address>0x26b4</load_address>
         <run_address>0x26b4</run_address>
         <size>0x4</size>
         <input_file_ref idref="fl-ea"/>
      </object_component>
      <object_component id="oc-114">
         <name>.text:abort:abort</name>
         <load_address>0x26b8</load_address>
         <run_address>0x26b8</run_address>
         <size>0x4</size>
         <input_file_ref idref="fl-e2"/>
      </object_component>
      <object_component id="oc-168">
         <name>.const:g_pppui32XTALtoVCO</name>
         <load_address>0x26c0</load_address>
         <run_address>0x26c0</run_address>
         <size>0x1b0</size>
         <input_file_ref idref="fl-16"/>
      </object_component>
      <object_component id="oc-171">
         <name>.const:g_pui32GPIOBaseAddrs</name>
         <load_address>0x2870</load_address>
         <run_address>0x2870</run_address>
         <size>0x90</size>
         <input_file_ref idref="fl-14"/>
      </object_component>
      <object_component id="oc-165">
         <name>.const:g_pui32Xtals</name>
         <load_address>0x2900</load_address>
         <run_address>0x2900</run_address>
         <size>0x6c</size>
         <input_file_ref idref="fl-16"/>
      </object_component>
      <object_component id="oc-24e">
         <name>.const:$O1$$</name>
         <load_address>0x2970</load_address>
         <run_address>0x2970</run_address>
         <size>0x30</size>
         <input_file_ref idref="fl-ce"/>
      </object_component>
      <object_component id="oc-1ed">
         <name>.const:g_sXTALtoMEMTIM</name>
         <load_address>0x29a0</load_address>
         <run_address>0x29a0</run_address>
         <size>0x30</size>
         <input_file_ref idref="fl-16"/>
      </object_component>
      <object_component id="oc-16b">
         <name>.const:g_pui32VCOFrequencies</name>
         <load_address>0x29d0</load_address>
         <run_address>0x29d0</run_address>
         <size>0x8</size>
         <input_file_ref idref="fl-16"/>
      </object_component>
      <object_component id="oc-367">
         <name>.cinit..data.load</name>
         <load_address>0x29d8</load_address>
         <run_address>0x29d8</run_address>
         <size>0x15</size>
      </object_component>
      <object_component id="oc-365">
         <name>__TI_handler_table</name>
         <load_address>0x29f0</load_address>
         <run_address>0x29f0</run_address>
         <size>0xc</size>
      </object_component>
      <object_component id="oc-368">
         <name>.cinit..bss.load</name>
         <load_address>0x2a00</load_address>
         <run_address>0x2a00</run_address>
         <size>0x8</size>
      </object_component>
      <object_component id="oc-366">
         <name>__TI_cinit_table</name>
         <load_address>0x2a08</load_address>
         <run_address>0x2a08</run_address>
         <size>0x10</size>
      </object_component>
      <object_component id="oc-2d6">
         <name>.data</name>
         <load_address>0x20000134</load_address>
         <run_address>0x20000134</run_address>
         <size>0x4</size>
         <input_file_ref idref="fl-e1"/>
      </object_component>
      <object_component id="oc-2cb">
         <name>.data:$O1$$</name>
         <load_address>0x20000120</load_address>
         <run_address>0x20000120</run_address>
         <size>0xc</size>
         <input_file_ref idref="fl-e3"/>
      </object_component>
      <object_component id="oc-1d1">
         <name>.data:$O1$$</name>
         <load_address>0x2000012c</load_address>
         <run_address>0x2000012c</run_address>
         <size>0x8</size>
         <input_file_ref idref="fl-e4"/>
      </object_component>
      <object_component id="oc-2a8">
         <name>.bss:$O1$$</name>
         <uninitialized>true</uninitialized>
         <run_address>0x20000100</run_address>
         <size>0x1c</size>
         <input_file_ref idref="fl-d1"/>
      </object_component>
      <object_component id="oc-110">
         <name>.common:SysClkFreq</name>
         <uninitialized>true</uninitialized>
         <run_address>0x2000011c</run_address>
         <size>0x4</size>
      </object_component>
      <object_component id="oc-24">
         <name>.sysmem</name>
         <uninitialized>true</uninitialized>
         <run_address>0x20000080</run_address>
         <size>0x8</size>
         <input_file_ref idref="fl-e3"/>
      </object_component>
      <object_component id="oc-36a">
         <name>.sysmem</name>
         <uninitialized>true</uninitialized>
         <run_address>0x20000080</run_address>
         <size>0x0</size>
      </object_component>
      <object_component id="oc-21">
         <name>.stack</name>
         <uninitialized>true</uninitialized>
         <run_address>0x20000000</run_address>
         <size>0x4</size>
         <input_file_ref idref="fl-e0"/>
      </object_component>
      <object_component id="oc-369">
         <name>.stack</name>
         <uninitialized>true</uninitialized>
         <run_address>0x20000000</run_address>
         <size>0x0</size>
      </object_component>
      <object_component id="oc-c2">
         <name>.debug_info</name>
         <load_address>0x0</load_address>
         <run_address>0x0</run_address>
         <size>0x2f2</size>
         <input_file_ref idref="fl-2"/>
      </object_component>
      <object_component id="oc-105">
         <name>.debug_info</name>
         <load_address>0x2f2</load_address>
         <run_address>0x2f2</run_address>
         <size>0x625</size>
         <input_file_ref idref="fl-2"/>
      </object_component>
      <object_component id="oc-74">
         <name>.debug_info</name>
         <load_address>0x917</load_address>
         <run_address>0x917</run_address>
         <size>0x26b</size>
         <input_file_ref idref="fl-2"/>
      </object_component>
      <object_component id="oc-36">
         <name>.debug_info</name>
         <load_address>0xb82</load_address>
         <run_address>0xb82</run_address>
         <size>0x84</size>
         <input_file_ref idref="fl-2"/>
      </object_component>
      <object_component id="oc-bd">
         <name>.debug_info</name>
         <load_address>0xc06</load_address>
         <run_address>0xc06</run_address>
         <size>0x297</size>
         <input_file_ref idref="fl-2"/>
      </object_component>
      <object_component id="oc-1f2">
         <name>.debug_info</name>
         <load_address>0xe9d</load_address>
         <run_address>0xe9d</run_address>
         <size>0xef</size>
         <input_file_ref idref="fl-2"/>
      </object_component>
      <object_component id="oc-79">
         <name>.debug_info</name>
         <load_address>0xf8c</load_address>
         <run_address>0xf8c</run_address>
         <size>0xbb</size>
         <input_file_ref idref="fl-2"/>
      </object_component>
      <object_component id="oc-154">
         <name>.debug_info</name>
         <load_address>0x1047</load_address>
         <run_address>0x1047</run_address>
         <size>0xcc</size>
         <input_file_ref idref="fl-2"/>
      </object_component>
      <object_component id="oc-26c">
         <name>.debug_info</name>
         <load_address>0x1113</load_address>
         <run_address>0x1113</run_address>
         <size>0x1cb</size>
         <input_file_ref idref="fl-3"/>
      </object_component>
      <object_component id="oc-1c3">
         <name>.debug_info</name>
         <load_address>0x12de</load_address>
         <run_address>0x12de</run_address>
         <size>0x30c</size>
         <input_file_ref idref="fl-3"/>
      </object_component>
      <object_component id="oc-301">
         <name>.debug_info</name>
         <load_address>0x15ea</load_address>
         <run_address>0x15ea</run_address>
         <size>0x44c</size>
         <input_file_ref idref="fl-3"/>
      </object_component>
      <object_component id="oc-2f7">
         <name>.debug_info</name>
         <load_address>0x1a36</load_address>
         <run_address>0x1a36</run_address>
         <size>0xcc</size>
         <input_file_ref idref="fl-3"/>
      </object_component>
      <object_component id="oc-26d">
         <name>.debug_info</name>
         <load_address>0x1b02</load_address>
         <run_address>0x1b02</run_address>
         <size>0x2c</size>
         <input_file_ref idref="fl-3"/>
      </object_component>
      <object_component id="oc-2fc">
         <name>.debug_info</name>
         <load_address>0x1b2e</load_address>
         <run_address>0x1b2e</run_address>
         <size>0x53</size>
         <input_file_ref idref="fl-3"/>
      </object_component>
      <object_component id="oc-1b9">
         <name>.debug_info</name>
         <load_address>0x1b81</load_address>
         <run_address>0x1b81</run_address>
         <size>0x53</size>
         <input_file_ref idref="fl-3"/>
      </object_component>
      <object_component id="oc-1be">
         <name>.debug_info</name>
         <load_address>0x1bd4</load_address>
         <run_address>0x1bd4</run_address>
         <size>0x14c</size>
         <input_file_ref idref="fl-3"/>
      </object_component>
      <object_component id="oc-111">
         <name>.debug_info</name>
         <load_address>0x1d20</load_address>
         <run_address>0x1d20</run_address>
         <size>0x614</size>
         <input_file_ref idref="fl-6"/>
      </object_component>
      <object_component id="oc-a0">
         <name>.debug_info</name>
         <load_address>0x2334</load_address>
         <run_address>0x2334</run_address>
         <size>0x408</size>
         <input_file_ref idref="fl-6"/>
      </object_component>
      <object_component id="oc-1c8">
         <name>.debug_info</name>
         <load_address>0x273c</load_address>
         <run_address>0x273c</run_address>
         <size>0x44c</size>
         <input_file_ref idref="fl-6"/>
      </object_component>
      <object_component id="oc-ca">
         <name>.debug_info</name>
         <load_address>0x2b88</load_address>
         <run_address>0x2b88</run_address>
         <size>0x2c</size>
         <input_file_ref idref="fl-6"/>
      </object_component>
      <object_component id="oc-22c">
         <name>.debug_info</name>
         <load_address>0x2bb4</load_address>
         <run_address>0x2bb4</run_address>
         <size>0x338</size>
         <input_file_ref idref="fl-7"/>
      </object_component>
      <object_component id="oc-1a1">
         <name>.debug_info</name>
         <load_address>0x2eec</load_address>
         <run_address>0x2eec</run_address>
         <size>0x651</size>
         <input_file_ref idref="fl-7"/>
      </object_component>
      <object_component id="oc-2f">
         <name>.debug_info</name>
         <load_address>0x353d</load_address>
         <run_address>0x353d</run_address>
         <size>0x2ae</size>
         <input_file_ref idref="fl-c"/>
      </object_component>
      <object_component id="oc-10">
         <name>.debug_info</name>
         <load_address>0x37eb</load_address>
         <run_address>0x37eb</run_address>
         <size>0xed</size>
         <input_file_ref idref="fl-c"/>
      </object_component>
      <object_component id="oc-28">
         <name>.debug_info</name>
         <load_address>0x38d8</load_address>
         <run_address>0x38d8</run_address>
         <size>0x26c</size>
         <input_file_ref idref="fl-c"/>
      </object_component>
      <object_component id="oc-175">
         <name>.debug_info</name>
         <load_address>0x3b44</load_address>
         <run_address>0x3b44</run_address>
         <size>0x392</size>
         <input_file_ref idref="fl-14"/>
      </object_component>
      <object_component id="oc-172">
         <name>.debug_info</name>
         <load_address>0x3ed6</load_address>
         <run_address>0x3ed6</run_address>
         <size>0x112</size>
         <input_file_ref idref="fl-14"/>
      </object_component>
      <object_component id="oc-100">
         <name>.debug_info</name>
         <load_address>0x3fe8</load_address>
         <run_address>0x3fe8</run_address>
         <size>0x20c</size>
         <input_file_ref idref="fl-14"/>
      </object_component>
      <object_component id="oc-179">
         <name>.debug_info</name>
         <load_address>0x41f4</load_address>
         <run_address>0x41f4</run_address>
         <size>0x21c</size>
         <input_file_ref idref="fl-14"/>
      </object_component>
      <object_component id="oc-17f">
         <name>.debug_info</name>
         <load_address>0x4410</load_address>
         <run_address>0x4410</run_address>
         <size>0x27f</size>
         <input_file_ref idref="fl-14"/>
      </object_component>
      <object_component id="oc-e9">
         <name>.debug_info</name>
         <load_address>0x468f</load_address>
         <run_address>0x468f</run_address>
         <size>0x1fb</size>
         <input_file_ref idref="fl-14"/>
      </object_component>
      <object_component id="oc-fb">
         <name>.debug_info</name>
         <load_address>0x488a</load_address>
         <run_address>0x488a</run_address>
         <size>0x220</size>
         <input_file_ref idref="fl-14"/>
      </object_component>
      <object_component id="oc-e3">
         <name>.debug_info</name>
         <load_address>0x4aaa</load_address>
         <run_address>0x4aaa</run_address>
         <size>0x1e9</size>
         <input_file_ref idref="fl-14"/>
      </object_component>
      <object_component id="oc-192">
         <name>.debug_info</name>
         <load_address>0x4c93</load_address>
         <run_address>0x4c93</run_address>
         <size>0x8b</size>
         <input_file_ref idref="fl-14"/>
      </object_component>
      <object_component id="oc-16f">
         <name>.debug_info</name>
         <load_address>0x4d1e</load_address>
         <run_address>0x4d1e</run_address>
         <size>0x3ef</size>
         <input_file_ref idref="fl-16"/>
      </object_component>
      <object_component id="oc-166">
         <name>.debug_info</name>
         <load_address>0x510d</load_address>
         <run_address>0x510d</run_address>
         <size>0x104</size>
         <input_file_ref idref="fl-16"/>
      </object_component>
      <object_component id="oc-169">
         <name>.debug_info</name>
         <load_address>0x5211</load_address>
         <run_address>0x5211</run_address>
         <size>0x110</size>
         <input_file_ref idref="fl-16"/>
      </object_component>
      <object_component id="oc-1ee">
         <name>.debug_info</name>
         <load_address>0x5321</load_address>
         <run_address>0x5321</run_address>
         <size>0x10a</size>
         <input_file_ref idref="fl-16"/>
      </object_component>
      <object_component id="oc-16c">
         <name>.debug_info</name>
         <load_address>0x542b</load_address>
         <run_address>0x542b</run_address>
         <size>0x117</size>
         <input_file_ref idref="fl-16"/>
      </object_component>
      <object_component id="oc-db">
         <name>.debug_info</name>
         <load_address>0x5542</load_address>
         <run_address>0x5542</run_address>
         <size>0x1e6</size>
         <input_file_ref idref="fl-16"/>
      </object_component>
      <object_component id="oc-15a">
         <name>.debug_info</name>
         <load_address>0x5728</load_address>
         <run_address>0x5728</run_address>
         <size>0x1d9</size>
         <input_file_ref idref="fl-16"/>
      </object_component>
      <object_component id="oc-160">
         <name>.debug_info</name>
         <load_address>0x5901</load_address>
         <run_address>0x5901</run_address>
         <size>0x223</size>
         <input_file_ref idref="fl-16"/>
      </object_component>
      <object_component id="oc-d4">
         <name>.debug_info</name>
         <load_address>0x5b24</load_address>
         <run_address>0x5b24</run_address>
         <size>0x403</size>
         <input_file_ref idref="fl-16"/>
      </object_component>
      <object_component id="oc-1ff">
         <name>.debug_info</name>
         <load_address>0x5f27</load_address>
         <run_address>0x5f27</run_address>
         <size>0x51</size>
         <input_file_ref idref="fl-16"/>
      </object_component>
      <object_component id="oc-190">
         <name>.debug_info</name>
         <load_address>0x5f78</load_address>
         <run_address>0x5f78</run_address>
         <size>0x379</size>
         <input_file_ref idref="fl-17"/>
      </object_component>
      <object_component id="oc-18c">
         <name>.debug_info</name>
         <load_address>0x62f1</load_address>
         <run_address>0x62f1</run_address>
         <size>0x1b0</size>
         <input_file_ref idref="fl-17"/>
      </object_component>
      <object_component id="oc-186">
         <name>.debug_info</name>
         <load_address>0x64a1</load_address>
         <run_address>0x64a1</run_address>
         <size>0x1b2</size>
         <input_file_ref idref="fl-17"/>
      </object_component>
      <object_component id="oc-ee">
         <name>.debug_info</name>
         <load_address>0x6653</load_address>
         <run_address>0x6653</run_address>
         <size>0x28f</size>
         <input_file_ref idref="fl-17"/>
      </object_component>
      <object_component id="oc-f4">
         <name>.debug_info</name>
         <load_address>0x68e2</load_address>
         <run_address>0x68e2</run_address>
         <size>0x1dc</size>
         <input_file_ref idref="fl-17"/>
      </object_component>
      <object_component id="oc-267">
         <name>.debug_info</name>
         <load_address>0x6abe</load_address>
         <run_address>0x6abe</run_address>
         <size>0x358</size>
         <input_file_ref idref="fl-ce"/>
      </object_component>
      <object_component id="oc-24f">
         <name>.debug_info</name>
         <load_address>0x6e16</load_address>
         <run_address>0x6e16</run_address>
         <size>0x11d</size>
         <input_file_ref idref="fl-ce"/>
      </object_component>
      <object_component id="oc-1ac">
         <name>.debug_info</name>
         <load_address>0x6f33</load_address>
         <run_address>0x6f33</run_address>
         <size>0xbd9</size>
         <input_file_ref idref="fl-ce"/>
      </object_component>
      <object_component id="oc-2ee">
         <name>.debug_info</name>
         <load_address>0x7b0c</load_address>
         <run_address>0x7b0c</run_address>
         <size>0x46</size>
         <input_file_ref idref="fl-ce"/>
      </object_component>
      <object_component id="oc-262">
         <name>.debug_info</name>
         <load_address>0x7b52</load_address>
         <run_address>0x7b52</run_address>
         <size>0x39</size>
         <input_file_ref idref="fl-ce"/>
      </object_component>
      <object_component id="oc-2d5">
         <name>.debug_info</name>
         <load_address>0x7b8b</load_address>
         <run_address>0x7b8b</run_address>
         <size>0x2bf</size>
         <input_file_ref idref="fl-cf"/>
      </object_component>
      <object_component id="oc-23c">
         <name>.debug_info</name>
         <load_address>0x7e4a</load_address>
         <run_address>0x7e4a</run_address>
         <size>0x242</size>
         <input_file_ref idref="fl-cf"/>
      </object_component>
      <object_component id="oc-2e8">
         <name>.debug_info</name>
         <load_address>0x808c</load_address>
         <run_address>0x808c</run_address>
         <size>0x2f2</size>
         <input_file_ref idref="fl-d0"/>
      </object_component>
      <object_component id="oc-25f">
         <name>.debug_info</name>
         <load_address>0x837e</load_address>
         <run_address>0x837e</run_address>
         <size>0x21a</size>
         <input_file_ref idref="fl-d0"/>
      </object_component>
      <object_component id="oc-339">
         <name>.debug_info</name>
         <load_address>0x8598</load_address>
         <run_address>0x8598</run_address>
         <size>0x39</size>
         <input_file_ref idref="fl-d0"/>
      </object_component>
      <object_component id="oc-2e9">
         <name>.debug_info</name>
         <load_address>0x85d1</load_address>
         <run_address>0x85d1</run_address>
         <size>0x2c</size>
         <input_file_ref idref="fl-d0"/>
      </object_component>
      <object_component id="oc-2ac">
         <name>.debug_info</name>
         <load_address>0x85fd</load_address>
         <run_address>0x85fd</run_address>
         <size>0x4c4</size>
         <input_file_ref idref="fl-d1"/>
      </object_component>
      <object_component id="oc-2a9">
         <name>.debug_info</name>
         <load_address>0x8ac1</load_address>
         <run_address>0x8ac1</run_address>
         <size>0x107</size>
         <input_file_ref idref="fl-d1"/>
      </object_component>
      <object_component id="oc-21b">
         <name>.debug_info</name>
         <load_address>0x8bc8</load_address>
         <run_address>0x8bc8</run_address>
         <size>0x1c5</size>
         <input_file_ref idref="fl-d1"/>
      </object_component>
      <object_component id="oc-29e">
         <name>.debug_info</name>
         <load_address>0x8d8d</load_address>
         <run_address>0x8d8d</run_address>
         <size>0x1fd</size>
         <input_file_ref idref="fl-d1"/>
      </object_component>
      <object_component id="oc-215">
         <name>.debug_info</name>
         <load_address>0x8f8a</load_address>
         <run_address>0x8f8a</run_address>
         <size>0x2ca</size>
         <input_file_ref idref="fl-d1"/>
      </object_component>
      <object_component id="oc-326">
         <name>.debug_info</name>
         <load_address>0x9254</load_address>
         <run_address>0x9254</run_address>
         <size>0x2c</size>
         <input_file_ref idref="fl-d1"/>
      </object_component>
      <object_component id="oc-2ae">
         <name>.debug_info</name>
         <load_address>0x9280</load_address>
         <run_address>0x9280</run_address>
         <size>0x2c</size>
         <input_file_ref idref="fl-d1"/>
      </object_component>
      <object_component id="oc-321">
         <name>.debug_info</name>
         <load_address>0x92ac</load_address>
         <run_address>0x92ac</run_address>
         <size>0x2c</size>
         <input_file_ref idref="fl-d1"/>
      </object_component>
      <object_component id="oc-2b3">
         <name>.debug_info</name>
         <load_address>0x92d8</load_address>
         <run_address>0x92d8</run_address>
         <size>0x17a</size>
         <input_file_ref idref="fl-d1"/>
      </object_component>
      <object_component id="oc-316">
         <name>.debug_info</name>
         <load_address>0x9452</load_address>
         <run_address>0x9452</run_address>
         <size>0xca</size>
         <input_file_ref idref="fl-d1"/>
      </object_component>
      <object_component id="oc-2e2">
         <name>.debug_info</name>
         <load_address>0x951c</load_address>
         <run_address>0x951c</run_address>
         <size>0x156</size>
         <input_file_ref idref="fl-d2"/>
      </object_component>
      <object_component id="oc-19b">
         <name>.debug_info</name>
         <load_address>0x9672</load_address>
         <run_address>0x9672</run_address>
         <size>0x13a</size>
         <input_file_ref idref="fl-d3"/>
      </object_component>
      <object_component id="oc-230">
         <name>.debug_info</name>
         <load_address>0x97ac</load_address>
         <run_address>0x97ac</run_address>
         <size>0x144</size>
         <input_file_ref idref="fl-d4"/>
      </object_component>
      <object_component id="oc-254">
         <name>.debug_info</name>
         <load_address>0x98f0</load_address>
         <run_address>0x98f0</run_address>
         <size>0x120</size>
         <input_file_ref idref="fl-d5"/>
      </object_component>
      <object_component id="oc-259">
         <name>.debug_info</name>
         <load_address>0x9a10</load_address>
         <run_address>0x9a10</run_address>
         <size>0x122</size>
         <input_file_ref idref="fl-d5"/>
      </object_component>
      <object_component id="oc-235">
         <name>.debug_info</name>
         <load_address>0x9b32</load_address>
         <run_address>0x9b32</run_address>
         <size>0x132</size>
         <input_file_ref idref="fl-d6"/>
      </object_component>
      <object_component id="oc-245">
         <name>.debug_info</name>
         <load_address>0x9c64</load_address>
         <run_address>0x9c64</run_address>
         <size>0x132</size>
         <input_file_ref idref="fl-d7"/>
      </object_component>
      <object_component id="oc-1b2">
         <name>.debug_info</name>
         <load_address>0x9d96</load_address>
         <run_address>0x9d96</run_address>
         <size>0x126</size>
         <input_file_ref idref="fl-d8"/>
      </object_component>
      <object_component id="oc-24c">
         <name>.debug_info</name>
         <load_address>0x9ebc</load_address>
         <run_address>0x9ebc</run_address>
         <size>0x124</size>
         <input_file_ref idref="fl-d9"/>
      </object_component>
      <object_component id="oc-3d">
         <name>.debug_info</name>
         <load_address>0x9fe0</load_address>
         <run_address>0x9fe0</run_address>
         <size>0x111</size>
         <input_file_ref idref="fl-da"/>
      </object_component>
      <object_component id="oc-1a5">
         <name>.debug_info</name>
         <load_address>0xa0f1</load_address>
         <run_address>0xa0f1</run_address>
         <size>0x126</size>
         <input_file_ref idref="fl-db"/>
      </object_component>
      <object_component id="oc-94">
         <name>.debug_info</name>
         <load_address>0xa217</load_address>
         <run_address>0xa217</run_address>
         <size>0x13f</size>
         <input_file_ref idref="fl-dc"/>
      </object_component>
      <object_component id="oc-92">
         <name>.debug_info</name>
         <load_address>0xa356</load_address>
         <run_address>0xa356</run_address>
         <size>0x313</size>
         <input_file_ref idref="fl-dd"/>
      </object_component>
      <object_component id="oc-4a">
         <name>.debug_info</name>
         <load_address>0xa669</load_address>
         <run_address>0xa669</run_address>
         <size>0x1b4</size>
         <input_file_ref idref="fl-dd"/>
      </object_component>
      <object_component id="oc-8d">
         <name>.debug_info</name>
         <load_address>0xa81d</load_address>
         <run_address>0xa81d</run_address>
         <size>0x46</size>
         <input_file_ref idref="fl-dd"/>
      </object_component>
      <object_component id="oc-46">
         <name>.debug_info</name>
         <load_address>0xa863</load_address>
         <run_address>0xa863</run_address>
         <size>0x29d</size>
         <input_file_ref idref="fl-de"/>
      </object_component>
      <object_component id="oc-1a">
         <name>.debug_info</name>
         <load_address>0xab00</load_address>
         <run_address>0xab00</run_address>
         <size>0x1df</size>
         <input_file_ref idref="fl-de"/>
      </object_component>
      <object_component id="oc-41">
         <name>.debug_info</name>
         <load_address>0xacdf</load_address>
         <run_address>0xacdf</run_address>
         <size>0x46</size>
         <input_file_ref idref="fl-de"/>
      </object_component>
      <object_component id="oc-85">
         <name>.debug_info</name>
         <load_address>0xad25</load_address>
         <run_address>0xad25</run_address>
         <size>0x2c</size>
         <input_file_ref idref="fl-de"/>
      </object_component>
      <object_component id="oc-83">
         <name>.debug_info</name>
         <load_address>0xad51</load_address>
         <run_address>0xad51</run_address>
         <size>0x293</size>
         <input_file_ref idref="fl-df"/>
      </object_component>
      <object_component id="oc-13">
         <name>.debug_info</name>
         <load_address>0xafe4</load_address>
         <run_address>0xafe4</run_address>
         <size>0x245</size>
         <input_file_ref idref="fl-df"/>
      </object_component>
      <object_component id="oc-31">
         <name>.debug_info</name>
         <load_address>0xb229</load_address>
         <run_address>0xb229</run_address>
         <size>0x60</size>
         <input_file_ref idref="fl-df"/>
      </object_component>
      <object_component id="oc-c3">
         <name>.debug_info</name>
         <load_address>0xb289</load_address>
         <run_address>0xb289</run_address>
         <size>0x46</size>
         <input_file_ref idref="fl-df"/>
      </object_component>
      <object_component id="oc-7e">
         <name>.debug_info</name>
         <load_address>0xb2cf</load_address>
         <run_address>0xb2cf</run_address>
         <size>0x39</size>
         <input_file_ref idref="fl-df"/>
      </object_component>
      <object_component id="oc-22">
         <name>.debug_info</name>
         <load_address>0xb308</load_address>
         <run_address>0xb308</run_address>
         <size>0x100</size>
         <input_file_ref idref="fl-e0"/>
      </object_component>
      <object_component id="oc-5c">
         <name>.debug_info</name>
         <load_address>0xb408</load_address>
         <run_address>0xb408</run_address>
         <size>0x1a4</size>
         <input_file_ref idref="fl-e0"/>
      </object_component>
      <object_component id="oc-2da">
         <name>.debug_info</name>
         <load_address>0xb5ac</load_address>
         <run_address>0xb5ac</run_address>
         <size>0x27e</size>
         <input_file_ref idref="fl-e1"/>
      </object_component>
      <object_component id="oc-2d7">
         <name>.debug_info</name>
         <load_address>0xb82a</load_address>
         <run_address>0xb82a</run_address>
         <size>0x103</size>
         <input_file_ref idref="fl-e1"/>
      </object_component>
      <object_component id="oc-241">
         <name>.debug_info</name>
         <load_address>0xb92d</load_address>
         <run_address>0xb92d</run_address>
         <size>0x143</size>
         <input_file_ref idref="fl-e1"/>
      </object_component>
      <object_component id="oc-115">
         <name>.debug_info</name>
         <load_address>0xba70</load_address>
         <run_address>0xba70</run_address>
         <size>0x117</size>
         <input_file_ref idref="fl-e2"/>
      </object_component>
      <object_component id="oc-6f">
         <name>.debug_info</name>
         <load_address>0xbb87</load_address>
         <run_address>0xbb87</run_address>
         <size>0x3bb</size>
         <input_file_ref idref="fl-e3"/>
      </object_component>
      <object_component id="oc-25">
         <name>.debug_info</name>
         <load_address>0xbf42</load_address>
         <run_address>0xbf42</run_address>
         <size>0x101</size>
         <input_file_ref idref="fl-e3"/>
      </object_component>
      <object_component id="oc-2cc">
         <name>.debug_info</name>
         <load_address>0xc043</load_address>
         <run_address>0xc043</run_address>
         <size>0x14c</size>
         <input_file_ref idref="fl-e3"/>
      </object_component>
      <object_component id="oc-2ba">
         <name>.debug_info</name>
         <load_address>0xc18f</load_address>
         <run_address>0xc18f</run_address>
         <size>0x139</size>
         <input_file_ref idref="fl-e3"/>
      </object_component>
      <object_component id="oc-2c0">
         <name>.debug_info</name>
         <load_address>0xc2c8</load_address>
         <run_address>0xc2c8</run_address>
         <size>0x174</size>
         <input_file_ref idref="fl-e3"/>
      </object_component>
      <object_component id="oc-2c6">
         <name>.debug_info</name>
         <load_address>0xc43c</load_address>
         <run_address>0xc43c</run_address>
         <size>0x172</size>
         <input_file_ref idref="fl-e3"/>
      </object_component>
      <object_component id="oc-220">
         <name>.debug_info</name>
         <load_address>0xc5ae</load_address>
         <run_address>0xc5ae</run_address>
         <size>0x1db</size>
         <input_file_ref idref="fl-e3"/>
      </object_component>
      <object_component id="oc-226">
         <name>.debug_info</name>
         <load_address>0xc789</load_address>
         <run_address>0xc789</run_address>
         <size>0x1e6</size>
         <input_file_ref idref="fl-e3"/>
      </object_component>
      <object_component id="oc-2a5">
         <name>.debug_info</name>
         <load_address>0xc96f</load_address>
         <run_address>0xc96f</run_address>
         <size>0x27e</size>
         <input_file_ref idref="fl-e3"/>
      </object_component>
      <object_component id="oc-b3">
         <name>.debug_info</name>
         <load_address>0xcbed</load_address>
         <run_address>0xcbed</run_address>
         <size>0x2c</size>
         <input_file_ref idref="fl-e3"/>
      </object_component>
      <object_component id="oc-b8">
         <name>.debug_info</name>
         <load_address>0xcc19</load_address>
         <run_address>0xcc19</run_address>
         <size>0x62</size>
         <input_file_ref idref="fl-e3"/>
      </object_component>
      <object_component id="oc-27c">
         <name>.debug_info</name>
         <load_address>0xcc7b</load_address>
         <run_address>0xcc7b</run_address>
         <size>0x2be</size>
         <input_file_ref idref="fl-e4"/>
      </object_component>
      <object_component id="oc-1d2">
         <name>.debug_info</name>
         <load_address>0xcf39</load_address>
         <run_address>0xcf39</run_address>
         <size>0x113</size>
         <input_file_ref idref="fl-e4"/>
      </object_component>
      <object_component id="oc-275">
         <name>.debug_info</name>
         <load_address>0xd04c</load_address>
         <run_address>0xd04c</run_address>
         <size>0x123</size>
         <input_file_ref idref="fl-e4"/>
      </object_component>
      <object_component id="oc-1b6">
         <name>.debug_info</name>
         <load_address>0xd16f</load_address>
         <run_address>0xd16f</run_address>
         <size>0x284</size>
         <input_file_ref idref="fl-e6"/>
      </object_component>
      <object_component id="oc-10b">
         <name>.debug_info</name>
         <load_address>0xd3f3</load_address>
         <run_address>0xd3f3</run_address>
         <size>0x22a</size>
         <input_file_ref idref="fl-e6"/>
      </object_component>
      <object_component id="oc-298">
         <name>.debug_info</name>
         <load_address>0xd61d</load_address>
         <run_address>0xd61d</run_address>
         <size>0x15d</size>
         <input_file_ref idref="fl-e7"/>
      </object_component>
      <object_component id="oc-20e">
         <name>.debug_info</name>
         <load_address>0xd77a</load_address>
         <run_address>0xd77a</run_address>
         <size>0x10d</size>
         <input_file_ref idref="fl-e8"/>
      </object_component>
      <object_component id="oc-1d8">
         <name>.debug_info</name>
         <load_address>0xd887</load_address>
         <run_address>0xd887</run_address>
         <size>0x547</size>
         <input_file_ref idref="fl-e9"/>
      </object_component>
      <object_component id="oc-122">
         <name>.debug_info</name>
         <load_address>0xddce</load_address>
         <run_address>0xddce</run_address>
         <size>0x19b</size>
         <input_file_ref idref="fl-e9"/>
      </object_component>
      <object_component id="oc-282">
         <name>.debug_info</name>
         <load_address>0xdf69</load_address>
         <run_address>0xdf69</run_address>
         <size>0x39</size>
         <input_file_ref idref="fl-e9"/>
      </object_component>
      <object_component id="oc-309">
         <name>.debug_info</name>
         <load_address>0xdfa2</load_address>
         <run_address>0xdfa2</run_address>
         <size>0x39</size>
         <input_file_ref idref="fl-e9"/>
      </object_component>
      <object_component id="oc-287">
         <name>.debug_info</name>
         <load_address>0xdfdb</load_address>
         <run_address>0xdfdb</run_address>
         <size>0x39</size>
         <input_file_ref idref="fl-e9"/>
      </object_component>
      <object_component id="oc-28c">
         <name>.debug_info</name>
         <load_address>0xe014</load_address>
         <run_address>0xe014</run_address>
         <size>0xcd</size>
         <input_file_ref idref="fl-e9"/>
      </object_component>
      <object_component id="oc-9a">
         <name>.debug_info</name>
         <load_address>0xe0e1</load_address>
         <run_address>0xe0e1</run_address>
         <size>0x148</size>
         <input_file_ref idref="fl-ea"/>
      </object_component>
      <object_component id="oc-36b">
         <name>.debug_info</name>
         <load_address>0xe229</load_address>
         <run_address>0xe229</run_address>
         <size>0xa2</size>
      </object_component>
      <object_component id="oc-153">
         <name>.debug_line</name>
         <load_address>0x0</load_address>
         <run_address>0x0</run_address>
         <size>0x72</size>
         <input_file_ref idref="fl-2"/>
      </object_component>
      <object_component id="oc-109">
         <name>.debug_line</name>
         <load_address>0x72</load_address>
         <run_address>0x72</run_address>
         <size>0x117</size>
         <input_file_ref idref="fl-2"/>
      </object_component>
      <object_component id="oc-77">
         <name>.debug_line</name>
         <load_address>0x189</load_address>
         <run_address>0x189</run_address>
         <size>0x69</size>
         <input_file_ref idref="fl-2"/>
      </object_component>
      <object_component id="oc-39">
         <name>.debug_line</name>
         <load_address>0x1f2</load_address>
         <run_address>0x1f2</run_address>
         <size>0x20</size>
         <input_file_ref idref="fl-2"/>
      </object_component>
      <object_component id="oc-c0">
         <name>.debug_line</name>
         <load_address>0x212</load_address>
         <run_address>0x212</run_address>
         <size>0x6d</size>
         <input_file_ref idref="fl-2"/>
      </object_component>
      <object_component id="oc-1f5">
         <name>.debug_line</name>
         <load_address>0x27f</load_address>
         <run_address>0x27f</run_address>
         <size>0x69</size>
         <input_file_ref idref="fl-2"/>
      </object_component>
      <object_component id="oc-7c">
         <name>.debug_line</name>
         <load_address>0x2e8</load_address>
         <run_address>0x2e8</run_address>
         <size>0x6a</size>
         <input_file_ref idref="fl-2"/>
      </object_component>
      <object_component id="oc-157">
         <name>.debug_line</name>
         <load_address>0x352</load_address>
         <run_address>0x352</run_address>
         <size>0x64</size>
         <input_file_ref idref="fl-2"/>
      </object_component>
      <object_component id="oc-2f6">
         <name>.debug_line</name>
         <load_address>0x3b6</load_address>
         <run_address>0x3b6</run_address>
         <size>0x20</size>
         <input_file_ref idref="fl-3"/>
      </object_component>
      <object_component id="oc-1c6">
         <name>.debug_line</name>
         <load_address>0x3d6</load_address>
         <run_address>0x3d6</run_address>
         <size>0x55</size>
         <input_file_ref idref="fl-3"/>
      </object_component>
      <object_component id="oc-304">
         <name>.debug_line</name>
         <load_address>0x42b</load_address>
         <run_address>0x42b</run_address>
         <size>0x59</size>
         <input_file_ref idref="fl-3"/>
      </object_component>
      <object_component id="oc-2fa">
         <name>.debug_line</name>
         <load_address>0x484</load_address>
         <run_address>0x484</run_address>
         <size>0x59</size>
         <input_file_ref idref="fl-3"/>
      </object_component>
      <object_component id="oc-270">
         <name>.debug_line</name>
         <load_address>0x4dd</load_address>
         <run_address>0x4dd</run_address>
         <size>0x59</size>
         <input_file_ref idref="fl-3"/>
      </object_component>
      <object_component id="oc-2ff">
         <name>.debug_line</name>
         <load_address>0x536</load_address>
         <run_address>0x536</run_address>
         <size>0x65</size>
         <input_file_ref idref="fl-3"/>
      </object_component>
      <object_component id="oc-1bc">
         <name>.debug_line</name>
         <load_address>0x59b</load_address>
         <run_address>0x59b</run_address>
         <size>0x68</size>
         <input_file_ref idref="fl-3"/>
      </object_component>
      <object_component id="oc-1c1">
         <name>.debug_line</name>
         <load_address>0x603</load_address>
         <run_address>0x603</run_address>
         <size>0x55</size>
         <input_file_ref idref="fl-3"/>
      </object_component>
      <object_component id="oc-1b8">
         <name>.debug_line</name>
         <load_address>0x658</load_address>
         <run_address>0x658</run_address>
         <size>0x129</size>
         <input_file_ref idref="fl-6"/>
      </object_component>
      <object_component id="oc-a3">
         <name>.debug_line</name>
         <load_address>0x781</load_address>
         <run_address>0x781</run_address>
         <size>0x8a</size>
         <input_file_ref idref="fl-6"/>
      </object_component>
      <object_component id="oc-1cb">
         <name>.debug_line</name>
         <load_address>0x80b</load_address>
         <run_address>0x80b</run_address>
         <size>0x59</size>
         <input_file_ref idref="fl-6"/>
      </object_component>
      <object_component id="oc-cd">
         <name>.debug_line</name>
         <load_address>0x864</load_address>
         <run_address>0x864</run_address>
         <size>0x65</size>
         <input_file_ref idref="fl-6"/>
      </object_component>
      <object_component id="oc-2d1">
         <name>.debug_line</name>
         <load_address>0x8c9</load_address>
         <run_address>0x8c9</run_address>
         <size>0x65</size>
         <input_file_ref idref="fl-7"/>
      </object_component>
      <object_component id="oc-1a3">
         <name>.debug_line</name>
         <load_address>0x92e</load_address>
         <run_address>0x92e</run_address>
         <size>0x18e</size>
         <input_file_ref idref="fl-7"/>
      </object_component>
      <object_component id="oc-73">
         <name>.debug_line</name>
         <load_address>0xabc</load_address>
         <run_address>0xabc</run_address>
         <size>0x42</size>
         <input_file_ref idref="fl-c"/>
      </object_component>
      <object_component id="oc-2e">
         <name>.debug_line</name>
         <load_address>0xafe</load_address>
         <run_address>0xafe</run_address>
         <size>0x42</size>
         <input_file_ref idref="fl-c"/>
      </object_component>
      <object_component id="oc-2b">
         <name>.debug_line</name>
         <load_address>0xb40</load_address>
         <run_address>0xb40</run_address>
         <size>0xa2</size>
         <input_file_ref idref="fl-c"/>
      </object_component>
      <object_component id="oc-206">
         <name>.debug_line</name>
         <load_address>0xbe2</load_address>
         <run_address>0xbe2</run_address>
         <size>0x5b</size>
         <input_file_ref idref="fl-14"/>
      </object_component>
      <object_component id="oc-204">
         <name>.debug_line</name>
         <load_address>0xc3d</load_address>
         <run_address>0xc3d</run_address>
         <size>0x56</size>
         <input_file_ref idref="fl-14"/>
      </object_component>
      <object_component id="oc-102">
         <name>.debug_line</name>
         <load_address>0xc93</load_address>
         <run_address>0xc93</run_address>
         <size>0x6b</size>
         <input_file_ref idref="fl-14"/>
      </object_component>
      <object_component id="oc-17b">
         <name>.debug_line</name>
         <load_address>0xcfe</load_address>
         <run_address>0xcfe</run_address>
         <size>0x6e</size>
         <input_file_ref idref="fl-14"/>
      </object_component>
      <object_component id="oc-181">
         <name>.debug_line</name>
         <load_address>0xd6c</load_address>
         <run_address>0xd6c</run_address>
         <size>0xaa</size>
         <input_file_ref idref="fl-14"/>
      </object_component>
      <object_component id="oc-e6">
         <name>.debug_line</name>
         <load_address>0xe16</load_address>
         <run_address>0xe16</run_address>
         <size>0x72</size>
         <input_file_ref idref="fl-14"/>
      </object_component>
      <object_component id="oc-f9">
         <name>.debug_line</name>
         <load_address>0xe88</load_address>
         <run_address>0xe88</run_address>
         <size>0x72</size>
         <input_file_ref idref="fl-14"/>
      </object_component>
      <object_component id="oc-e1">
         <name>.debug_line</name>
         <load_address>0xefa</load_address>
         <run_address>0xefa</run_address>
         <size>0x80</size>
         <input_file_ref idref="fl-14"/>
      </object_component>
      <object_component id="oc-195">
         <name>.debug_line</name>
         <load_address>0xf7a</load_address>
         <run_address>0xf7a</run_address>
         <size>0x20</size>
         <input_file_ref idref="fl-14"/>
      </object_component>
      <object_component id="oc-1fe">
         <name>.debug_line</name>
         <load_address>0xf9a</load_address>
         <run_address>0xf9a</run_address>
         <size>0xc8</size>
         <input_file_ref idref="fl-16"/>
      </object_component>
      <object_component id="oc-1f8">
         <name>.debug_line</name>
         <load_address>0x1062</load_address>
         <run_address>0x1062</run_address>
         <size>0x58</size>
         <input_file_ref idref="fl-16"/>
      </object_component>
      <object_component id="oc-1fa">
         <name>.debug_line</name>
         <load_address>0x10ba</load_address>
         <run_address>0x10ba</run_address>
         <size>0x58</size>
         <input_file_ref idref="fl-16"/>
      </object_component>
      <object_component id="oc-294">
         <name>.debug_line</name>
         <load_address>0x1112</load_address>
         <run_address>0x1112</run_address>
         <size>0x58</size>
         <input_file_ref idref="fl-16"/>
      </object_component>
      <object_component id="oc-1fc">
         <name>.debug_line</name>
         <load_address>0x116a</load_address>
         <run_address>0x116a</run_address>
         <size>0x58</size>
         <input_file_ref idref="fl-16"/>
      </object_component>
      <object_component id="oc-da">
         <name>.debug_line</name>
         <load_address>0x11c2</load_address>
         <run_address>0x11c2</run_address>
         <size>0x6d</size>
         <input_file_ref idref="fl-16"/>
      </object_component>
      <object_component id="oc-15d">
         <name>.debug_line</name>
         <load_address>0x122f</load_address>
         <run_address>0x122f</run_address>
         <size>0x77</size>
         <input_file_ref idref="fl-16"/>
      </object_component>
      <object_component id="oc-163">
         <name>.debug_line</name>
         <load_address>0x12a6</load_address>
         <run_address>0x12a6</run_address>
         <size>0x87</size>
         <input_file_ref idref="fl-16"/>
      </object_component>
      <object_component id="oc-d7">
         <name>.debug_line</name>
         <load_address>0x132d</load_address>
         <run_address>0x132d</run_address>
         <size>0x16b</size>
         <input_file_ref idref="fl-16"/>
      </object_component>
      <object_component id="oc-201">
         <name>.debug_line</name>
         <load_address>0x1498</load_address>
         <run_address>0x1498</run_address>
         <size>0x58</size>
         <input_file_ref idref="fl-16"/>
      </object_component>
      <object_component id="oc-20c">
         <name>.debug_line</name>
         <load_address>0x14f0</load_address>
         <run_address>0x14f0</run_address>
         <size>0x5b</size>
         <input_file_ref idref="fl-17"/>
      </object_component>
      <object_component id="oc-18a">
         <name>.debug_line</name>
         <load_address>0x154b</load_address>
         <run_address>0x154b</run_address>
         <size>0x6c</size>
         <input_file_ref idref="fl-17"/>
      </object_component>
      <object_component id="oc-184">
         <name>.debug_line</name>
         <load_address>0x15b7</load_address>
         <run_address>0x15b7</run_address>
         <size>0x6f</size>
         <input_file_ref idref="fl-17"/>
      </object_component>
      <object_component id="oc-ec">
         <name>.debug_line</name>
         <load_address>0x1626</load_address>
         <run_address>0x1626</run_address>
         <size>0x8c</size>
         <input_file_ref idref="fl-17"/>
      </object_component>
      <object_component id="oc-f2">
         <name>.debug_line</name>
         <load_address>0x16b2</load_address>
         <run_address>0x16b2</run_address>
         <size>0x6c</size>
         <input_file_ref idref="fl-17"/>
      </object_component>
      <object_component id="oc-2f4">
         <name>.debug_line</name>
         <load_address>0x171e</load_address>
         <run_address>0x171e</run_address>
         <size>0x93</size>
         <input_file_ref idref="fl-ce"/>
      </object_component>
      <object_component id="oc-2de">
         <name>.debug_line</name>
         <load_address>0x17b1</load_address>
         <run_address>0x17b1</run_address>
         <size>0x2b</size>
         <input_file_ref idref="fl-ce"/>
      </object_component>
      <object_component id="oc-1ae">
         <name>.debug_line</name>
         <load_address>0x17dc</load_address>
         <run_address>0x17dc</run_address>
         <size>0x2ba</size>
         <input_file_ref idref="fl-ce"/>
      </object_component>
      <object_component id="oc-2f1">
         <name>.debug_line</name>
         <load_address>0x1a96</load_address>
         <run_address>0x1a96</run_address>
         <size>0x92</size>
         <input_file_ref idref="fl-ce"/>
      </object_component>
      <object_component id="oc-265">
         <name>.debug_line</name>
         <load_address>0x1b28</load_address>
         <run_address>0x1b28</run_address>
         <size>0x8f</size>
         <input_file_ref idref="fl-ce"/>
      </object_component>
      <object_component id="oc-331">
         <name>.debug_line</name>
         <load_address>0x1bb7</load_address>
         <run_address>0x1bb7</run_address>
         <size>0x89</size>
         <input_file_ref idref="fl-cf"/>
      </object_component>
      <object_component id="oc-23a">
         <name>.debug_line</name>
         <load_address>0x1c40</load_address>
         <run_address>0x1c40</run_address>
         <size>0x12d</size>
         <input_file_ref idref="fl-cf"/>
      </object_component>
      <object_component id="oc-338">
         <name>.debug_line</name>
         <load_address>0x1d6d</load_address>
         <run_address>0x1d6d</run_address>
         <size>0x93</size>
         <input_file_ref idref="fl-d0"/>
      </object_component>
      <object_component id="oc-25c">
         <name>.debug_line</name>
         <load_address>0x1e00</load_address>
         <run_address>0x1e00</run_address>
         <size>0x9c</size>
         <input_file_ref idref="fl-d0"/>
      </object_component>
      <object_component id="oc-33c">
         <name>.debug_line</name>
         <load_address>0x1e9c</load_address>
         <run_address>0x1e9c</run_address>
         <size>0x92</size>
         <input_file_ref idref="fl-d0"/>
      </object_component>
      <object_component id="oc-2ec">
         <name>.debug_line</name>
         <load_address>0x1f2e</load_address>
         <run_address>0x1f2e</run_address>
         <size>0x8f</size>
         <input_file_ref idref="fl-d0"/>
      </object_component>
      <object_component id="oc-320">
         <name>.debug_line</name>
         <load_address>0x1fbd</load_address>
         <run_address>0x1fbd</run_address>
         <size>0xa4</size>
         <input_file_ref idref="fl-d1"/>
      </object_component>
      <object_component id="oc-31e">
         <name>.debug_line</name>
         <load_address>0x2061</load_address>
         <run_address>0x2061</run_address>
         <size>0x2f</size>
         <input_file_ref idref="fl-d1"/>
      </object_component>
      <object_component id="oc-21d">
         <name>.debug_line</name>
         <load_address>0x2090</load_address>
         <run_address>0x2090</run_address>
         <size>0x7b</size>
         <input_file_ref idref="fl-d1"/>
      </object_component>
      <object_component id="oc-2a0">
         <name>.debug_line</name>
         <load_address>0x210b</load_address>
         <run_address>0x210b</run_address>
         <size>0x96</size>
         <input_file_ref idref="fl-d1"/>
      </object_component>
      <object_component id="oc-217">
         <name>.debug_line</name>
         <load_address>0x21a1</load_address>
         <run_address>0x21a1</run_address>
         <size>0x10f</size>
         <input_file_ref idref="fl-d1"/>
      </object_component>
      <object_component id="oc-329">
         <name>.debug_line</name>
         <load_address>0x22b0</load_address>
         <run_address>0x22b0</run_address>
         <size>0x2c</size>
         <input_file_ref idref="fl-d1"/>
      </object_component>
      <object_component id="oc-2b1">
         <name>.debug_line</name>
         <load_address>0x22dc</load_address>
         <run_address>0x22dc</run_address>
         <size>0x8a</size>
         <input_file_ref idref="fl-d1"/>
      </object_component>
      <object_component id="oc-324">
         <name>.debug_line</name>
         <load_address>0x2366</load_address>
         <run_address>0x2366</run_address>
         <size>0x8a</size>
         <input_file_ref idref="fl-d1"/>
      </object_component>
      <object_component id="oc-2b6">
         <name>.debug_line</name>
         <load_address>0x23f0</load_address>
         <run_address>0x23f0</run_address>
         <size>0x2f</size>
         <input_file_ref idref="fl-d1"/>
      </object_component>
      <object_component id="oc-319">
         <name>.debug_line</name>
         <load_address>0x241f</load_address>
         <run_address>0x241f</run_address>
[...]
            <logical_group_ref idref="lg-6"/>
         </contents>
      </load_segment>
      <load_segment id="lg-376" display="no" color="cyan">
         <name>SEGMENT_1</name>
         <run_address>0x20000000</run_address>
         <size>0x138</size>
         <flags>0x6</flags>
         <contents>
            <logical_group_ref idref="lg-d"/>
            <logical_group_ref idref="lg-c"/>
            <logical_group_ref idref="lg-b"/>
            <logical_group_ref idref="lg-a"/>
         </contents>
      </load_segment>
   </logical_group_list>
   <placement_map>
      <memory_area display="yes" color="green">
         <name>FLASH</name>
         <page_id>0x0</page_id>
         <origin>0x0</origin>
         <length>0x100000</length>
         <used_space>0x2a14</used_space>
         <unused_space>0xfd5ec</unused_space>
         <attributes>RX</attributes>
         <usage_details>
            <allocated_space>
               <start_address>0x0</start_address>
               <size>0x208</size>
               <logical_group_ref idref="lg-3"/>
            </allocated_space>
            <allocated_space>
               <start_address>0x208</start_address>
               <size>0x24b4</size>
               <logical_group_ref idref="lg-4"/>
            </allocated_space>
            <available_space>
               <start_address>0x26bc</start_address>
               <size>0x4</size>
            </available_space>
            <allocated_space>
               <start_address>0x26c0</start_address>
               <size>0x318</size>
               <logical_group_ref idref="lg-5"/>
            </allocated_space>
            <allocated_space>
               <start_address>0x29d8</start_address>
               <size>0x40</size>
               <logical_group_ref idref="lg-6"/>
            </allocated_space>
            <available_space>
               <start_address>0x2a18</start_address>
               <size>0xfd5e8</size>
            </available_space>
         </usage_details>
      </memory_area>
      <memory_area display="yes" color="green">
         <name>SRAM</name>
         <page_id>0x0</page_id>
         <origin>0x20000000</origin>
         <length>0x40000</length>
         <used_space>0x138</used_space>
         <unused_space>0x3fec8</unused_space>
         <attributes>RWX</attributes>
         <usage_details>
            <allocated_space>
               <start_address>0x20000000</start_address>
               <size>0x80</size>
               <logical_group_ref idref="lg-d"/>
            </allocated_space>
            <allocated_space>
               <start_address>0x20000080</start_address>
               <size>0x80</size>
               <logical_group_ref idref="lg-c"/>
            </allocated_space>
            <allocated_space>
               <start_address>0x20000100</start_address>
               <size>0x20</size>
               <logical_group_ref idref="lg-b"/>
            </allocated_space>
            <allocated_space>
               <start_address>0x20000120</start_address>
               <size>0x18</size>
               <logical_group_ref idref="lg-a"/>
            </allocated_space>
            <available_space>
               <start_address>0x20000138</start_address>
               <size>0x3fec8</size>
            </available_space>
         </usage_details>
      </memory_area>
   </placement_map>
   <cptbl_list>
      <cptbl>
         <name>__TI_cinit_table</name>
         <cprec>
            <name>.data</name>
            <load_address>0x29d8</load_address>
            <load_size>0x15</load_size>
            <run_address>0x20000120</run_address>
            <run_size>0x18</run_size>
            <compression>lzss</compression>
         </cprec>
         <cprec>
            <name>.bss</name>
            <load_address>0x2a00</load_address>
            <load_size>0x8</load_size>
            <run_address>0x20000100</run_address>
            <run_size>0x20</run_size>
            <compression>zero_init</compression>
         </cprec>
      </cptbl>
   </cptbl_list>
   <handler_table>
      <handler_table_name>__TI_handler_table</handler_table_name>
      <handler>
         <index>0x0</index>
         <name>__TI_decompress_lzss</name>
      </handler>
      <handler>
         <index>0x1</index>
         <name>__TI_decompress_none</name>
      </handler>
      <handler>
         <index>0x2</index>
         <name>__TI_zero_init</name>
      </handler>
   </handler_table>
   <symbol_table>
      <symbol id="sm-1">
         <name>__STACK_TOP</name>
         <value>0x20000200</value>
      </symbol>
      <symbol id="sm-2">
         <name>__TI_CINIT_Base</name>
         <value>0x2a08</value>
      </symbol>
      <symbol id="sm-3">
         <name>__TI_CINIT_Limit</name>
         <value>0x2a18</value>
      </symbol>
      <symbol id="sm-4">
         <name>__TI_Handler_Table_Base</name>
         <value>0x29f0</value>
      </symbol>
      <symbol id="sm-5">
         <name>__TI_Handler_Table_Limit</name>
         <value>0x29fc</value>
      </symbol>
      <symbol id="sm-6">
         <name>binit</name>
         <value>0xffffffff</value>
      </symbol>
      <symbol id="sm-7">
         <name>__binit__</name>
         <value>0xffffffff</value>
      </symbol>
      <symbol id="sm-8">
         <name>__STACK_SIZE</name>
         <value>0x80</value>
      </symbol>
      <symbol id="sm-9">
         <name>__STACK_END</name>
         <value>0x20000080</value>
      </symbol>
      <symbol id="sm-a">
         <name>__SYSMEM_SIZE</name>
         <value>0x80</value>
      </symbol>
      <symbol id="sm-b">
         <name>__c_args__</name>
         <value>0xffffffff</value>
      </symbol>
      <symbol id="sm-c">
         <name>__TI_pprof_out_hndl</name>
         <value>0xffffffff</value>
      </symbol>
      <symbol id="sm-d">
         <name>__TI_prof_data_start</name>
         <value>0xffffffff</value>
      </symbol>
      <symbol id="sm-e">
         <name>__TI_prof_data_size</name>
         <value>0xffffffff</value>
      </symbol>
      <symbol id="sm-69">
         <name>little_to_big32</name>
         <value>0xbc9</value>
         <object_component_ref idref="oc-104"/>
      </symbol>
      <symbol id="sm-6a">
         <name>my_atoi</name>
         <value>0xd9b</value>
         <object_component_ref idref="oc-104"/>
      </symbol>
      <symbol id="sm-6b">
         <name>big_to_little32</name>
         <value>0xc77</value>
         <object_component_ref idref="oc-104"/>
      </symbol>
      <symbol id="sm-6c">
         <name>my_itoa</name>
         <value>0xd25</value>
         <object_component_ref idref="oc-104"/>
      </symbol>
      <symbol id="sm-be">
         <name>SysClkFreq</name>
         <value>0x2000011c</value>
      </symbol>
      <symbol id="sm-bf">
         <name>my_UARTprintString</name>
         <value>0x1511</value>
         <object_component_ref idref="oc-9f"/>
      </symbol>
      <symbol id="sm-c0">
         <name>main</name>
         <value>0x1441</value>
         <object_component_ref idref="oc-9f"/>
      </symbol>
      <symbol id="sm-eb">
         <name>my_memcpy</name>
         <value>0xf79</value>
         <object_component_ref idref="oc-19e"/>
      </symbol>
      <symbol id="sm-ec">
         <name>my_memmove</name>
         <value>0xedd</value>
         <object_component_ref idref="oc-19e"/>
      </symbol>
      <symbol id="sm-ed">
         <name>free_words</name>
         <value>0x107b</value>
         <object_component_ref idref="oc-19e"/>
      </symbol>
      <symbol id="sm-ee">
         <name>my_memzero</name>
         <value>0xe9d</value>
         <object_component_ref idref="oc-19e"/>
      </symbol>
      <symbol id="sm-ef">
         <name>my_memset</name>
         <value>0xe57</value>
         <object_component_ref idref="oc-19e"/>
      </symbol>
      <symbol id="sm-f0">
         <name>reserve_words</name>
         <value>0x1061</value>
         <object_component_ref idref="oc-19e"/>
      </symbol>
      <symbol id="sm-f1">
         <name>my_reverse</name>
         <value>0xfbb</value>
         <object_component_ref idref="oc-19e"/>
      </symbol>
      <symbol id="sm-111">
         <name>ResetISR</name>
         <value>0x2687</value>
         <object_component_ref idref="oc-27"/>
      </symbol>
      <symbol id="sm-112">
         <name>g_pfnVectors</name>
         <value>0x0</value>
         <object_component_ref idref="oc-f"/>
      </symbol>
      <symbol id="sm-15c">
         <name>GPIOPinConfigure</name>
         <value>0x2291</value>
         <object_component_ref idref="oc-df"/>
      </symbol>
      <symbol id="sm-15d">
         <name>GPIOPinTypeUART</name>
         <value>0x2615</value>
         <object_component_ref idref="oc-e5"/>
      </symbol>
      <symbol id="sm-15e">
         <name>GPIOPinTypeGPIOOutput</name>
         <value>0x25fd</value>
         <object_component_ref idref="oc-f7"/>
      </symbol>
      <symbol id="sm-15f">
         <name>GPIODirModeSet</name>
         <value>0x2547</value>
         <object_component_ref idref="oc-176"/>
      </symbol>
      <symbol id="sm-160">
         <name>GPIOPinWrite</name>
         <value>0x26a5</value>
         <object_component_ref idref="oc-fd"/>
      </symbol>
      <symbol id="sm-161">
         <name>GPIOPadConfigSet</name>
         <value>0x1971</value>
         <object_component_ref idref="oc-17c"/>
      </symbol>
      <symbol id="sm-1d2">
         <name>SysCtlDelay</name>
         <value>0x26ab</value>
         <object_component_ref idref="oc-103"/>
      </symbol>
      <symbol id="sm-1d3">
         <name>SysCtlPeripheralEnable</name>
         <value>0x24e5</value>
         <object_component_ref idref="oc-d9"/>
      </symbol>
      <symbol id="sm-1d4">
         <name>SysCtlClockFreqSet</name>
         <value>0x1089</value>
         <object_component_ref idref="oc-d3"/>
      </symbol>
      <symbol id="sm-1fe">
         <name>UARTConfigSetExpClk</name>
         <value>0x236d</value>
         <object_component_ref idref="oc-eb"/>
      </symbol>
      <symbol id="sm-1ff">
         <name>UARTDisable</name>
         <value>0x259d</value>
         <object_component_ref idref="oc-183"/>
      </symbol>
      <symbol id="sm-200">
         <name>UARTCharPut</name>
         <value>0x2693</value>
         <object_component_ref idref="oc-f1"/>
      </symbol>
      <symbol id="sm-201">
         <name>UARTEnable</name>
         <value>0x262b</value>
         <object_component_ref idref="oc-189"/>
      </symbol>
      <symbol id="sm-297">
         <name>pow</name>
         <value>0x209</value>
         <object_component_ref idref="oc-1a9"/>
      </symbol>
      <symbol id="sm-298">
         <name>powl</name>
         <value>0x209</value>
         <object_component_ref idref="oc-1a9"/>
      </symbol>
      <symbol id="sm-2ba">
         <name>sqrtl</name>
         <value>0x15ad</value>
         <object_component_ref idref="oc-238"/>
      </symbol>
      <symbol id="sm-2bb">
         <name>sqrt</name>
         <value>0x15ad</value>
         <object_component_ref idref="oc-238"/>
      </symbol>
      <symbol id="sm-2e2">
         <name>scalbn</name>
         <value>0x1bb9</value>
         <object_component_ref idref="oc-25b"/>
      </symbol>
      <symbol id="sm-2e3">
         <name>scalbnl</name>
         <value>0x1bb9</value>
         <object_component_ref idref="oc-25b"/>
      </symbol>
      <symbol id="sm-2e4">
         <name>ldexpl</name>
         <value>0x1bb9</value>
         <object_component_ref idref="oc-25b"/>
      </symbol>
      <symbol id="sm-2e5">
         <name>ldexp</name>
         <value>0x1bb9</value>
         <object_component_ref idref="oc-25b"/>
      </symbol>
      <symbol id="sm-349">
         <name>__vla_dealloc</name>
         <value>0x2139</value>
         <object_component_ref idref="oc-219"/>
      </symbol>
      <symbol id="sm-34a">
         <name>__vla_alloc</name>
         <value>0x183d</value>
         <object_component_ref idref="oc-213"/>
      </symbol>
      <symbol id="sm-354">
         <name>copysign</name>
         <value>0x263f</value>
         <object_component_ref idref="oc-2e1"/>
      </symbol>
      <symbol id="sm-355">
         <name>copysignl</name>
         <value>0x263f</value>
         <object_component_ref idref="oc-2e1"/>
      </symbol>
      <symbol id="sm-364">
         <name>__aeabi_uidivmod</name>
         <value>0x23f9</value>
         <object_component_ref idref="oc-199"/>
      </symbol>
      <symbol id="sm-365">
         <name>__aeabi_uidiv</name>
         <value>0x23f9</value>
         <object_component_ref idref="oc-199"/>
      </symbol>
      <symbol id="sm-37c">
         <name>__aeabi_dsub</name>
         <value>0x1289</value>
         <object_component_ref idref="oc-22e"/>
      </symbol>
      <symbol id="sm-37d">
         <name>__aeabi_dadd</name>
         <value>0x1293</value>
         <object_component_ref idref="oc-22e"/>
      </symbol>
      <symbol id="sm-39f">
         <name>__aeabi_cdcmpeq</name>
         <value>0x1f39</value>
         <object_component_ref idref="oc-251"/>
      </symbol>
      <symbol id="sm-3a0">
         <name>__aeabi_cdcmple</name>
         <value>0x1f39</value>
         <object_component_ref idref="oc-251"/>
      </symbol>
      <symbol id="sm-3a1">
         <name>__aeabi_cdrcmple</name>
         <value>0x1fbf</value>
         <object_component_ref idref="oc-256"/>
      </symbol>
      <symbol id="sm-3b5">
         <name>__aeabi_ddiv</name>
         <value>0x1705</value>
         <object_component_ref idref="oc-233"/>
      </symbol>
      <symbol id="sm-3c0">
         <name>__aeabi_dmul</name>
         <value>0x1cc9</value>
         <object_component_ref idref="oc-244"/>
      </symbol>
      <symbol id="sm-3ca">
         <name>__aeabi_d2iz</name>
         <value>0x2325</value>
         <object_component_ref idref="oc-1af"/>
      </symbol>
      <symbol id="sm-3d4">
         <name>__aeabi_i2d</name>
         <value>0x2519</value>
         <object_component_ref idref="oc-249"/>
      </symbol>
      <symbol id="sm-3ef">
         <name>memcpy</name>
         <value>0x1e9d</value>
         <object_component_ref idref="oc-3b"/>
      </symbol>
      <symbol id="sm-3f0">
         <name>__aeabi_memcpy</name>
         <value>0x1e9d</value>
         <object_component_ref idref="oc-3b"/>
      </symbol>
      <symbol id="sm-3f1">
         <name>__aeabi_memcpy8</name>
         <value>0x1e9d</value>
         <object_component_ref idref="oc-3b"/>
      </symbol>
      <symbol id="sm-3f2">
         <name>__aeabi_memcpy4</name>
         <value>0x1e9d</value>
         <object_component_ref idref="oc-3b"/>
      </symbol>
      <symbol id="sm-3fc">
         <name>__aeabi_ui2d</name>
         <value>0x25dd</value>
         <object_component_ref idref="oc-1a4"/>
      </symbol>
      <symbol id="sm-40b">
         <name>__aeabi_memset</name>
         <value>0x2047</value>
         <object_component_ref idref="oc-93"/>
      </symbol>
      <symbol id="sm-40c">
         <name>memset</name>
         <value>0x204d</value>
         <object_component_ref idref="oc-93"/>
      </symbol>
      <symbol id="sm-40d">
         <name>__aeabi_memset8</name>
         <value>0x2047</value>
         <object_component_ref idref="oc-93"/>
      </symbol>
      <symbol id="sm-40e">
         <name>__aeabi_memset4</name>
         <value>0x2047</value>
         <object_component_ref idref="oc-93"/>
      </symbol>
      <symbol id="sm-40f">
         <name>__aeabi_memclr8</name>
         <value>0x2045</value>
         <object_component_ref idref="oc-93"/>
      </symbol>
      <symbol id="sm-410">
         <name>__aeabi_memclr4</name>
         <value>0x2045</value>
         <object_component_ref idref="oc-93"/>
      </symbol>
      <symbol id="sm-411">
         <name>__aeabi_memclr</name>
         <value>0x2045</value>
         <object_component_ref idref="oc-93"/>
      </symbol>
      <symbol id="sm-425">
         <name>__TI_zero_init_nomemset</name>
         <value>0x2667</value>
         <object_component_ref idref="oc-47"/>
      </symbol>
      <symbol id="sm-43c">
         <name>__TI_decompress_none</name>
         <value>0x2679</value>
         <object_component_ref idref="oc-18"/>
      </symbol>
      <symbol id="sm-45f">
         <name>__TI_decompress_lzss</name>
         <value>0x2229</value>
         <object_component_ref idref="oc-12"/>
      </symbol>
      <symbol id="sm-472">
         <name>__stack</name>
         <value>0x20000000</value>
         <object_component_ref idref="oc-21"/>
      </symbol>
      <symbol id="sm-473">
         <name>_c_int00_noargs</name>
         <value>0x2475</value>
         <object_component_ref idref="oc-59"/>
      </symbol>
      <symbol id="sm-489">
         <name>__aeabi_errno_addr</name>
         <value>0x269d</value>
         <object_component_ref idref="oc-23e"/>
      </symbol>
      <symbol id="sm-48a">
         <name>errno</name>
         <value>0x20000134</value>
         <object_component_ref idref="oc-2d6"/>
      </symbol>
      <symbol id="sm-495">
         <name>C$$EXIT</name>
         <value>0x26b9</value>
         <object_component_ref idref="oc-114"/>
      </symbol>
      <symbol id="sm-496">
         <name>abort</name>
         <value>0x26b9</value>
         <object_component_ref idref="oc-114"/>
      </symbol>
      <symbol id="sm-52c">
         <name>_sys_memory</name>
         <value>0x20000080</value>
         <object_component_ref idref="oc-24"/>
      </symbol>
      <symbol id="sm-52d">
         <name>free</name>
         <value>0x1dc5</value>
         <object_component_ref idref="oc-225"/>
      </symbol>
      <symbol id="sm-52e">
         <name>realloc</name>
         <value>0x1aa5</value>
         <object_component_ref idref="oc-2a2"/>
      </symbol>
      <symbol id="sm-52f">
         <name>malloc</name>
         <value>0x21b1</value>
         <object_component_ref idref="oc-21f"/>
      </symbol>
      <symbol id="sm-530">
         <name>minit</name>
         <value>0x24ad</value>
         <object_component_ref idref="oc-2b9"/>
      </symbol>
      <symbol id="sm-545">
         <name>_nop</name>
         <value>0x1087</value>
         <object_component_ref idref="oc-274"/>
      </symbol>
      <symbol id="sm-546">
         <name>_lock</name>
         <value>0x2000012c</value>
         <object_component_ref idref="oc-1d1"/>
      </symbol>
      <symbol id="sm-547">
         <name>_unlock</name>
         <value>0x20000130</value>
         <object_component_ref idref="oc-1d1"/>
      </symbol>
      <symbol id="sm-556">
         <name>strlen</name>
         <value>0x2653</value>
         <object_component_ref idref="oc-10a"/>
      </symbol>
      <symbol id="sm-560">
         <name>__abort_execution</name>
         <value>0x26b1</value>
         <object_component_ref idref="oc-296"/>
      </symbol>
      <symbol id="sm-56a">
         <name>__aeabi_idiv0</name>
         <value>0x143f</value>
         <object_component_ref idref="oc-20d"/>
      </symbol>
      <symbol id="sm-56b">
         <name>__aeabi_ldiv0</name>
         <value>0x143f</value>
         <object_component_ref idref="oc-20d"/>
      </symbol>
      <symbol id="sm-593">
         <name>__TI_auto_init_nobinit_nopinit</name>
         <value>0x23b5</value>
         <object_component_ref idref="oc-120"/>
      </symbol>
      <symbol id="sm-59d">
         <name>_system_pre_init</name>
         <value>0x26b5</value>
         <object_component_ref idref="oc-99"/>
      </symbol>
      <symbol id="sm-59f">
         <name>__TI_static_base__</name>
         <value>0x0</value>
      </symbol>
      <symbol id="sm-5a2">
         <name>__mpu_init</name>
         <value>0x0</value>
      </symbol>
      <symbol id="sm-5a3">
         <name>_system_post_cinit</name>
         <value>0x0</value>
      </symbol>
   </symbol_table>
   <title>Link successful</title>
</link_info>
